Component: ARM Compiler 5.06 update 2 (build 183) Tool: armlink [4d35b7]

==============================================================================

Section Cross References

    startup_stm32f103xb.o(RESET) refers to startup_stm32f103xb.o(STACK) for __initial_sp
    startup_stm32f103xb.o(RESET) refers to startup_stm32f103xb.o(.text) for Reset_Handler
    startup_stm32f103xb.o(RESET) refers to stm32f1xx_it.o(i.NMI_Handler) for NMI_Handler
    startup_stm32f103xb.o(RESET) refers to stm32f1xx_it.o(i.HardFault_Handler) for HardFault_Handler
    startup_stm32f103xb.o(RESET) refers to stm32f1xx_it.o(i.MemManage_Handler) for MemManage_Handler
    startup_stm32f103xb.o(RESET) refers to stm32f1xx_it.o(i.BusFault_Handler) for BusFault_Handler
    startup_stm32f103xb.o(RESET) refers to stm32f1xx_it.o(i.UsageFault_Handler) for UsageFault_Handler
    startup_stm32f103xb.o(RESET) refers to port_1.o(.emb_text) for SVC_Handler
    startup_stm32f103xb.o(RESET) refers to stm32f1xx_it.o(i.DebugMon_Handler) for DebugMon_Handler
    startup_stm32f103xb.o(RESET) refers to port_1.o(i.SysTick_Handler) for SysTick_Handler
    startup_stm32f103xb.o(RESET) refers to stm32f1xx_it.o(i.DMA1_Channel1_IRQHandler) for DMA1_Channel1_IRQHandler
    startup_stm32f103xb.o(RESET) refers to stm32f1xx_it.o(i.DMA1_Channel4_IRQHandler) for DMA1_Channel4_IRQHandler
    startup_stm32f103xb.o(RESET) refers to stm32f1xx_it.o(i.DMA1_Channel5_IRQHandler) for DMA1_Channel5_IRQHandler
    startup_stm32f103xb.o(RESET) refers to stm32f1xx_it.o(i.DMA1_Channel6_IRQHandler) for DMA1_Channel6_IRQHandler
    startup_stm32f103xb.o(RESET) refers to stm32f1xx_it.o(i.DMA1_Channel7_IRQHandler) for DMA1_Channel7_IRQHandler
    startup_stm32f103xb.o(RESET) refers to stm32f1xx_it.o(i.TIM1_UP_IRQHandler) for TIM1_UP_IRQHandler
    startup_stm32f103xb.o(RESET) refers to stm32f1xx_it.o(i.USART1_IRQHandler) for USART1_IRQHandler
    startup_stm32f103xb.o(.text) refers to system_stm32f1xx.o(i.SystemInit) for SystemInit
    startup_stm32f103xb.o(.text) refers to entry.o(.ARM.Collect$$$$00000000) for __main
    freertos_user.o(i.RTOS) refers to queue_1.o(i.xQueueGenericCreate) for xQueueGenericCreate
    freertos_user.o(i.RTOS) refers to tasks_1.o(i.xTaskCreate) for xTaskCreate
    freertos_user.o(i.RTOS) refers to stm32f1xx_hal_tim.o(i.HAL_TIM_Base_Start) for HAL_TIM_Base_Start
    freertos_user.o(i.RTOS) refers to tasks_1.o(i.vTaskStartScheduler) for vTaskStartScheduler
    freertos_user.o(i.RTOS) refers to debug.o(.data) for xDebugQueue
    freertos_user.o(i.RTOS) refers to freertos_user.o(.data) for .data
    freertos_user.o(i.RTOS) refers to freertos_user.o(i.togglePin) for togglePin
    freertos_user.o(i.RTOS) refers to dht11.o(i.DHT11_Task) for DHT11_Task
    freertos_user.o(i.RTOS) refers to main.o(.bss) for htim2
    freertos_user.o(i.togglePin) refers to stm32f1xx_hal_gpio.o(i.HAL_GPIO_TogglePin) for HAL_GPIO_TogglePin
    freertos_user.o(i.togglePin) refers to tasks_1.o(i.vTaskDelay) for vTaskDelay
    debug.o(i.Debug_Print) refers to strlen.o(.text) for strlen
    debug.o(i.Debug_Print) refers to stm32f1xx_hal_uart.o(i.HAL_UART_Transmit) for HAL_UART_Transmit
    debug.o(i.Debug_Print) refers to main.o(.bss) for huart1
    debug.o(i.prvDebug_Task) refers to queue_1.o(i.xQueueReceive) for xQueueReceive
    debug.o(i.prvDebug_Task) refers to debug.o(i.Debug_Print) for Debug_Print
    debug.o(i.prvDebug_Task) refers to debug.o(.data) for .data
    main.o(i.Clock_48MHz) refers to stm32f1xx_hal_rcc.o(i.HAL_RCC_OscConfig) for HAL_RCC_OscConfig
    main.o(i.Clock_48MHz) refers to stm32f1xx_hal_rcc.o(i.HAL_RCC_ClockConfig) for HAL_RCC_ClockConfig
    main.o(i.Clock_48MHz) refers to stm32f1xx_hal_cortex.o(i.HAL_SYSTICK_CLKSourceConfig) for HAL_SYSTICK_CLKSourceConfig
    main.o(i.HAL_TIM_PeriodElapsedCallback) refers to stm32f1xx_hal.o(i.HAL_IncTick) for HAL_IncTick
    main.o(i.HAL_UART_RxCpltCallback) refers to stm32f1xx_hal_uart.o(i.HAL_UART_Transmit) for HAL_UART_Transmit
    main.o(i.HAL_UART_RxCpltCallback) refers to stm32f1xx_hal_uart.o(i.HAL_UART_Receive_IT) for HAL_UART_Receive_IT
    main.o(i.HAL_UART_RxCpltCallback) refers to main.o(.data) for .data
    main.o(i.HAL_UART_RxCpltCallback) refers to main.o(.bss) for .bss
    main.o(i.MX_ADC1_Init) refers to stm32f1xx_hal_adc.o(i.HAL_ADC_Init) for HAL_ADC_Init
    main.o(i.MX_ADC1_Init) refers to stm32f1xx_hal_adc.o(i.HAL_ADC_ConfigChannel) for HAL_ADC_ConfigChannel
    main.o(i.MX_ADC1_Init) refers to main.o(.bss) for .bss
    main.o(i.MX_DMA_Init) refers to stm32f1xx_hal_dma.o(i.HAL_DMA_Init) for HAL_DMA_Init
    main.o(i.MX_DMA_Init) refers to stm32f1xx_hal_cortex.o(i.HAL_NVIC_SetPriority) for HAL_NVIC_SetPriority
    main.o(i.MX_DMA_Init) refers to stm32f1xx_hal_cortex.o(i.HAL_NVIC_EnableIRQ) for HAL_NVIC_EnableIRQ
    main.o(i.MX_DMA_Init) refers to main.o(.bss) for .bss
    main.o(i.MX_GPIO_Init) refers to stm32f1xx_hal_gpio.o(i.HAL_GPIO_WritePin) for HAL_GPIO_WritePin
[...]
    .emb_text                                0x08000100   Section      150  port_1.o(.emb_text)
    .text                                    0x08000198   Section       36  startup_stm32f103xb.o(.text)
    .text                                    0x080001bc   Section        0  llushr.o(.text)
    .text                                    0x080001dc   Section        0  memcpya.o(.text)
    .text                                    0x08000200   Section        0  memseta.o(.text)
    .text                                    0x08000224   Section        0  strlen.o(.text)
    .text                                    0x08000232   Section        0  dadd.o(.text)
    .text                                    0x08000380   Section        0  dmul.o(.text)
    .text                                    0x08000464   Section        0  dfltui.o(.text)
    .text                                    0x0800047e   Section        0  f2d.o(.text)
    .text                                    0x080004a4   Section        0  d2f.o(.text)
    .text                                    0x080004dc   Section        0  uidiv.o(.text)
    .text                                    0x08000508   Section        0  uldiv.o(.text)
    .text                                    0x0800056a   Section        0  llshl.o(.text)
    .text                                    0x08000588   Section        0  llsshr.o(.text)
    .text                                    0x080005ac   Section        0  fepilogue.o(.text)
    .text                                    0x080005ac   Section        0  iusefp.o(.text)
    .text                                    0x0800061a   Section        0  depilogue.o(.text)
    .text                                    0x080006d4   Section        0  ddiv.o(.text)
    .text                                    0x080007b2   Section        0  dfixul.o(.text)
    .text                                    0x080007e4   Section       48  cdrcmple.o(.text)
    .text                                    0x08000814   Section       36  init.o(.text)
    i.ADC_ConversionStop_Disable             0x08000838   Section        0  stm32f1xx_hal_adc.o(i.ADC_ConversionStop_Disable)
    i.BusFault_Handler                       0x08000884   Section        0  stm32f1xx_it.o(i.BusFault_Handler)
    i.DHT11_Check_Response                   0x08000888   Section        0  dht11.o(i.DHT11_Check_Response)
    i.DHT11_Get_Data                         0x080008c4   Section        0  dht11.o(i.DHT11_Get_Data)
    i.DHT11_Read                             0x08000984   Section        0  dht11.o(i.DHT11_Read)
    i.DHT11_Start                            0x080009e0   Section        0  dht11.o(i.DHT11_Start)
    i.DHT11_Task                             0x08000a20   Section        0  dht11.o(i.DHT11_Task)
    i.DHT_Delay                              0x08000b08   Section        0  dht11.o(i.DHT_Delay)
    i.DMA1_Channel1_IRQHandler               0x08000b20   Section        0  stm32f1xx_it.o(i.DMA1_Channel1_IRQHandler)
    i.DMA1_Channel4_IRQHandler               0x08000b2c   Section        0  stm32f1xx_it.o(i.DMA1_Channel4_IRQHandler)
    i.DMA1_Channel5_IRQHandler               0x08000b38   Section        0  stm32f1xx_it.o(i.DMA1_Channel5_IRQHandler)
    i.DMA1_Channel6_IRQHandler               0x08000b44   Section        0  stm32f1xx_it.o(i.DMA1_Channel6_IRQHandler)
    i.DMA1_Channel7_IRQHandler               0x08000b50   Section        0  stm32f1xx_it.o(i.DMA1_Channel7_IRQHandler)
    i.DebugMon_Handler                       0x08000b5c   Section        0  stm32f1xx_it.o(i.DebugMon_Handler)
    i.Debug_Print                            0x08000b60   Section        0  debug.o(i.Debug_Print)
    i.Error_Handler                          0x08000b80   Section        0  main.o(i.Error_Handler)
    i.HAL_ADC_ConfigChannel                  0x08000b84   Section        0  stm32f1xx_hal_adc.o(i.HAL_ADC_ConfigChannel)
    i.HAL_ADC_Init                           0x08000c80   Section        0  stm32f1xx_hal_adc.o(i.HAL_ADC_Init)
    i.HAL_ADC_MspInit                        0x08000d9c   Section        0  stm32f1xx_hal_msp.o(i.HAL_ADC_MspInit)
    i.HAL_DMA_Abort_IT                       0x08000e28   Section        0  stm32f1xx_hal_dma.o(i.HAL_DMA_Abort_IT)
    i.HAL_DMA_IRQHandler                     0x08000ec0   Section        0  stm32f1xx_hal_dma.o(i.HAL_DMA_IRQHandler)
    i.HAL_DMA_Init                           0x08001014   Section        0  stm32f1xx_hal_dma.o(i.HAL_DMA_Init)
    i.HAL_GPIO_Init                          0x08001070   Section        0  stm32f1xx_hal_gpio.o(i.HAL_GPIO_Init)
    i.HAL_GPIO_ReadPin                       0x08001250   Section        0  stm32f1xx_hal_gpio.o(i.HAL_GPIO_ReadPin)
    i.HAL_GPIO_TogglePin                     0x0800125a   Section        0  stm32f1xx_hal_gpio.o(i.HAL_GPIO_TogglePin)
    i.HAL_GPIO_WritePin                      0x0800126a   Section        0  stm32f1xx_hal_gpio.o(i.HAL_GPIO_WritePin)
    i.HAL_GetTick                            0x08001274   Section        0  stm32f1xx_hal.o(i.HAL_GetTick)
    i.HAL_I2C_Init                           0x08001280   Section        0  stm32f1xx_hal_i2c.o(i.HAL_I2C_Init)
    i.HAL_I2C_MspInit                        0x08001408   Section        0  stm32f1xx_hal_msp.o(i.HAL_I2C_MspInit)
    i.HAL_IncTick                            0x080014cc   Section        0  stm32f1xx_hal.o(i.HAL_IncTick)
    i.HAL_Init                               0x080014dc   Section        0  stm32f1xx_hal.o(i.HAL_Init)
    i.HAL_InitTick                           0x08001500   Section        0  stm32f1xx_hal_timebase_tim.o(i.HAL_InitTick)
    i.HAL_MspInit                            0x08001574   Section        0  stm32f1xx_hal_msp.o(i.HAL_MspInit)
    i.HAL_NVIC_EnableIRQ                     0x080015bc   Section        0  stm32f1xx_hal_cortex.o(i.HAL_NVIC_EnableIRQ)
    i.HAL_NVIC_SetPriority                   0x080015d8   Section        0  stm32f1xx_hal_cortex.o(i.HAL_NVIC_SetPriority)
    i.HAL_NVIC_SetPriorityGrouping           0x08001618   Section        0  stm32f1xx_hal_cortex.o(i.HAL_NVIC_SetPriorityGrouping)
    i.HAL_RCCEx_PeriphCLKConfig              0x0800163c   Section        0  stm32f1xx_hal_rcc_ex.o(i.HAL_RCCEx_PeriphCLKConfig)
    i.HAL_RCC_ClockConfig                    0x08001728   Section        0  stm32f1xx_hal_rcc.o(i.HAL_RCC_ClockConfig)
    i.HAL_RCC_GetClockConfig                 0x08001854   Section        0  stm32f1xx_hal_rcc.o(i.HAL_RCC_GetClockConfig)
    i.HAL_RCC_GetPCLK1Freq                   0x08001894   Section        0  stm32f1xx_hal_rcc.o(i.HAL_RCC_GetPCLK1Freq)
    i.HAL_RCC_GetPCLK2Freq                   0x080018b4   Section        0  stm32f1xx_hal_rcc.o(i.HAL_RCC_GetPCLK2Freq)
    i.HAL_RCC_GetSysClockFreq                0x080018d4   Section        0  stm32f1xx_hal_rcc.o(i.HAL_RCC_GetSysClockFreq)
    i.HAL_RCC_OscConfig                      0x08001940   Section        0  stm32f1xx_hal_rcc.o(i.HAL_RCC_OscConfig)
    i.HAL_SPI_Init                           0x08001c60   Section        0  stm32f1xx_hal_spi.o(i.HAL_SPI_Init)
    i.HAL_SPI_MspInit                        0x08001d14   Section        0  stm32f1xx_hal_msp.o(i.HAL_SPI_MspInit)
    i.HAL_TIMEx_BreakCallback                0x08001dec   Section        0  stm32f1xx_hal_tim_ex.o(i.HAL_TIMEx_BreakCallback)
    i.HAL_TIMEx_CommutCallback               0x08001dee   Section        0  stm32f1xx_hal_tim_ex.o(i.HAL_TIMEx_CommutCallback)
    i.HAL_TIMEx_MasterConfigSynchronization  0x08001df0   Section        0  stm32f1xx_hal_tim_ex.o(i.HAL_TIMEx_MasterConfigSynchronization)
    i.HAL_TIM_Base_Init                      0x08001e58   Section        0  stm32f1xx_hal_tim.o(i.HAL_TIM_Base_Init)
    i.HAL_TIM_Base_MspInit                   0x08001eb4   Section        0  stm32f1xx_hal_msp.o(i.HAL_TIM_Base_MspInit)
    i.HAL_TIM_Base_Start                     0x08001ed8   Section        0  stm32f1xx_hal_tim.o(i.HAL_TIM_Base_Start)
    i.HAL_TIM_Base_Start_IT                  0x08001f28   Section        0  stm32f1xx_hal_tim.o(i.HAL_TIM_Base_Start_IT)
    i.HAL_TIM_ConfigClockSource              0x08001f80   Section        0  stm32f1xx_hal_tim.o(i.HAL_TIM_ConfigClockSource)
    i.HAL_TIM_IC_CaptureCallback             0x08002056   Section        0  stm32f1xx_hal_tim.o(i.HAL_TIM_IC_CaptureCallback)
    i.HAL_TIM_IRQHandler                     0x08002058   Section        0  stm32f1xx_hal_tim.o(i.HAL_TIM_IRQHandler)
    i.HAL_TIM_OC_DelayElapsedCallback        0x080021be   Section        0  stm32f1xx_hal_tim.o(i.HAL_TIM_OC_DelayElapsedCallback)
    i.HAL_TIM_PWM_PulseFinishedCallback      0x080021c0   Section        0  stm32f1xx_hal_tim.o(i.HAL_TIM_PWM_PulseFinishedCallback)
    i.HAL_TIM_PeriodElapsedCallback          0x080021c4   Section        0  main.o(i.HAL_TIM_PeriodElapsedCallback)
    i.HAL_TIM_TriggerCallback                0x080021d8   Section        0  stm32f1xx_hal_tim.o(i.HAL_TIM_TriggerCallback)
    i.HAL_UART_ErrorCallback                 0x080021da   Section        0  stm32f1xx_hal_uart.o(i.HAL_UART_ErrorCallback)
    i.HAL_UART_IRQHandler                    0x080021dc   Section        0  stm32f1xx_hal_uart.o(i.HAL_UART_IRQHandler)
    i.HAL_UART_Init                          0x08002338   Section        0  stm32f1xx_hal_uart.o(i.HAL_UART_Init)
    i.HAL_UART_MspInit                       0x0800239c   Section        0  stm32f1xx_hal_msp.o(i.HAL_UART_MspInit)
    i.HAL_UART_Receive_IT                    0x0800241c   Section        0  stm32f1xx_hal_uart.o(i.HAL_UART_Receive_IT)
    i.HAL_UART_RxCpltCallback                0x08002470   Section        0  main.o(i.HAL_UART_RxCpltCallback)
    i.HAL_UART_Transmit                      0x080024a4   Section        0  stm32f1xx_hal_uart.o(i.HAL_UART_Transmit)
    i.HAL_UART_TxCpltCallback                0x08002556   Section        0  stm32f1xx_hal_uart.o(i.HAL_UART_TxCpltCallback)
    i.HardFault_Handler                      0x08002558   Section        0  stm32f1xx_it.o(i.HardFault_Handler)
    i.MX_ADC1_Init                           0x0800255c   Section        0  main.o(i.MX_ADC1_Init)
    MX_ADC1_Init                             0x0800255d   Thumb Code    68  main.o(i.MX_ADC1_Init)
    i.MX_DMA_Init                            0x080025a8   Section        0  main.o(i.MX_DMA_Init)
    MX_DMA_Init                              0x080025a9   Thumb Code   144  main.o(i.MX_DMA_Init)
    i.MX_GPIO_Init                           0x08002644   Section        0  main.o(i.MX_GPIO_Init)
    MX_GPIO_Init                             0x08002645   Thumb Code   170  main.o(i.MX_GPIO_Init)
    i.MX_SPI2_Init                           0x08002700   Section        0  main.o(i.MX_SPI2_Init)
    MX_SPI2_Init                             0x08002701   Thumb Code    56  main.o(i.MX_SPI2_Init)
    i.MX_TIM2_Init                           0x08002740   Section        0  main.o(i.MX_TIM2_Init)
    MX_TIM2_Init                             0x08002741   Thumb Code    96  main.o(i.MX_TIM2_Init)
    i.MX_USART1_UART_Init                    0x080027a4   Section        0  main.o(i.MX_USART1_UART_Init)
    MX_USART1_UART_Init                      0x080027a5   Thumb Code    60  main.o(i.MX_USART1_UART_Init)
    i.MemManage_Handler                      0x080027e8   Section        0  stm32f1xx_it.o(i.MemManage_Handler)
    i.NMI_Handler                            0x080027ea   Section        0  stm32f1xx_it.o(i.NMI_Handler)
    i.RTOS                                   0x080027ec   Section        0  freertos_user.o(i.RTOS)
    i.Set_Pin_Input                          0x08002870   Section        0  dht11.o(i.Set_Pin_Input)
    i.Set_Pin_Output                         0x08002884   Section        0  dht11.o(i.Set_Pin_Output)
    i.SysTick_Handler                        0x0800289c   Section        0  port_1.o(i.SysTick_Handler)
    i.SystemClock_Config                     0x080028c8   Section        0  main.o(i.SystemClock_Config)
    i.SystemInit                             0x0800293e   Section        0  system_stm32f1xx.o(i.SystemInit)
    i.TIM1_UP_IRQHandler                     0x08002940   Section        0  stm32f1xx_it.o(i.TIM1_UP_IRQHandler)
    i.TIM_Base_SetConfig                     0x0800294c   Section        0  stm32f1xx_hal_tim.o(i.TIM_Base_SetConfig)
    i.TIM_ETR_SetConfig                      0x080029b8   Section        0  stm32f1xx_hal_tim.o(i.TIM_ETR_SetConfig)
    i.TIM_ITRx_SetConfig                     0x080029cc   Section        0  stm32f1xx_hal_tim.o(i.TIM_ITRx_SetConfig)
    TIM_ITRx_SetConfig                       0x080029cd   Thumb Code    16  stm32f1xx_hal_tim.o(i.TIM_ITRx_SetConfig)
    i.TIM_TI1_ConfigInputStage               0x080029dc   Section        0  stm32f1xx_hal_tim.o(i.TIM_TI1_ConfigInputStage)
    TIM_TI1_ConfigInputStage                 0x080029dd   Thumb Code    34  stm32f1xx_hal_tim.o(i.TIM_TI1_ConfigInputStage)
    i.TIM_TI2_ConfigInputStage               0x080029fe   Section        0  stm32f1xx_hal_tim.o(i.TIM_TI2_ConfigInputStage)
    TIM_TI2_ConfigInputStage                 0x080029ff   Thumb Code    36  stm32f1xx_hal_tim.o(i.TIM_TI2_ConfigInputStage)
    i.UART_DMAAbortOnError                   0x08002a22   Section        0  stm32f1xx_hal_uart.o(i.UART_DMAAbortOnError)
    UART_DMAAbortOnError                     0x08002a23   Thumb Code    16  stm32f1xx_hal_uart.o(i.UART_DMAAbortOnError)
    i.UART_EndRxTransfer                     0x08002a32   Section        0  stm32f1xx_hal_uart.o(i.UART_EndRxTransfer)
    UART_EndRxTransfer                       0x08002a33   Thumb Code    28  stm32f1xx_hal_uart.o(i.UART_EndRxTransfer)
    i.UART_Receive_IT                        0x08002a4e   Section        0  stm32f1xx_hal_uart.o(i.UART_Receive_IT)
    UART_Receive_IT                          0x08002a4f   Thumb Code   140  stm32f1xx_hal_uart.o(i.UART_Receive_IT)
    i.UART_SetConfig                         0x08002adc   Section        0  stm32f1xx_hal_uart.o(i.UART_SetConfig)
    UART_SetConfig                           0x08002add   Thumb Code   178  stm32f1xx_hal_uart.o(i.UART_SetConfig)
    i.UART_WaitOnFlagUntilTimeout            0x08002b94   Section        0  stm32f1xx_hal_uart.o(i.UART_WaitOnFlagUntilTimeout)
    UART_WaitOnFlagUntilTimeout              0x08002b95   Thumb Code   100  stm32f1xx_hal_uart.o(i.UART_WaitOnFlagUntilTimeout)
    i.USART1_IRQHandler                      0x08002bf8   Section        0  stm32f1xx_it.o(i.USART1_IRQHandler)
    i.UsageFault_Handler                     0x08002c04   Section        0  stm32f1xx_it.o(i.UsageFault_Handler)
    i.__0sprintf                             0x08002c08   Section        0  printfa.o(i.__0sprintf)
    i.__NVIC_SetPriority                     0x08002c30   Section        0  stm32f1xx_hal_cortex.o(i.__NVIC_SetPriority)
    __NVIC_SetPriority                       0x08002c31   Thumb Code    32  stm32f1xx_hal_cortex.o(i.__NVIC_SetPriority)
    i.__scatterload_copy                     0x08002c50   Section       14  handlers.o(i.__scatterload_copy)
    i.__scatterload_null                     0x08002c5e   Section        2  handlers.o(i.__scatterload_null)
    i.__scatterload_zeroinit                 0x08002c60   Section       14  handlers.o(i.__scatterload_zeroinit)
    i._fp_digits                             0x08002c70   Section        0  printfa.o(i._fp_digits)
    _fp_digits                               0x08002c71   Thumb Code   334  printfa.o(i._fp_digits)
    i._printf_core                           0x08002dd4   Section        0  printfa.o(i._printf_core)
    _printf_core                             0x08002dd5   Thumb Code  1744  printfa.o(i._printf_core)
    i._printf_post_padding                   0x080034b0   Section        0  printfa.o(i._printf_post_padding)
    _printf_post_padding                     0x080034b1   Thumb Code    36  printfa.o(i._printf_post_padding)
    i._printf_pre_padding                    0x080034d4   Section        0  printfa.o(i._printf_pre_padding)
    _printf_pre_padding                      0x080034d5   Thumb Code    46  printfa.o(i._printf_pre_padding)
    i._sputc                                 0x08003502   Section        0  printfa.o(i._sputc)
    _sputc                                   0x08003503   Thumb Code    10  printfa.o(i._sputc)
    i.main                                   0x0800350c   Section        0  main.o(i.main)
    i.prvAddCurrentTaskToDelayedList         0x08003584   Section        0  tasks_1.o(i.prvAddCurrentTaskToDelayedList)
    prvAddCurrentTaskToDelayedList           0x08003585   Thumb Code    84  tasks_1.o(i.prvAddCurrentTaskToDelayedList)
    i.prvAddNewTaskToReadyList               0x080035e0   Section        0  tasks_1.o(i.prvAddNewTaskToReadyList)
    prvAddNewTaskToReadyList                 0x080035e1   Thumb Code   190  tasks_1.o(i.prvAddNewTaskToReadyList)
    i.prvCheckForValidListAndQueue           0x080036b0   Section        0  timers_1.o(i.prvCheckForValidListAndQueue)
    prvCheckForValidListAndQueue             0x080036b1   Thumb Code    72  timers_1.o(i.prvCheckForValidListAndQueue)
    i.prvCopyDataFromQueue                   0x08003708   Section        0  queue_1.o(i.prvCopyDataFromQueue)
    prvCopyDataFromQueue                     0x08003709   Thumb Code    38  queue_1.o(i.prvCopyDataFromQueue)
    i.prvCopyDataToQueue                     0x0800372e   Section        0  queue_1.o(i.prvCopyDataToQueue)
    prvCopyDataToQueue                       0x0800372f   Thumb Code   108  queue_1.o(i.prvCopyDataToQueue)
    i.prvDeleteTCB                           0x0800379a   Section        0  tasks_1.o(i.prvDeleteTCB)
    prvDeleteTCB                             0x0800379b   Thumb Code    52  tasks_1.o(i.prvDeleteTCB)
    i.prvHeapInit                            0x080037d0   Section        0  heap_4_1.o(i.prvHeapInit)
    prvHeapInit                              0x080037d1   Thumb Code    66  heap_4_1.o(i.prvHeapInit)
    i.prvIdleTask                            0x0800381c   Section        0  tasks_1.o(i.prvIdleTask)
    prvIdleTask                              0x0800381d   Thumb Code    82  tasks_1.o(i.prvIdleTask)
    i.prvInitialiseNewQueue                  0x0800387c   Section        0  queue_1.o(i.prvInitialiseNewQueue)
    prvInitialiseNewQueue                    0x0800387d   Thumb Code    34  queue_1.o(i.prvInitialiseNewQueue)
    i.prvInitialiseNewTask                   0x0800389e   Section        0  tasks_1.o(i.prvInitialiseNewTask)
    prvInitialiseNewTask                     0x0800389f   Thumb Code   156  tasks_1.o(i.prvInitialiseNewTask)
    i.prvInsertBlockIntoFreeList             0x0800393c   Section        0  heap_4_1.o(i.prvInsertBlockIntoFreeList)
    prvInsertBlockIntoFreeList               0x0800393d   Thumb Code    72  heap_4_1.o(i.prvInsertBlockIntoFreeList)
    i.prvInsertTimerInActiveList             0x08003988   Section        0  timers_1.o(i.prvInsertTimerInActiveList)
    prvInsertTimerInActiveList               0x08003989   Thumb Code    52  timers_1.o(i.prvInsertTimerInActiveList)
    i.prvIsQueueEmpty                        0x080039c0   Section        0  queue_1.o(i.prvIsQueueEmpty)
    prvIsQueueEmpty                          0x080039c1   Thumb Code    28  queue_1.o(i.prvIsQueueEmpty)
    i.prvProcessReceivedCommands             0x080039dc   Section        0  timers_1.o(i.prvProcessReceivedCommands)
    prvProcessReceivedCommands               0x080039dd   Thumb Code   198  timers_1.o(i.prvProcessReceivedCommands)
    i.prvProcessTimerOrBlockTask             0x08003aa8   Section        0  timers_1.o(i.prvProcessTimerOrBlockTask)
    prvProcessTimerOrBlockTask               0x08003aa9   Thumb Code   172  timers_1.o(i.prvProcessTimerOrBlockTask)
    i.prvResetNextTaskUnblockTime            0x08003b5c   Section        0  tasks_1.o(i.prvResetNextTaskUnblockTime)
    prvResetNextTaskUnblockTime              0x08003b5d   Thumb Code    26  tasks_1.o(i.prvResetNextTaskUnblockTime)
    i.prvSampleTimeNow                       0x08003b7c   Section        0  timers_1.o(i.prvSampleTimeNow)
    prvSampleTimeNow                         0x08003b7d   Thumb Code    36  timers_1.o(i.prvSampleTimeNow)
    i.prvSwitchTimerLists                    0x08003ba4   Section        0  timers_1.o(i.prvSwitchTimerLists)
    prvSwitchTimerLists                      0x08003ba5   Thumb Code   102  timers_1.o(i.prvSwitchTimerLists)
    i.prvTaskExitError                       0x08003c10   Section        0  port_1.o(i.prvTaskExitError)
    prvTaskExitError                         0x08003c11   Thumb Code    36  port_1.o(i.prvTaskExitError)
    i.prvTimerTask                           0x08003c38   Section        0  timers_1.o(i.prvTimerTask)
    prvTimerTask                             0x08003c39   Thumb Code    32  timers_1.o(i.prvTimerTask)
    i.prvUnlockQueue                         0x08003c5c   Section        0  queue_1.o(i.prvUnlockQueue)
    prvUnlockQueue                           0x08003c5d   Thumb Code   106  queue_1.o(i.prvUnlockQueue)
    i.pvPortMalloc                           0x08003cc8   Section        0  heap_4_1.o(i.pvPortMalloc)
    i.pvTaskIncrementMutexHeldCount          0x08003da0   Section        0  tasks_1.o(i.pvTaskIncrementMutexHeldCount)
    i.pxPortInitialiseStack                  0x08003db8   Section        0  port_1.o(i.pxPortInitialiseStack)
    i.togglePin                              0x08003ddc   Section        0  freertos_user.o(i.togglePin)
    i.uxListRemove                           0x08003dfc   Section        0  list_1.o(i.uxListRemove)
    i.vApplicationGetIdleTaskMemory          0x08003e24   Section        0  cmsis_os2.o(i.vApplicationGetIdleTaskMemory)
    i.vApplicationGetTimerTaskMemory         0x08003e38   Section        0  cmsis_os2.o(i.vApplicationGetTimerTaskMemory)
    i.vListInitialise                        0x08003e50   Section        0  list_1.o(i.vListInitialise)
    i.vListInitialiseItem                    0x08003e66   Section        0  list_1.o(i.vListInitialiseItem)
    i.vListInsert                            0x08003e6c   Section        0  list_1.o(i.vListInsert)
    i.vListInsertEnd                         0x08003e9c   Section        0  list_1.o(i.vListInsertEnd)
    i.vPortEnterCritical                     0x08003eb4   Section        0  port_1.o(i.vPortEnterCritical)
    i.vPortExitCritical                      0x08003ef4   Section        0  port_1.o(i.vPortExitCritical)
    i.vPortFree                              0x08003f1c   Section        0  heap_4_1.o(i.vPortFree)
    i.vPortSetupTimerInterrupt               0x08003f78   Section        0  port_1.o(i.vPortSetupTimerInterrupt)
    i.vPortValidateInterruptPriority         0x08003f9c   Section        0  port_1.o(i.vPortValidateInterruptPriority)
    i.vQueueAddToRegistry                    0x08003ff0   Section        0  queue_1.o(i.vQueueAddToRegistry)
    i.vQueueWaitForMessageRestricted         0x08004018   Section        0  queue_1.o(i.vQueueWaitForMessageRestricted)
    i.vTaskDelay                             0x0800405c   Section        0  tasks_1.o(i.vTaskDelay)
    i.vTaskInternalSetTimeOutState           0x080040a8   Section        0  tasks_1.o(i.vTaskInternalSetTimeOutState)
    i.vTaskMissedYield                       0x080040b8   Section        0  tasks_1.o(i.vTaskMissedYield)
    i.vTaskPlaceOnEventList                  0x080040c4   Section        0  tasks_1.o(i.vTaskPlaceOnEventList)
    i.vTaskPlaceOnEventListRestricted        0x080040f4   Section        0  tasks_1.o(i.vTaskPlaceOnEventListRestricted)
    i.vTaskPriorityDisinheritAfterTimeout    0x0800412c   Section        0  tasks_1.o(i.vTaskPriorityDisinheritAfterTimeout)
    i.vTaskStartScheduler                    0x080041bc   Section        0  tasks_1.o(i.vTaskStartScheduler)
    i.vTaskSuspendAll                        0x08004244   Section        0  tasks_1.o(i.vTaskSuspendAll)
    i.vTaskSwitchContext                     0x08004254   Section        0  tasks_1.o(i.vTaskSwitchContext)
    i.xPortStartScheduler                    0x080042b8   Section        0  port_1.o(i.xPortStartScheduler)
    i.xQueueGenericCreate                    0x08004360   Section        0  queue_1.o(i.xQueueGenericCreate)
    i.xQueueGenericCreateStatic              0x080043a8   Section        0  queue_1.o(i.xQueueGenericCreateStatic)
    i.xQueueGenericReset                     0x08004410   Section        0  queue_1.o(i.xQueueGenericReset)
    i.xQueueGenericSend                      0x08004498   Section        0  queue_1.o(i.xQueueGenericSend)
    i.xQueueGenericSendFromISR               0x080045f8   Section        0  queue_1.o(i.xQueueGenericSendFromISR)
    i.xQueueReceive                          0x080046b4   Section        0  queue_1.o(i.xQueueReceive)
    i.xQueueSemaphoreTake                    0x080047ec   Section        0  queue_1.o(i.xQueueSemaphoreTake)
    i.xTaskCheckForTimeOut                   0x08004964   Section        0  tasks_1.o(i.xTaskCheckForTimeOut)
    i.xTaskCreate                            0x080049d8   Section        0  tasks_1.o(i.xTaskCreate)
    i.xTaskCreateStatic                      0x08004a32   Section        0  tasks_1.o(i.xTaskCreateStatic)
    i.xTaskGetSchedulerState                 0x08004a88   Section        0  tasks_1.o(i.xTaskGetSchedulerState)
    i.xTaskGetTickCount                      0x08004aa4   Section        0  tasks_1.o(i.xTaskGetTickCount)
    i.xTaskIncrementTick                     0x08004ab0   Section        0  tasks_1.o(i.xTaskIncrementTick)
    i.xTaskPriorityDisinherit                0x08004b78   Section        0  tasks_1.o(i.xTaskPriorityDisinherit)
    i.xTaskPriorityInherit                   0x08004bf8   Section        0  tasks_1.o(i.xTaskPriorityInherit)
    i.xTaskRemoveFromEventList               0x08004c70   Section        0  tasks_1.o(i.xTaskRemoveFromEventList)
    i.xTaskResumeAll                         0x08004ce0   Section        0  tasks_1.o(i.xTaskResumeAll)
    i.xTimerCreateTimerTask                  0x08004da4   Section        0  timers_1.o(i.xTimerCreateTimerTask)
    i.xTimerGenericCommand                   0x08004e04   Section        0  timers_1.o(i.xTimerGenericCommand)
    .constdata                               0x08004e6c   Section       16  system_stm32f1xx.o(.constdata)
    .constdata                               0x08004e7c   Section        8  system_stm32f1xx.o(.constdata)
    .data                                    0x20000000   Section        8  freertos_user.o(.data)
    .data                                    0x20000008   Section        4  debug.o(.data)
    .data                                    0x2000000c   Section       12  main.o(.data)
    .data                                    0x20000018   Section       12  stm32f1xx_hal.o(.data)
    .data                                    0x20000024   Section        4  system_stm32f1xx.o(.data)
    .data                                    0x20000028   Section       20  dht11.o(.data)
    .data                                    0x2000003c   Section       60  tasks_1.o(.data)
    pxDelayedTaskList                        0x20000040   Data           4  tasks_1.o(.data)
    pxOverflowDelayedTaskList                0x20000044   Data           4  tasks_1.o(.data)
    uxDeletedTasksWaitingCleanUp             0x20000048   Data           4  tasks_1.o(.data)
    uxCurrentNumberOfTasks                   0x2000004c   Data           4  tasks_1.o(.data)
    xTickCount                               0x20000050   Data           4  tasks_1.o(.data)
    uxTopReadyPriority                       0x20000054   Data           4  tasks_1.o(.data)
    xSchedulerRunning                        0x20000058   Data           4  tasks_1.o(.data)
    uxPendedTicks                            0x2000005c   Data           4  tasks_1.o(.data)
    xYieldPending                            0x20000060   Data           4  tasks_1.o(.data)
    xNumOfOverflows                          0x20000064   Data           4  tasks_1.o(.data)
    uxTaskNumber                             0x20000068   Data           4  tasks_1.o(.data)
    xNextTaskUnblockTime                     0x2000006c   Data           4  tasks_1.o(.data)
    xIdleTaskHandle                          0x20000070   Data           4  tasks_1.o(.data)
    uxSchedulerSuspended                     0x20000074   Data           4  tasks_1.o(.data)
    .data                                    0x20000078   Section       20  timers_1.o(.data)
    pxCurrentTimerList                       0x20000078   Data           4  timers_1.o(.data)
    pxOverflowTimerList                      0x2000007c   Data           4  timers_1.o(.data)
    xTimerQueue                              0x20000080   Data           4  timers_1.o(.data)
    xTimerTaskHandle                         0x20000084   Data           4  timers_1.o(.data)
    xLastTime                                0x20000088   Data           4  timers_1.o(.data)
    .data                                    0x2000008c   Section       24  heap_4_1.o(.data)
    pxEnd                                    0x2000008c   Data           4  heap_4_1.o(.data)
    xFreeBytesRemaining                      0x20000090   Data           4  heap_4_1.o(.data)
    xMinimumEverFreeBytesRemaining           0x20000094   Data           4  heap_4_1.o(.data)
    xBlockAllocatedBit                       0x20000098   Data           4  heap_4_1.o(.data)
    xStart                                   0x2000009c   Data           8  heap_4_1.o(.data)
    .data                                    0x200000a4   Section       12  port_1.o(.data)
    ucMaxSysCallPriority                     0x200000a4   Data           1  port_1.o(.data)
    uxCriticalNesting                        0x200000a8   Data           4  port_1.o(.data)
    ulMaxPRIGROUPValue                       0x200000ac   Data           4  port_1.o(.data)
    .bss                                     0x200000b0   Section      424  main.o(.bss)
    .bss                                     0x20000258   Section       68  main.o(.bss)
    .bss                                     0x2000029c   Section       68  main.o(.bss)
    .bss                                     0x200002e0   Section       68  main.o(.bss)
    .bss                                     0x20000324   Section       68  main.o(.bss)
    .bss                                     0x20000368   Section       68  main.o(.bss)
    .bss                                     0x200003ac   Section       72  stm32f1xx_hal_timebase_tim.o(.bss)
    .bss                                     0x200003f4   Section       64  queue_1.o(.bss)
    .bss                                     0x20000434   Section     1220  tasks_1.o(.bss)
    pxReadyTasksLists                        0x20000434   Data        1120  tasks_1.o(.bss)
    xDelayedTaskList1                        0x20000894   Data          20  tasks_1.o(.bss)
    xDelayedTaskList2                        0x200008a8   Data          20  tasks_1.o(.bss)
    xPendingReadyList                        0x200008bc   Data          20  tasks_1.o(.bss)
    xTasksWaitingTermination                 0x200008d0   Data          20  tasks_1.o(.bss)
    xSuspendedTaskList                       0x200008e4   Data          20  tasks_1.o(.bss)
    .bss                                     0x200008f8   Section      280  timers_1.o(.bss)
    xActiveTimerList1                        0x200008f8   Data          20  timers_1.o(.bss)
    xActiveTimerList2                        0x2000090c   Data          20  timers_1.o(.bss)
    xStaticTimerQueue                        0x20000920   Data          80  timers_1.o(.bss)
    ucStaticTimerQueueStorage                0x20000970   Data         160  timers_1.o(.bss)
    .bss                                     0x20000a10   Section     1720  cmsis_os2.o(.bss)
    Idle_TCB                                 0x20000a10   Data          92  cmsis_os2.o(.bss)
    Idle_Stack                               0x20000a6c   Data         512  cmsis_os2.o(.bss)
    Timer_TCB                                0x20000c6c   Data          92  cmsis_os2.o(.bss)
    Timer_Stack                              0x20000cc8   Data        1024  cmsis_os2.o(.bss)
    .bss                                     0x200010c8   Section     3072  heap_4_1.o(.bss)
    ucHeap                                   0x200010c8   Data        3072  heap_4_1.o(.bss)
    STACK                                    0x20001cc8   Section     1024  startup_stm32f103xb.o(STACK)

    Global Symbols

    Symbol Name                              Value     Ov Type        Size  Object(Section)

    BuildAttributes$$THM_ISAv4$P$D$K$B$S$PE$A:L22UL41UL21$X:L11$S22US41US21$IEEE1$IW$USESV6$~STKCKD$USESV7$~SHL$OTIME$ROPI$EBA8$MICROLIB$REQ8$PRES8$EABIv2 0x00000000   Number         0  anon$$obj.o ABSOLUTE
    __ARM_use_no_argv                        0x00000000   Number         0  main.o ABSOLUTE
    _printf_a                                0x00000000   Number         0  stubs.o ABSOLUTE
    _printf_c                                0x00000000   Number         0  stubs.o ABSOLUTE
    _printf_charcount                        0x00000000   Number         0  stubs.o ABSOLUTE
    _printf_d                                0x00000000   Number         0  stubs.o ABSOLUTE
    _printf_e                                0x00000000   Number         0  stubs.o ABSOLUTE
    _printf_f                                0x00000000   Number         0  stubs.o ABSOLUTE
    _printf_flags                            0x00000000   Number         0  stubs.o ABSOLUTE
    _printf_fp_dec                           0x00000000   Number         0  stubs.o ABSOLUTE
    _printf_fp_hex                           0x00000000   Number         0  stubs.o ABSOLUTE
    _printf_g                                0x00000000   Number         0  stubs.o ABSOLUTE
    _printf_i                                0x00000000   Number         0  stubs.o ABSOLUTE
    _printf_int_dec                          0x00000000   Number         0  stubs.o ABSOLUTE
    _printf_l                                0x00000000   Number         0  stubs.o ABSOLUTE
    _printf_lc                               0x00000000   Number         0  stubs.o ABSOLUTE
    _printf_ll                               0x00000000   Number         0  stubs.o ABSOLUTE
    _printf_lld                              0x00000000   Number         0  stubs.o ABSOLUTE
    _printf_lli                              0x00000000   Number         0  stubs.o ABSOLUTE
    _printf_llo                              0x00000000   Number         0  stubs.o ABSOLUTE
    _printf_llu                              0x00000000   Number         0  stubs.o ABSOLUTE
    _printf_llx                              0x00000000   Number         0  stubs.o ABSOLUTE
    _printf_longlong_dec                     0x00000000   Number         0  stubs.o ABSOLUTE
    _printf_longlong_hex                     0x00000000   Number         0  stubs.o ABSOLUTE
    _printf_longlong_oct                     0x00000000   Number         0  stubs.o ABSOLUTE
    _printf_ls                               0x00000000   Number         0  stubs.o ABSOLUTE
    _printf_mbtowc                           0x00000000   Number         0  stubs.o ABSOLUTE
    _printf_n                                0x00000000   Number         0  stubs.o ABSOLUTE
    _printf_o                                0x00000000   Number         0  stubs.o ABSOLUTE
    _printf_p                                0x00000000   Number         0  stubs.o ABSOLUTE
    _printf_percent                          0x00000000   Number         0  stubs.o ABSOLUTE
    _printf_pre_padding                      0x00000000   Number         0  stubs.o ABSOLUTE
    _printf_return_value                     0x00000000   Number         0  stubs.o ABSOLUTE
    _printf_s                                0x00000000   Number         0  stubs.o ABSOLUTE
    _printf_sizespec                         0x00000000   Number         0  stubs.o ABSOLUTE
    _printf_str                              0x00000000   Number         0  stubs.o ABSOLUTE
    _printf_truncate_signed                  0x00000000   Number         0  stubs.o ABSOLUTE
    _printf_truncate_unsigned                0x00000000   Number         0  stubs.o ABSOLUTE
    _printf_u                                0x00000000   Number         0  stubs.o ABSOLUTE
    _printf_wc                               0x00000000   Number         0  stubs.o ABSOLUTE
    _printf_wctomb                           0x00000000   Number         0  stubs.o ABSOLUTE
    _printf_widthprec                        0x00000000   Number         0  stubs.o ABSOLUTE
    _printf_x                                0x00000000   Number         0  stubs.o ABSOLUTE
    __cpp_initialize__aeabi_                  - Undefined Weak Reference
    __cxa_finalize                            - Undefined Weak Reference
    __decompress                              - Undefined Weak Reference
    _clock_init                               - Undefined Weak Reference
    _microlib_exit                            - Undefined Weak Reference
    __Vectors_Size                           0x000000ec   Number         0  startup_stm32f103xb.o ABSOLUTE
    __Vectors                                0x08000000   Data           4  startup_stm32f103xb.o(RESET)
    __Vectors_End                            0x080000ec   Data           0  startup_stm32f103xb.o(RESET)
    __main                                   0x080000ed   Thumb Code     0  entry.o(.ARM.Collect$$$$00000000)
    _main_stk                                0x080000ed   Thumb Code     0  entry2.o(.ARM.Collect$$$$00000001)
    _main_scatterload                        0x080000f1   Thumb Code     0  entry5.o(.ARM.Collect$$$$00000004)
    __main_after_scatterload                 0x080000f5   Thumb Code     0  entry5.o(.ARM.Collect$$$$00000004)
    _main_clock                              0x080000f5   Thumb Code     0  entry7b.o(.ARM.Collect$$$$00000008)
    _main_cpp_init                           0x080000f5   Thumb Code     0  entry8b.o(.ARM.Collect$$$$0000000A)
    _main_init                               0x080000f5   Thumb Code     0  entry9a.o(.ARM.Collect$$$$0000000B)
    __rt_final_cpp                           0x080000fd   Thumb Code     0  entry10a.o(.ARM.Collect$$$$0000000D)
    __rt_final_exit                          0x080000fd   Thumb Code     0  entry11a.o(.ARM.Collect$$$$0000000F)
    SVC_Handler                              0x08000101   Thumb Code    32  port_1.o(.emb_text)
    __asm___6_port_c_39a90d8d__prvStartFirstTask 0x08000125   Thumb Code    28  port_1.o(.emb_text)
    PendSV_Handler                           0x08000145   Thumb Code    72  port_1.o(.emb_text)
    vPortGetIPSR                             0x08000191   Thumb Code     6  port_1.o(.emb_text)
    Reset_Handler                            0x08000199   Thumb Code     8  startup_stm32f103xb.o(.text)
    ADC1_2_IRQHandler                        0x080001b3   Thumb Code     0  startup_stm32f103xb.o(.text)
    CAN1_RX1_IRQHandler                      0x080001b3   Thumb Code     0  startup_stm32f103xb.o(.text)
    CAN1_SCE_IRQHandler                      0x080001b3   Thumb Code     0  startup_stm32f103xb.o(.text)
    DMA1_Channel2_IRQHandler                 0x080001b3   Thumb Code     0  startup_stm32f103xb.o(.text)
    DMA1_Channel3_IRQHandler                 0x080001b3   Thumb Code     0  startup_stm32f103xb.o(.text)
    EXTI0_IRQHandler                         0x080001b3   Thumb Code     0  startup_stm32f103xb.o(.text)
    EXTI15_10_IRQHandler                     0x080001b3   Thumb Code     0  startup_stm32f103xb.o(.text)
    EXTI1_IRQHandler                         0x080001b3   Thumb Code     0  startup_stm32f103xb.o(.text)
    EXTI2_IRQHandler                         0x080001b3   Thumb Code     0  startup_stm32f103xb.o(.text)
    EXTI3_IRQHandler                         0x080001b3   Thumb Code     0  startup_stm32f103xb.o(.text)
    EXTI4_IRQHandler                         0x080001b3   Thumb Code     0  startup_stm32f103xb.o(.text)
    EXTI9_5_IRQHandler                       0x080001b3   Thumb Code     0  startup_stm32f103xb.o(.text)
    FLASH_IRQHandler                         0x080001b3   Thumb Code     0  startup_stm32f103xb.o(.text)
    I2C1_ER_IRQHandler                       0x080001b3   Thumb Code     0  startup_stm32f103xb.o(.text)
    I2C1_EV_IRQHandler                       0x080001b3   Thumb Code     0  startup_stm32f103xb.o(.text)
    I2C2_ER_IRQHandler                       0x080001b3   Thumb Code     0  startup_stm32f103xb.o(.text)
    I2C2_EV_IRQHandler                       0x080001b3   Thumb Code     0  startup_stm32f103xb.o(.text)
    PVD_IRQHandler                           0x080001b3   Thumb Code     0  startup_stm32f103xb.o(.text)
    RCC_IRQHandler                           0x080001b3   Thumb Code     0  startup_stm32f103xb.o(.text)
    RTC_Alarm_IRQHandler                     0x080001b3   Thumb Code     0  startup_stm32f103xb.o(.text)
    RTC_IRQHandler                           0x080001b3   Thumb Code     0  startup_stm32f103xb.o(.text)
    SPI1_IRQHandler                          0x080001b3   Thumb Code     0  startup_stm32f103xb.o(.text)
    SPI2_IRQHandler                          0x080001b3   Thumb Code     0  startup_stm32f103xb.o(.text)
    TAMPER_IRQHandler                        0x080001b3   Thumb Code     0  startup_stm32f103xb.o(.text)
    TIM1_BRK_IRQHandler                      0x080001b3   Thumb Code     0  startup_stm32f103xb.o(.text)
    TIM1_CC_IRQHandler                       0x080001b3   Thumb Code     0  startup_stm32f103xb.o(.text)
    TIM1_TRG_COM_IRQHandler                  0x080001b3   Thumb Code     0  startup_stm32f103xb.o(.text)
    TIM2_IRQHandler                          0x080001b3   Thumb Code     0  startup_stm32f103xb.o(.text)
    TIM3_IRQHandler                          0x080001b3   Thumb Code     0  startup_stm32f103xb.o(.text)
    TIM4_IRQHandler                          0x080001b3   Thumb Code     0  startup_stm32f103xb.o(.text)
    USART2_IRQHandler                        0x080001b3   Thumb Code     0  startup_stm32f103xb.o(.text)
    USART3_IRQHandler                        0x080001b3   Thumb Code     0  startup_stm32f103xb.o(.text)
    USBWakeUp_IRQHandler                     0x080001b3   Thumb Code     0  startup_stm32f103xb.o(.text)
    USB_HP_CAN1_TX_IRQHandler                0x080001b3   Thumb Code     0  startup_stm32f103xb.o(.text)
    USB_LP_CAN1_RX0_IRQHandler               0x080001b3   Thumb Code     0  startup_stm32f103xb.o(.text)
    WWDG_IRQHandler                          0x080001b3   Thumb Code     0  startup_stm32f103xb.o(.text)
    __aeabi_llsr                             0x080001bd   Thumb Code    32  llushr.o(.text)
    _ll_ushift_r                             0x080001bd   Thumb Code     0  llushr.o(.text)
    __aeabi_memcpy                           0x080001dd   Thumb Code    36  memcpya.o(.text)
    __aeabi_memcpy4                          0x080001dd   Thumb Code     0  memcpya.o(.text)
    __aeabi_memcpy8                          0x080001dd   Thumb Code     0  memcpya.o(.text)
    __aeabi_memset                           0x08000201   Thumb Code    14  memseta.o(.text)
    __aeabi_memset4                          0x08000201   Thumb Code     0  memseta.o(.text)
    __aeabi_memset8                          0x08000201   Thumb Code     0  memseta.o(.text)
    __aeabi_memclr                           0x0800020f   Thumb Code     4  memseta.o(.text)
    __aeabi_memclr4                          0x0800020f   Thumb Code     0  memseta.o(.text)
    __aeabi_memclr8                          0x0800020f   Thumb Code     0  memseta.o(.text)
    memset                                   0x08000213   Thumb Code    18  memseta.o(.text)
    strlen                                   0x08000225   Thumb Code    14  strlen.o(.text)
    __aeabi_dadd                             0x08000233   Thumb Code   322  dadd.o(.text)
    __aeabi_dsub                             0x08000375   Thumb Code     6  dadd.o(.text)
    __aeabi_drsub                            0x0800037b   Thumb Code     6  dadd.o(.text)
    __aeabi_dmul                             0x08000381   Thumb Code   228  dmul.o(.text)
    __aeabi_ui2d                             0x08000465   Thumb Code    26  dfltui.o(.text)
    __aeabi_f2d                              0x0800047f   Thumb Code    38  f2d.o(.text)
    __aeabi_d2f                              0x080004a5   Thumb Code    56  d2f.o(.text)
    __aeabi_uidiv                            0x080004dd   Thumb Code     0  uidiv.o(.text)
    __aeabi_uidivmod                         0x080004dd   Thumb Code    44  uidiv.o(.text)
    __aeabi_uldivmod                         0x08000509   Thumb Code    98  uldiv.o(.text)
    __aeabi_llsl                             0x0800056b   Thumb Code    30  llshl.o(.text)
    _ll_shift_l                              0x0800056b   Thumb Code     0  llshl.o(.text)
    __aeabi_lasr                             0x08000589   Thumb Code    36  llsshr.o(.text)
    _ll_sshift_r                             0x08000589   Thumb Code     0  llsshr.o(.text)
    __I$use$fp                               0x080005ad   Thumb Code     0  iusefp.o(.text)
    _float_round                             0x080005ad   Thumb Code    18  fepilogue.o(.text)
    _float_epilogue                          0x080005bf   Thumb Code    92  fepilogue.o(.text)
    _double_round                            0x0800061b   Thumb Code    30  depilogue.o(.text)
    _double_epilogue                         0x08000639   Thumb Code   156  depilogue.o(.text)
    __aeabi_ddiv                             0x080006d5   Thumb Code   222  ddiv.o(.text)
    __aeabi_d2ulz                            0x080007b3   Thumb Code    48  dfixul.o(.text)
    __aeabi_cdrcmple                         0x080007e5   Thumb Code    48  cdrcmple.o(.text)
    __scatterload                            0x08000815   Thumb Code    28  init.o(.text)
    __scatterload_rt2                        0x08000815   Thumb Code     0  init.o(.text)
    ADC_ConversionStop_Disable               0x08000839   Thumb Code    76  stm32f1xx_hal_adc.o(i.ADC_ConversionStop_Disable)
    BusFault_Handler                         0x08000885   Thumb Code     2  stm32f1xx_it.o(i.BusFault_Handler)
    DHT11_Check_Response                     0x08000889   Thumb Code    56  dht11.o(i.DHT11_Check_Response)
    DHT11_Get_Data                           0x080008c5   Thumb Code   180  dht11.o(i.DHT11_Get_Data)
    DHT11_Read                               0x08000985   Thumb Code    88  dht11.o(i.DHT11_Read)
    DHT11_Start                              0x080009e1   Thumb Code    58  dht11.o(i.DHT11_Start)
    DHT11_Task                               0x08000a21   Thumb Code   162  dht11.o(i.DHT11_Task)
    DHT_Delay                                0x08000b09   Thumb Code    18  dht11.o(i.DHT_Delay)
    DMA1_Channel1_IRQHandler                 0x08000b21   Thumb Code     6  stm32f1xx_it.o(i.DMA1_Channel1_IRQHandler)
    DMA1_Channel4_IRQHandler                 0x08000b2d   Thumb Code     6  stm32f1xx_it.o(i.DMA1_Channel4_IRQHandler)
    DMA1_Channel5_IRQHandler                 0x08000b39   Thumb Code     6  stm32f1xx_it.o(i.DMA1_Channel5_IRQHandler)
    DMA1_Channel6_IRQHandler                 0x08000b45   Thumb Code     6  stm32f1xx_it.o(i.DMA1_Channel6_IRQHandler)
    DMA1_Channel7_IRQHandler                 0x08000b51   Thumb Code     6  stm32f1xx_it.o(i.DMA1_Channel7_IRQHandler)
    DebugMon_Handler                         0x08000b5d   Thumb Code     2  stm32f1xx_it.o(i.DebugMon_Handler)
    Debug_Print                              0x08000b61   Thumb Code    26  debug.o(i.Debug_Print)
    Error_Handler                            0x08000b81   Thumb Code     4  main.o(i.Error_Handler)
    HAL_ADC_ConfigChannel                    0x08000b85   Thumb Code   240  stm32f1xx_hal_adc.o(i.HAL_ADC_ConfigChannel)
    HAL_ADC_Init                             0x08000c81   Thumb Code   272  stm32f1xx_hal_adc.o(i.HAL_ADC_Init)
    HAL_ADC_MspInit                          0x08000d9d   Thumb Code   120  stm32f1xx_hal_msp.o(i.HAL_ADC_MspInit)
    HAL_DMA_Abort_IT                         0x08000e29   Thumb Code   148  stm32f1xx_hal_dma.o(i.HAL_DMA_Abort_IT)
    HAL_DMA_IRQHandler                       0x08000ec1   Thumb Code   316  stm32f1xx_hal_dma.o(i.HAL_DMA_IRQHandler)
    HAL_DMA_Init                             0x08001015   Thumb Code    84  stm32f1xx_hal_dma.o(i.HAL_DMA_Init)
    HAL_GPIO_Init                            0x08001071   Thumb Code   446  stm32f1xx_hal_gpio.o(i.HAL_GPIO_Init)
    HAL_GPIO_ReadPin                         0x08001251   Thumb Code    10  stm32f1xx_hal_gpio.o(i.HAL_GPIO_ReadPin)
    HAL_GPIO_TogglePin                       0x0800125b   Thumb Code    16  stm32f1xx_hal_gpio.o(i.HAL_GPIO_TogglePin)
    HAL_GPIO_WritePin                        0x0800126b   Thumb Code    10  stm32f1xx_hal_gpio.o(i.HAL_GPIO_WritePin)
    HAL_GetTick                              0x08001275   Thumb Code     6  stm32f1xx_hal.o(i.HAL_GetTick)
    HAL_I2C_Init                             0x08001281   Thumb Code   376  stm32f1xx_hal_i2c.o(i.HAL_I2C_Init)
    HAL_I2C_MspInit                          0x08001409   Thumb Code   170  stm32f1xx_hal_msp.o(i.HAL_I2C_MspInit)
    HAL_IncTick                              0x080014cd   Thumb Code    12  stm32f1xx_hal.o(i.HAL_IncTick)
    HAL_Init                                 0x080014dd   Thumb Code    32  stm32f1xx_hal.o(i.HAL_Init)
    HAL_InitTick                             0x08001501   Thumb Code    98  stm32f1xx_hal_timebase_tim.o(i.HAL_InitTick)
    HAL_MspInit                              0x08001575   Thumb Code    62  stm32f1xx_hal_msp.o(i.HAL_MspInit)
    HAL_NVIC_EnableIRQ                       0x080015bd   Thumb Code    26  stm32f1xx_hal_cortex.o(i.HAL_NVIC_EnableIRQ)
    HAL_NVIC_SetPriority                     0x080015d9   Thumb Code    60  stm32f1xx_hal_cortex.o(i.HAL_NVIC_SetPriority)
    HAL_NVIC_SetPriorityGrouping             0x08001619   Thumb Code    26  stm32f1xx_hal_cortex.o(i.HAL_NVIC_SetPriorityGrouping)
    HAL_RCCEx_PeriphCLKConfig                0x0800163d   Thumb Code   224  stm32f1xx_hal_rcc_ex.o(i.HAL_RCCEx_PeriphCLKConfig)
    HAL_RCC_ClockConfig                      0x08001729   Thumb Code   280  stm32f1xx_hal_rcc.o(i.HAL_RCC_ClockConfig)
    HAL_RCC_GetClockConfig                   0x08001855   Thumb Code    54  stm32f1xx_hal_rcc.o(i.HAL_RCC_GetClockConfig)
    HAL_RCC_GetPCLK1Freq                     0x08001895   Thumb Code    20  stm32f1xx_hal_rcc.o(i.HAL_RCC_GetPCLK1Freq)
    HAL_RCC_GetPCLK2Freq                     0x080018b5   Thumb Code    20  stm32f1xx_hal_rcc.o(i.HAL_RCC_GetPCLK2Freq)
    HAL_RCC_GetSysClockFreq                  0x080018d5   Thumb Code    74  stm32f1xx_hal_rcc.o(i.HAL_RCC_GetSysClockFreq)
    HAL_RCC_OscConfig                        0x08001941   Thumb Code   778  stm32f1xx_hal_rcc.o(i.HAL_RCC_OscConfig)
    HAL_SPI_Init                             0x08001c61   Thumb Code   178  stm32f1xx_hal_spi.o(i.HAL_SPI_Init)
    HAL_SPI_MspInit                          0x08001d15   Thumb Code   192  stm32f1xx_hal_msp.o(i.HAL_SPI_MspInit)
    HAL_TIMEx_BreakCallback                  0x08001ded   Thumb Code     2  stm32f1xx_hal_tim_ex.o(i.HAL_TIMEx_BreakCallback)
    HAL_TIMEx_CommutCallback                 0x08001def   Thumb Code     2  stm32f1xx_hal_tim_ex.o(i.HAL_TIMEx_CommutCallback)
    HAL_TIMEx_MasterConfigSynchronization    0x08001df1   Thumb Code    92  stm32f1xx_hal_tim_ex.o(i.HAL_TIMEx_MasterConfigSynchronization)
    HAL_TIM_Base_Init                        0x08001e59   Thumb Code    90  stm32f1xx_hal_tim.o(i.HAL_TIM_Base_Init)
    HAL_TIM_Base_MspInit                     0x08001eb5   Thumb Code    30  stm32f1xx_hal_msp.o(i.HAL_TIM_Base_MspInit)
    HAL_TIM_Base_Start                       0x08001ed9   Thumb Code    66  stm32f1xx_hal_tim.o(i.HAL_TIM_Base_Start)
    HAL_TIM_Base_Start_IT                    0x08001f29   Thumb Code    76  stm32f1xx_hal_tim.o(i.HAL_TIM_Base_Start_IT)
    HAL_TIM_ConfigClockSource                0x08001f81   Thumb Code   214  stm32f1xx_hal_tim.o(i.HAL_TIM_ConfigClockSource)
    HAL_TIM_IC_CaptureCallback               0x08002057   Thumb Code     2  stm32f1xx_hal_tim.o(i.HAL_TIM_IC_CaptureCallback)
    HAL_TIM_IRQHandler                       0x08002059   Thumb Code   358  stm32f1xx_hal_tim.o(i.HAL_TIM_IRQHandler)
    HAL_TIM_OC_DelayElapsedCallback          0x080021bf   Thumb Code     2  stm32f1xx_hal_tim.o(i.HAL_TIM_OC_DelayElapsedCallback)
    HAL_TIM_PWM_PulseFinishedCallback        0x080021c1   Thumb Code     2  stm32f1xx_hal_tim.o(i.HAL_TIM_PWM_PulseFinishedCallback)
    HAL_TIM_PeriodElapsedCallback            0x080021c5   Thumb Code    14  main.o(i.HAL_TIM_PeriodElapsedCallback)
    HAL_TIM_TriggerCallback                  0x080021d9   Thumb Code     2  stm32f1xx_hal_tim.o(i.HAL_TIM_TriggerCallback)
    HAL_UART_ErrorCallback                   0x080021db   Thumb Code     2  stm32f1xx_hal_uart.o(i.HAL_UART_ErrorCallback)
    HAL_UART_IRQHandler                      0x080021dd   Thumb Code   344  stm32f1xx_hal_uart.o(i.HAL_UART_IRQHandler)
    HAL_UART_Init                            0x08002339   Thumb Code    98  stm32f1xx_hal_uart.o(i.HAL_UART_Init)
    HAL_UART_MspInit                         0x0800239d   Thumb Code   116  stm32f1xx_hal_msp.o(i.HAL_UART_MspInit)
    HAL_UART_Receive_IT                      0x0800241d   Thumb Code    82  stm32f1xx_hal_uart.o(i.HAL_UART_Receive_IT)
    HAL_UART_RxCpltCallback                  0x08002471   Thumb Code    38  main.o(i.HAL_UART_RxCpltCallback)
    HAL_UART_Transmit                        0x080024a5   Thumb Code   178  stm32f1xx_hal_uart.o(i.HAL_UART_Transmit)
    HAL_UART_TxCpltCallback                  0x08002557   Thumb Code     2  stm32f1xx_hal_uart.o(i.HAL_UART_TxCpltCallback)
    HardFault_Handler                        0x08002559   Thumb Code     2  stm32f1xx_it.o(i.HardFault_Handler)
    MemManage_Handler                        0x080027e9   Thumb Code     2  stm32f1xx_it.o(i.MemManage_Handler)
    NMI_Handler                              0x080027eb   Thumb Code     2  stm32f1xx_it.o(i.NMI_Handler)
    RTOS                                     0x080027ed   Thumb Code    90  freertos_user.o(i.RTOS)
    Set_Pin_Input                            0x08002871   Thumb Code    20  dht11.o(i.Set_Pin_Input)
    Set_Pin_Output                           0x08002885   Thumb Code    24  dht11.o(i.Set_Pin_Output)
    SysTick_Handler                          0x0800289d   Thumb Code    38  port_1.o(i.SysTick_Handler)
    SystemClock_Config                       0x080028c9   Thumb Code   118  main.o(i.SystemClock_Config)
    SystemInit                               0x0800293f   Thumb Code     2  system_stm32f1xx.o(i.SystemInit)
    TIM1_UP_IRQHandler                       0x08002941   Thumb Code     6  stm32f1xx_it.o(i.TIM1_UP_IRQHandler)
    TIM_Base_SetConfig                       0x0800294d   Thumb Code    94  stm32f1xx_hal_tim.o(i.TIM_Base_SetConfig)
    TIM_ETR_SetConfig                        0x080029b9   Thumb Code    20  stm32f1xx_hal_tim.o(i.TIM_ETR_SetConfig)
    USART1_IRQHandler                        0x08002bf9   Thumb Code     6  stm32f1xx_it.o(i.USART1_IRQHandler)
    UsageFault_Handler                       0x08002c05   Thumb Code     2  stm32f1xx_it.o(i.UsageFault_Handler)
    __0sprintf                               0x08002c09   Thumb Code    34  printfa.o(i.__0sprintf)
    __1sprintf                               0x08002c09   Thumb Code     0  printfa.o(i.__0sprintf)
    __2sprintf                               0x08002c09   Thumb Code     0  printfa.o(i.__0sprintf)
    __c89sprintf                             0x08002c09   Thumb Code     0  printfa.o(i.__0sprintf)
    sprintf                                  0x08002c09   Thumb Code     0  printfa.o(i.__0sprintf)
    __scatterload_copy                       0x08002c51   Thumb Code    14  handlers.o(i.__scatterload_copy)
    __scatterload_null                       0x08002c5f   Thumb Code     2  handlers.o(i.__scatterload_null)
    __scatterload_zeroinit                   0x08002c61   Thumb Code    14  handlers.o(i.__scatterload_zeroinit)
    main                                     0x0800350d   Thumb Code   100  main.o(i.main)
    pvPortMalloc                             0x08003cc9   Thumb Code   210  heap_4_1.o(i.pvPortMalloc)
    pvTaskIncrementMutexHeldCount            0x08003da1   Thumb Code    18  tasks_1.o(i.pvTaskIncrementMutexHeldCount)
    pxPortInitialiseStack                    0x08003db9   Thumb Code    32  port_1.o(i.pxPortInitialiseStack)
    togglePin                                0x08003ddd   Thumb Code    26  freertos_user.o(i.togglePin)
    uxListRemove                             0x08003dfd   Thumb Code    38  list_1.o(i.uxListRemove)
    vApplicationGetIdleTaskMemory            0x08003e25   Thumb Code    16  cmsis_os2.o(i.vApplicationGetIdleTaskMemory)
    vApplicationGetTimerTaskMemory           0x08003e39   Thumb Code    18  cmsis_os2.o(i.vApplicationGetTimerTaskMemory)
    vListInitialise                          0x08003e51   Thumb Code    22  list_1.o(i.vListInitialise)
    vListInitialiseItem                      0x08003e67   Thumb Code     6  list_1.o(i.vListInitialiseItem)
    vListInsert                              0x08003e6d   Thumb Code    48  list_1.o(i.vListInsert)
    vListInsertEnd                           0x08003e9d   Thumb Code    24  list_1.o(i.vListInsertEnd)
    vPortEnterCritical                       0x08003eb5   Thumb Code    54  port_1.o(i.vPortEnterCritical)
    vPortExitCritical                        0x08003ef5   Thumb Code    34  port_1.o(i.vPortExitCritical)
    vPortFree                                0x08003f1d   Thumb Code    88  heap_4_1.o(i.vPortFree)
    vPortSetupTimerInterrupt                 0x08003f79   Thumb Code    32  port_1.o(i.vPortSetupTimerInterrupt)
    vPortValidateInterruptPriority           0x08003f9d   Thumb Code    74  port_1.o(i.vPortValidateInterruptPriority)
    vQueueAddToRegistry                      0x08003ff1   Thumb Code    34  queue_1.o(i.vQueueAddToRegistry)
    vQueueWaitForMessageRestricted           0x08004019   Thumb Code    68  queue_1.o(i.vQueueWaitForMessageRestricted)
    vTaskDelay                               0x0800405d   Thumb Code    66  tasks_1.o(i.vTaskDelay)
    vTaskInternalSetTimeOutState             0x080040a9   Thumb Code    12  tasks_1.o(i.vTaskInternalSetTimeOutState)
    vTaskMissedYield                         0x080040b9   Thumb Code     8  tasks_1.o(i.vTaskMissedYield)
    vTaskPlaceOnEventList                    0x080040c5   Thumb Code    44  tasks_1.o(i.vTaskPlaceOnEventList)
    vTaskPlaceOnEventListRestricted          0x080040f5   Thumb Code    52  tasks_1.o(i.vTaskPlaceOnEventListRestricted)
    vTaskPriorityDisinheritAfterTimeout      0x0800412d   Thumb Code   134  tasks_1.o(i.vTaskPriorityDisinheritAfterTimeout)
    vTaskStartScheduler                      0x080041bd   Thumb Code   118  tasks_1.o(i.vTaskStartScheduler)
    vTaskSuspendAll                          0x08004245   Thumb Code    10  tasks_1.o(i.vTaskSuspendAll)
    vTaskSwitchContext                       0x08004255   Thumb Code    90  tasks_1.o(i.vTaskSwitchContext)
    xPortStartScheduler                      0x080042b9   Thumb Code   154  port_1.o(i.xPortStartScheduler)
    xQueueGenericCreate                      0x08004361   Thumb Code    72  queue_1.o(i.xQueueGenericCreate)
    xQueueGenericCreateStatic                0x080043a9   Thumb Code   102  queue_1.o(i.xQueueGenericCreateStatic)
    xQueueGenericReset                       0x08004411   Thumb Code   132  queue_1.o(i.xQueueGenericReset)
    xQueueGenericSend                        0x08004499   Thumb Code   346  queue_1.o(i.xQueueGenericSend)
    xQueueGenericSendFromISR                 0x080045f9   Thumb Code   188  queue_1.o(i.xQueueGenericSendFromISR)
    xQueueReceive                            0x080046b5   Thumb Code   308  queue_1.o(i.xQueueReceive)
    xQueueSemaphoreTake                      0x080047ed   Thumb Code   372  queue_1.o(i.xQueueSemaphoreTake)
    xTaskCheckForTimeOut                     0x08004965   Thumb Code   112  tasks_1.o(i.xTaskCheckForTimeOut)
    xTaskCreate                              0x080049d9   Thumb Code    90  tasks_1.o(i.xTaskCreate)
    xTaskCreateStatic                        0x08004a33   Thumb Code    86  tasks_1.o(i.xTaskCreateStatic)
    xTaskGetSchedulerState                   0x08004a89   Thumb Code    22  tasks_1.o(i.xTaskGetSchedulerState)
    xTaskGetTickCount                        0x08004aa5   Thumb Code     6  tasks_1.o(i.xTaskGetTickCount)
    xTaskIncrementTick                       0x08004ab1   Thumb Code   190  tasks_1.o(i.xTaskIncrementTick)
    xTaskPriorityDisinherit                  0x08004b79   Thumb Code   118  tasks_1.o(i.xTaskPriorityDisinherit)
    xTaskPriorityInherit                     0x08004bf9   Thumb Code   112  tasks_1.o(i.xTaskPriorityInherit)
    xTaskRemoveFromEventList                 0x08004c71   Thumb Code    98  tasks_1.o(i.xTaskRemoveFromEventList)
    xTaskResumeAll                           0x08004ce1   Thumb Code   182  tasks_1.o(i.xTaskResumeAll)
    xTimerCreateTimerTask                    0x08004da5   Thumb Code    78  timers_1.o(i.xTimerCreateTimerTask)
    xTimerGenericCommand                     0x08004e05   Thumb Code    98  timers_1.o(i.xTimerGenericCommand)
    AHBPrescTable                            0x08004e6c   Data          16  system_stm32f1xx.o(.constdata)
    APBPrescTable                            0x08004e7c   Data           8  system_stm32f1xx.o(.constdata)
    Region$$Table$$Base                      0x08004e84   Number         0  anon$$obj.o(Region$$Table)
    Region$$Table$$Limit                     0x08004ea4   Number         0  anon$$obj.o(Region$$Table)
    DHT11_Task_Handler                       0x20000000   Data           4  freertos_user.o(.data)
    DHT_SEM                                  0x20000004   Data           4  freertos_user.o(.data)
    xDebugQueue                              0x20000008   Data           4  debug.o(.data)
    Uart1RxBuf                               0x2000000c   Data           1  main.o(.data)
    coreClock_1                              0x20000010   Data           4  main.o(.data)
    coreClock_2                              0x20000014   Data           4  main.o(.data)
    uwTickFreq                               0x20000018   Data           1  stm32f1xx_hal.o(.data)
    uwTickPrio                               0x2000001c   Data           4  stm32f1xx_hal.o(.data)
    uwTick                                   0x20000020   Data           4  stm32f1xx_hal.o(.data)
    SystemCoreClock                          0x20000024   Data           4  system_stm32f1xx.o(.data)
    Rh_byte1                                 0x20000028   Data           1  dht11.o(.data)
    Rh_byte2                                 0x20000029   Data           1  dht11.o(.data)
    Temp_byte1                               0x2000002a   Data           1  dht11.o(.data)
    Temp_byte2                               0x2000002b   Data           1  dht11.o(.data)
    SUM                                      0x2000002c   Data           2  dht11.o(.data)
    TEMP                                     0x2000002e   Data           2  dht11.o(.data)
    RH                                       0x20000030   Data           2  dht11.o(.data)
    Temperature                              0x20000034   Data           4  dht11.o(.data)
    Humidity                                 0x20000038   Data           4  dht11.o(.data)
    pxCurrentTCB                             0x2000003c   Data           4  tasks_1.o(.data)
    hadc1                                    0x200000b0   Data          48  main.o(.bss)
    hi2c1                                    0x200000e0   Data          84  main.o(.bss)
    hspi2                                    0x20000134   Data          88  main.o(.bss)
    htim2                                    0x2000018c   Data          72  main.o(.bss)
    huart1                                   0x200001d4   Data          64  main.o(.bss)
    hdma_memtomem_dma1_channel2              0x20000214   Data          68  main.o(.bss)
    hdma_adc1                                0x20000258   Data          68  main.o(.bss)
    hdma_i2c1_rx                             0x2000029c   Data          68  main.o(.bss)
    hdma_i2c1_tx                             0x200002e0   Data          68  main.o(.bss)
    hdma_spi2_rx                             0x20000324   Data          68  main.o(.bss)
    hdma_spi2_tx                             0x20000368   Data          68  main.o(.bss)
    htim1                                    0x200003ac   Data          72  stm32f1xx_hal_timebase_tim.o(.bss)
    xQueueRegistry                           0x200003f4   Data          64  queue_1.o(.bss)
    __initial_sp                             0x200020c8   Data           0  startup_stm32f103xb.o(STACK)



==============================================================================

Memory Map of the image

  Image Entry point : 0x080000ed

  Load Region LR_IROM1 (Base: 0x08000000, Size: 0x00004f54, Max: 0x00010000, ABSOLUTE)

    Execution Region ER_IROM1 (Base: 0x08000000, Size: 0x00004ea4, Max: 0x00010000, ABSOLUTE)

    Base Addr    Size         Type   Attr      Idx    E Section Name        Object

    0x08000000   0x000000ec   Data   RO            3    RESET               startup_stm32f103xb.o
    0x080000ec   0x00000000   Code   RO         5626  * .ARM.Collect$$$$00000000  mc_w.l(entry.o)
    0x080000ec   0x00000004   Code   RO         5912    .ARM.Collect$$$$00000001  mc_w.l(entry2.o)
    0x080000f0   0x00000004   Code   RO         5915    .ARM.Collect$$$$00000004  mc_w.l(entry5.o)
    0x080000f4   0x00000000   Code   RO         5917    .ARM.Collect$$$$00000008  mc_w.l(entry7b.o)
    0x080000f4   0x00000000   Code   RO         5919    .ARM.Collect$$$$0000000A  mc_w.l(entry8b.o)
    0x080000f4   0x00000008   Code   RO         5920    .ARM.Collect$$$$0000000B  mc_w.l(entry9a.o)
    0x080000fc   0x00000000   Code   RO         5922    .ARM.Collect$$$$0000000D  mc_w.l(entry10a.o)
    0x080000fc   0x00000000   Code   RO         5924    .ARM.Collect$$$$0000000F  mc_w.l(entry11a.o)
    0x080000fc   0x00000004   Code   RO         5913    .ARM.Collect$$$$00002712  mc_w.l(entry2.o)
    0x08000100   0x00000096   Code   RO         5549    .emb_text           port_1.o
    0x08000196   0x00000002   PAD
    0x08000198   0x00000024   Code   RO            4    .text               startup_stm32f103xb.o
    0x080001bc   0x00000020   Code   RO         5629    .text               mc_w.l(llushr.o)
    0x080001dc   0x00000024   Code   RO         5631    .text               mc_w.l(memcpya.o)
    0x08000200   0x00000024   Code   RO         5635    .text               mc_w.l(memseta.o)
    0x08000224   0x0000000e   Code   RO         5637    .text               mc_w.l(strlen.o)
    0x08000232   0x0000014e   Code   RO         5902    .text               mf_w.l(dadd.o)
    0x08000380   0x000000e4   Code   RO         5904    .text               mf_w.l(dmul.o)
    0x08000464   0x0000001a   Code   RO         5906    .text               mf_w.l(dfltui.o)
    0x0800047e   0x00000026   Code   RO         5908    .text               mf_w.l(f2d.o)
    0x080004a4   0x00000038   Code   RO         5910    .text               mf_w.l(d2f.o)
    0x080004dc   0x0000002c   Code   RO         5929    .text               mc_w.l(uidiv.o)
    0x08000508   0x00000062   Code   RO         5931    .text               mc_w.l(uldiv.o)
    0x0800056a   0x0000001e   Code   RO         5933    .text               mc_w.l(llshl.o)
    0x08000588   0x00000024   Code   RO         5935    .text               mc_w.l(llsshr.o)
    0x080005ac   0x00000000   Code   RO         5937    .text               mc_w.l(iusefp.o)
    0x080005ac   0x0000006e   Code   RO         5938    .text               mf_w.l(fepilogue.o)
    0x0800061a   0x000000ba   Code   RO         5940    .text               mf_w.l(depilogue.o)
    0x080006d4   0x000000de   Code   RO         5942    .text               mf_w.l(ddiv.o)
    0x080007b2   0x00000030   Code   RO         5944    .text               mf_w.l(dfixul.o)
    0x080007e2   0x00000002   PAD
    0x080007e4   0x00000030   Code   RO         5946    .text               mf_w.l(cdrcmple.o)
    0x08000814   0x00000024   Code   RO         5948    .text               mc_w.l(init.o)
    0x08000838   0x0000004c   Code   RO          620    i.ADC_ConversionStop_Disable  stm32f1xx_hal_adc.o
    0x08000884   0x00000002   Code   RO          360    i.BusFault_Handler  stm32f1xx_it.o
    0x08000886   0x00000002   PAD
    0x08000888   0x0000003c   Code   RO         3952    i.DHT11_Check_Response  dht11.o
    0x080008c4   0x000000c0   Code   RO         3953    i.DHT11_Get_Data    dht11.o
    0x08000984   0x0000005c   Code   RO         3954    i.DHT11_Read        dht11.o
    0x080009e0   0x00000040   Code   RO         3955    i.DHT11_Start       dht11.o
    0x08000a20   0x000000e8   Code   RO         3956    i.DHT11_Task        dht11.o
    0x08000b08   0x00000018   Code   RO         3957    i.DHT_Delay         dht11.o
    0x08000b20   0x0000000c   Code   RO          361    i.DMA1_Channel1_IRQHandler  stm32f1xx_it.o
    0x08000b2c   0x0000000c   Code   RO          362    i.DMA1_Channel4_IRQHandler  stm32f1xx_it.o
    0x08000b38   0x0000000c   Code   RO          363    i.DMA1_Channel5_IRQHandler  stm32f1xx_it.o
    0x08000b44   0x0000000c   Code   RO          364    i.DMA1_Channel6_IRQHandler  stm32f1xx_it.o
    0x08000b50   0x0000000c   Code   RO          365    i.DMA1_Channel7_IRQHandler  stm32f1xx_it.o
    0x08000b5c   0x00000002   Code   RO          366    i.DebugMon_Handler  stm32f1xx_it.o
    0x08000b5e   0x00000002   PAD
    0x08000b60   0x00000020   Code   RO          200    i.Debug_Print       debug.o
    0x08000b80   0x00000004   Code   RO          238    i.Error_Handler     main.o
    0x08000b84   0x000000fc   Code   RO          626    i.HAL_ADC_ConfigChannel  stm32f1xx_hal_adc.o
    0x08000c80   0x0000011c   Code   RO          635    i.HAL_ADC_Init      stm32f1xx_hal_adc.o
    0x08000d9c   0x0000008c   Code   RO          461    i.HAL_ADC_MspInit   stm32f1xx_hal_msp.o
    0x08000e28   0x00000098   Code   RO         1276    i.HAL_DMA_Abort_IT  stm32f1xx_hal_dma.o
    0x08000ec0   0x00000154   Code   RO         1280    i.HAL_DMA_IRQHandler  stm32f1xx_hal_dma.o
    0x08001014   0x0000005c   Code   RO         1281    i.HAL_DMA_Init      stm32f1xx_hal_dma.o
    0x08001070   0x000001e0   Code   RO         1211    i.HAL_GPIO_Init     stm32f1xx_hal_gpio.o
    0x08001250   0x0000000a   Code   RO         1213    i.HAL_GPIO_ReadPin  stm32f1xx_hal_gpio.o
    0x0800125a   0x00000010   Code   RO         1214    i.HAL_GPIO_TogglePin  stm32f1xx_hal_gpio.o
    0x0800126a   0x0000000a   Code   RO         1215    i.HAL_GPIO_WritePin  stm32f1xx_hal_gpio.o
    0x08001274   0x0000000c   Code   RO          907    i.HAL_GetTick       stm32f1xx_hal.o
    0x08001280   0x00000188   Code   RO         1882    i.HAL_I2C_Init      stm32f1xx_hal_i2c.o
    0x08001408   0x000000c4   Code   RO          463    i.HAL_I2C_MspInit   stm32f1xx_hal_msp.o
    0x080014cc   0x00000010   Code   RO          913    i.HAL_IncTick       stm32f1xx_hal.o
    0x080014dc   0x00000024   Code   RO          914    i.HAL_Init          stm32f1xx_hal.o
    0x08001500   0x00000074   Code   RO          545    i.HAL_InitTick      stm32f1xx_hal_timebase_tim.o
    0x08001574   0x00000048   Code   RO          464    i.HAL_MspInit       stm32f1xx_hal_msp.o
    0x080015bc   0x0000001a   Code   RO         1371    i.HAL_NVIC_EnableIRQ  stm32f1xx_hal_cortex.o
    0x080015d6   0x00000002   PAD
    0x080015d8   0x00000040   Code   RO         1377    i.HAL_NVIC_SetPriority  stm32f1xx_hal_cortex.o
    0x08001618   0x00000024   Code   RO         1378    i.HAL_NVIC_SetPriorityGrouping  stm32f1xx_hal_cortex.o
    0x0800163c   0x000000ec   Code   RO         1174    i.HAL_RCCEx_PeriphCLKConfig  stm32f1xx_hal_rcc_ex.o
    0x08001728   0x0000012c   Code   RO         1071    i.HAL_RCC_ClockConfig  stm32f1xx_hal_rcc.o
    0x08001854   0x00000040   Code   RO         1075    i.HAL_RCC_GetClockConfig  stm32f1xx_hal_rcc.o
    0x08001894   0x00000020   Code   RO         1078    i.HAL_RCC_GetPCLK1Freq  stm32f1xx_hal_rcc.o
    0x080018b4   0x00000020   Code   RO         1079    i.HAL_RCC_GetPCLK2Freq  stm32f1xx_hal_rcc.o
    0x080018d4   0x0000006c   Code   RO         1080    i.HAL_RCC_GetSysClockFreq  stm32f1xx_hal_rcc.o
    0x08001940   0x00000320   Code   RO         1083    i.HAL_RCC_OscConfig  stm32f1xx_hal_rcc.o
    0x08001c60   0x000000b2   Code   RO         2309    i.HAL_SPI_Init      stm32f1xx_hal_spi.o
    0x08001d12   0x00000002   PAD
    0x08001d14   0x000000d8   Code   RO          466    i.HAL_SPI_MspInit   stm32f1xx_hal_msp.o
    0x08001dec   0x00000002   Code   RO         3326    i.HAL_TIMEx_BreakCallback  stm32f1xx_hal_tim_ex.o
    0x08001dee   0x00000002   Code   RO         3327    i.HAL_TIMEx_CommutCallback  stm32f1xx_hal_tim_ex.o
    0x08001df0   0x00000068   Code   RO         3345    i.HAL_TIMEx_MasterConfigSynchronization  stm32f1xx_hal_tim_ex.o
    0x08001e58   0x0000005a   Code   RO         2622    i.HAL_TIM_Base_Init  stm32f1xx_hal_tim.o
    0x08001eb2   0x00000002   PAD
    0x08001eb4   0x00000024   Code   RO          468    i.HAL_TIM_Base_MspInit  stm32f1xx_hal_msp.o
    0x08001ed8   0x00000050   Code   RO         2625    i.HAL_TIM_Base_Start  stm32f1xx_hal_tim.o
    0x08001f28   0x00000058   Code   RO         2627    i.HAL_TIM_Base_Start_IT  stm32f1xx_hal_tim.o
    0x08001f80   0x000000d6   Code   RO         2631    i.HAL_TIM_ConfigClockSource  stm32f1xx_hal_tim.o
    0x08002056   0x00000002   Code   RO         2656    i.HAL_TIM_IC_CaptureCallback  stm32f1xx_hal_tim.o
    0x08002058   0x00000166   Code   RO         2670    i.HAL_TIM_IRQHandler  stm32f1xx_hal_tim.o
    0x080021be   0x00000002   Code   RO         2673    i.HAL_TIM_OC_DelayElapsedCallback  stm32f1xx_hal_tim.o
    0x080021c0   0x00000002   Code   RO         2700    i.HAL_TIM_PWM_PulseFinishedCallback  stm32f1xx_hal_tim.o
    0x080021c2   0x00000002   PAD
    0x080021c4   0x00000014   Code   RO          239    i.HAL_TIM_PeriodElapsedCallback  main.o
    0x080021d8   0x00000002   Code   RO         2713    i.HAL_TIM_TriggerCallback  stm32f1xx_hal_tim.o
    0x080021da   0x00000002   Code   RO         3614    i.HAL_UART_ErrorCallback  stm32f1xx_hal_uart.o
    0x080021dc   0x0000015c   Code   RO         3617    i.HAL_UART_IRQHandler  stm32f1xx_hal_uart.o
    0x08002338   0x00000062   Code   RO         3618    i.HAL_UART_Init     stm32f1xx_hal_uart.o
    0x0800239a   0x00000002   PAD
    0x0800239c   0x00000080   Code   RO          470    i.HAL_UART_MspInit  stm32f1xx_hal_msp.o
    0x0800241c   0x00000052   Code   RO         3623    i.HAL_UART_Receive_IT  stm32f1xx_hal_uart.o
    0x0800246e   0x00000002   PAD
    0x08002470   0x00000034   Code   RO          240    i.HAL_UART_RxCpltCallback  main.o
    0x080024a4   0x000000b2   Code   RO         3626    i.HAL_UART_Transmit  stm32f1xx_hal_uart.o
    0x08002556   0x00000002   Code   RO         3629    i.HAL_UART_TxCpltCallback  stm32f1xx_hal_uart.o
    0x08002558   0x00000002   Code   RO          367    i.HardFault_Handler  stm32f1xx_it.o
    0x0800255a   0x00000002   PAD
    0x0800255c   0x0000004c   Code   RO          241    i.MX_ADC1_Init      main.o
    0x080025a8   0x0000009c   Code   RO          242    i.MX_DMA_Init       main.o
    0x08002644   0x000000bc   Code   RO          243    i.MX_GPIO_Init      main.o
    0x08002700   0x00000040   Code   RO          244    i.MX_SPI2_Init      main.o
    0x08002740   0x00000064   Code   RO          245    i.MX_TIM2_Init      main.o
    0x080027a4   0x00000044   Code   RO          246    i.MX_USART1_UART_Init  main.o
    0x080027e8   0x00000002   Code   RO          368    i.MemManage_Handler  stm32f1xx_it.o
    0x080027ea   0x00000002   Code   RO          369    i.NMI_Handler       stm32f1xx_it.o
    0x080027ec   0x00000084   Code   RO           13    i.RTOS              freertos_user.o
    0x08002870   0x00000014   Code   RO         3958    i.Set_Pin_Input     dht11.o
    0x08002884   0x00000018   Code   RO         3959    i.Set_Pin_Output    dht11.o
    0x0800289c   0x0000002c   Code   RO         5550    i.SysTick_Handler   port_1.o
    0x080028c8   0x00000076   Code   RO          247    i.SystemClock_Config  main.o
    0x0800293e   0x00000002   Code   RO         3915    i.SystemInit        system_stm32f1xx.o
    0x08002940   0x0000000c   Code   RO          370    i.TIM1_UP_IRQHandler  stm32f1xx_it.o
    0x0800294c   0x0000006c   Code   RO         2715    i.TIM_Base_SetConfig  stm32f1xx_hal_tim.o
    0x080029b8   0x00000014   Code   RO         2726    i.TIM_ETR_SetConfig  stm32f1xx_hal_tim.o
    0x080029cc   0x00000010   Code   RO         2727    i.TIM_ITRx_SetConfig  stm32f1xx_hal_tim.o
    0x080029dc   0x00000022   Code   RO         2733    i.TIM_TI1_ConfigInputStage  stm32f1xx_hal_tim.o
    0x080029fe   0x00000024   Code   RO         2735    i.TIM_TI2_ConfigInputStage  stm32f1xx_hal_tim.o
    0x08002a22   0x00000010   Code   RO         3631    i.UART_DMAAbortOnError  stm32f1xx_hal_uart.o
    0x08002a32   0x0000001c   Code   RO         3641    i.UART_EndRxTransfer  stm32f1xx_hal_uart.o
    0x08002a4e   0x0000008c   Code   RO         3643    i.UART_Receive_IT   stm32f1xx_hal_uart.o
    0x08002ada   0x00000002   PAD
    0x08002adc   0x000000b8   Code   RO         3644    i.UART_SetConfig    stm32f1xx_hal_uart.o
    0x08002b94   0x00000064   Code   RO         3645    i.UART_WaitOnFlagUntilTimeout  stm32f1xx_hal_uart.o
    0x08002bf8   0x0000000c   Code   RO          371    i.USART1_IRQHandler  stm32f1xx_it.o
    0x08002c04   0x00000002   Code   RO          372    i.UsageFault_Handler  stm32f1xx_it.o
    0x08002c06   0x00000002   PAD
    0x08002c08   0x00000028   Code   RO         5876    i.__0sprintf        mc_w.l(printfa.o)
    0x08002c30   0x00000020   Code   RO         1384    i.__NVIC_SetPriority  stm32f1xx_hal_cortex.o
    0x08002c50   0x0000000e   Code   RO         5954    i.__scatterload_copy  mc_w.l(handlers.o)
    0x08002c5e   0x00000002   Code   RO         5955    i.__scatterload_null  mc_w.l(handlers.o)
    0x08002c60   0x0000000e   Code   RO         5956    i.__scatterload_zeroinit  mc_w.l(handlers.o)
    0x08002c6e   0x00000002   PAD
    0x08002c70   0x00000164   Code   RO         5881    i._fp_digits        mc_w.l(printfa.o)
    0x08002dd4   0x000006dc   Code   RO         5882    i._printf_core      mc_w.l(printfa.o)
    0x080034b0   0x00000024   Code   RO         5883    i._printf_post_padding  mc_w.l(printfa.o)
    0x080034d4   0x0000002e   Code   RO         5884    i._printf_pre_padding  mc_w.l(printfa.o)
    0x08003502   0x0000000a   Code   RO         5886    i._sputc            mc_w.l(printfa.o)
    0x0800350c   0x00000078   Code   RO          248    i.main              main.o
    0x08003584   0x0000005c   Code   RO         4578    i.prvAddCurrentTaskToDelayedList  tasks_1.o
    0x080035e0   0x000000d0   Code   RO         4579    i.prvAddNewTaskToReadyList  tasks_1.o
    0x080036b0   0x00000058   Code   RO         4928    i.prvCheckForValidListAndQueue  timers_1.o
    0x08003708   0x00000026   Code   RO         4184    i.prvCopyDataFromQueue  queue_1.o
    0x0800372e   0x0000006c   Code   RO         4185    i.prvCopyDataToQueue  queue_1.o
    0x0800379a   0x00000034   Code   RO         4580    i.prvDeleteTCB      tasks_1.o
    0x080037ce   0x00000002   PAD
    0x080037d0   0x0000004c   Code   RO         5500    i.prvHeapInit       heap_4_1.o
    0x0800381c   0x00000060   Code   RO         4581    i.prvIdleTask       tasks_1.o
    0x0800387c   0x00000022   Code   RO         4187    i.prvInitialiseNewQueue  queue_1.o
    0x0800389e   0x0000009c   Code   RO         4582    i.prvInitialiseNewTask  tasks_1.o
    0x0800393a   0x00000002   PAD
    0x0800393c   0x0000004c   Code   RO         5501    i.prvInsertBlockIntoFreeList  heap_4_1.o
    0x08003988   0x00000038   Code   RO         4930    i.prvInsertTimerInActiveList  timers_1.o
    0x080039c0   0x0000001c   Code   RO         4188    i.prvIsQueueEmpty   queue_1.o
    0x080039dc   0x000000cc   Code   RO         4931    i.prvProcessReceivedCommands  timers_1.o
    0x08003aa8   0x000000b4   Code   RO         4932    i.prvProcessTimerOrBlockTask  timers_1.o
    0x08003b5c   0x00000020   Code   RO         4584    i.prvResetNextTaskUnblockTime  tasks_1.o
    0x08003b7c   0x00000028   Code   RO         4933    i.prvSampleTimeNow  timers_1.o
    0x08003ba4   0x0000006c   Code   RO         4934    i.prvSwitchTimerLists  timers_1.o
    0x08003c10   0x00000028   Code   RO         5551    i.prvTaskExitError  port_1.o
    0x08003c38   0x00000024   Code   RO         4935    i.prvTimerTask      timers_1.o
    0x08003c5c   0x0000006a   Code   RO         4189    i.prvUnlockQueue    queue_1.o
    0x08003cc6   0x00000002   PAD
    0x08003cc8   0x000000d8   Code   RO         5502    i.pvPortMalloc      heap_4_1.o
    0x08003da0   0x00000018   Code   RO         4587    i.pvTaskIncrementMutexHeldCount  tasks_1.o
    0x08003db8   0x00000024   Code   RO         5552    i.pxPortInitialiseStack  port_1.o
    0x08003ddc   0x00000020   Code   RO           14    i.togglePin         freertos_user.o
    0x08003dfc   0x00000026   Code   RO         4144    i.uxListRemove      list_1.o
    0x08003e22   0x00000002   PAD
    0x08003e24   0x00000014   Code   RO         5145    i.vApplicationGetIdleTaskMemory  cmsis_os2.o
    0x08003e38   0x00000018   Code   RO         5146    i.vApplicationGetTimerTaskMemory  cmsis_os2.o
    0x08003e50   0x00000016   Code   RO         4145    i.vListInitialise   list_1.o
    0x08003e66   0x00000006   Code   RO         4146    i.vListInitialiseItem  list_1.o
    0x08003e6c   0x00000030   Code   RO         4147    i.vListInsert       list_1.o
    0x08003e9c   0x00000018   Code   RO         4148    i.vListInsertEnd    list_1.o
    0x08003eb4   0x00000040   Code   RO         5554    i.vPortEnterCritical  port_1.o
    0x08003ef4   0x00000028   Code   RO         5555    i.vPortExitCritical  port_1.o
    0x08003f1c   0x0000005c   Code   RO         5503    i.vPortFree         heap_4_1.o
    0x08003f78   0x00000024   Code   RO         5556    i.vPortSetupTimerInterrupt  port_1.o
    0x08003f9c   0x00000054   Code   RO         5557    i.vPortValidateInterruptPriority  port_1.o
    0x08003ff0   0x00000028   Code   RO         4195    i.vQueueAddToRegistry  queue_1.o
    0x08004018   0x00000044   Code   RO         4199    i.vQueueWaitForMessageRestricted  queue_1.o
    0x0800405c   0x0000004c   Code   RO         4596    i.vTaskDelay        tasks_1.o
    0x080040a8   0x00000010   Code   RO         4601    i.vTaskInternalSetTimeOutState  tasks_1.o
    0x080040b8   0x0000000c   Code   RO         4602    i.vTaskMissedYield  tasks_1.o
    0x080040c4   0x00000030   Code   RO         4604    i.vTaskPlaceOnEventList  tasks_1.o
    0x080040f4   0x00000038   Code   RO         4605    i.vTaskPlaceOnEventListRestricted  tasks_1.o
    0x0800412c   0x00000090   Code   RO         4607    i.vTaskPriorityDisinheritAfterTimeout  tasks_1.o
    0x080041bc   0x00000088   Code   RO         4613    i.vTaskStartScheduler  tasks_1.o
    0x08004244   0x00000010   Code   RO         4615    i.vTaskSuspendAll   tasks_1.o
    0x08004254   0x00000064   Code   RO         4616    i.vTaskSwitchContext  tasks_1.o
    0x080042b8   0x000000a8   Code   RO         5558    i.xPortStartScheduler  port_1.o
    0x08004360   0x00000048   Code   RO         4204    i.xQueueGenericCreate  queue_1.o
    0x080043a8   0x00000066   Code   RO         4205    i.xQueueGenericCreateStatic  queue_1.o
    0x0800440e   0x00000002   PAD
    0x08004410   0x00000088   Code   RO         4206    i.xQueueGenericReset  queue_1.o
    0x08004498   0x00000160   Code   RO         4207    i.xQueueGenericSend  queue_1.o
    0x080045f8   0x000000bc   Code   RO         4208    i.xQueueGenericSendFromISR  queue_1.o
    0x080046b4   0x00000138   Code   RO         4217    i.xQueueReceive     queue_1.o
    0x080047ec   0x00000178   Code   RO         4219    i.xQueueSemaphoreTake  queue_1.o
    0x08004964   0x00000074   Code   RO         4617    i.xTaskCheckForTimeOut  tasks_1.o
    0x080049d8   0x0000005a   Code   RO         4618    i.xTaskCreate       tasks_1.o
    0x08004a32   0x00000056   Code   RO         4619    i.xTaskCreateStatic  tasks_1.o
    0x08004a88   0x0000001c   Code   RO         4623    i.xTaskGetSchedulerState  tasks_1.o
    0x08004aa4   0x0000000c   Code   RO         4624    i.xTaskGetTickCount  tasks_1.o
    0x08004ab0   0x000000c8   Code   RO         4626    i.xTaskIncrementTick  tasks_1.o
    0x08004b78   0x00000080   Code   RO         4629    i.xTaskPriorityDisinherit  tasks_1.o
    0x08004bf8   0x00000078   Code   RO         4630    i.xTaskPriorityInherit  tasks_1.o
    0x08004c70   0x00000070   Code   RO         4631    i.xTaskRemoveFromEventList  tasks_1.o
    0x08004ce0   0x000000c4   Code   RO         4632    i.xTaskResumeAll    tasks_1.o
    0x08004da4   0x00000060   Code   RO         4942    i.xTimerCreateTimerTask  timers_1.o
    0x08004e04   0x00000068   Code   RO         4943    i.xTimerGenericCommand  timers_1.o
    0x08004e6c   0x00000010   Data   RO         3916    .constdata          system_stm32f1xx.o
    0x08004e7c   0x00000008   Data   RO         3917    .constdata          system_stm32f1xx.o
    0x08004e84   0x00000020   Data   RO         5952    Region$$Table       anon$$obj.o


    Execution Region RW_IRAM1 (Base: 0x20000000, Size: 0x000020c8, Max: 0x00005000, ABSOLUTE)

    Base Addr    Size         Type   Attr      Idx    E Section Name        Object

    0x20000000   0x00000008   Data   RW           15    .data               freertos_user.o
    0x20000008   0x00000004   Data   RW          203    .data               debug.o
    0x2000000c   0x0000000c   Data   RW          255    .data               main.o
    0x20000018   0x0000000c   Data   RW          921    .data               stm32f1xx_hal.o
    0x20000024   0x00000004   Data   RW         3918    .data               system_stm32f1xx.o
    0x20000028   0x00000014   Data   RW         3960    .data               dht11.o
    0x2000003c   0x0000003c   Data   RW         4635    .data               tasks_1.o
    0x20000078   0x00000014   Data   RW         4951    .data               timers_1.o
    0x2000008c   0x00000018   Data   RW         5508    .data               heap_4_1.o
    0x200000a4   0x0000000c   Data   RW         5559    .data               port_1.o
    0x200000b0   0x000001a8   Zero   RW          249    .bss                main.o
    0x20000258   0x00000044   Zero   RW          250    .bss                main.o
    0x2000029c   0x00000044   Zero   RW          251    .bss                main.o
    0x200002e0   0x00000044   Zero   RW          252    .bss                main.o
    0x20000324   0x00000044   Zero   RW          253    .bss                main.o
    0x20000368   0x00000044   Zero   RW          254    .bss                main.o
    0x200003ac   0x00000048   Zero   RW          548    .bss                stm32f1xx_hal_timebase_tim.o
    0x200003f4   0x00000040   Zero   RW         4221    .bss                queue_1.o
    0x20000434   0x000004c4   Zero   RW         4634    .bss                tasks_1.o
    0x200008f8   0x00000118   Zero   RW         4950    .bss                timers_1.o
    0x20000a10   0x000006b8   Zero   RW         5147    .bss                cmsis_os2.o
    0x200010c8   0x00000c00   Zero   RW         5507    .bss                heap_4_1.o
    0x20001cc8   0x00000400   Zero   RW            1    STACK               startup_stm32f103xb.o


==============================================================================

Image component sizes


      Code (inc. data)   RO Data    RW Data    ZI Data      Debug   Object Name

        44         10          0          0       1720       7445   cmsis_os2.o
        32          6          0          4          0       1389   debug.o
       708        102          0         20          0       6438   dht11.o
         0          0          0          0          0      18012   event_groups.o
       164         48          0          8          0     474791   freertos_user.o
       460         24          0         24       3072       5147   heap_4_1.o
       138          0          0          0          0       3870   list_1.o
       966         98          0         12        764       8056   main.o
       662         70          0         12          0      11769   port_1.o
      1960         24          0          0         64      18504   queue_1.o
        36          8        236          0       1024        884   startup_stm32f103xb.o
        64         14          0         12          0       5118   stm32f1xx_hal.o
       612         24          0          0          0       3608   stm32f1xx_hal_adc.o
       158         14          0          0          0      28578   stm32f1xx_hal_cortex.o
       584         36          0          0          0       3039   stm32f1xx_hal_dma.o
       516         34          0          0          0       4532   stm32f1xx_hal_gpio.o
       392         16          0          0          0       3247   stm32f1xx_hal_i2c.o
       788         98          0          0          0       5214   stm32f1xx_hal_msp.o
      1336        110          0          0          0       6373   stm32f1xx_hal_rcc.o
       236         12          0          0          0       1540   stm32f1xx_hal_rcc_ex.o
       178          0          0          0          0       1391   stm32f1xx_hal_spi.o
      1052         40          0          0          0      11510   stm32f1xx_hal_tim.o
       108         12          0          0          0       2689   stm32f1xx_hal_tim_ex.o
       116         18          0          0         72       1659   stm32f1xx_hal_timebase_tim.o
      1178         10          0          0          0       9927   stm32f1xx_hal_uart.o
        96         42          0          0          0       6733   stm32f1xx_it.o
         0          0          0          0          0       8972   stream_buffer.o
         2          0         24          4          0       1359   system_stm32f1xx.o
      2352        194          0         60       1220      27941   tasks_1.o
       912         82          0         20        280      27183   timers_1.o

    ----------------------------------------------------------------------
     15884       1146        292        176       8216     716918   Object Totals
         0          0         32          0          0          0   (incl. Generated)
        34          0          0          0          0          0   (incl. Padding)

    ----------------------------------------------------------------------

      Code (inc. data)   RO Data    RW Data    ZI Data      Debug   Library Member Name

         0          0          0          0          0          0   entry.o
         0          0          0          0          0          0   entry10a.o
         0          0          0          0          0          0   entry11a.o
         8          4          0          0          0          0   entry2.o
         4          0          0          0          0          0   entry5.o
         0          0          0          0          0          0   entry7b.o
         0          0          0          0          0          0   entry8b.o
         8          4          0          0          0          0   entry9a.o
        30          0          0          0          0          0   handlers.o
        36          8          0          0          0         68   init.o
         0          0          0          0          0          0   iusefp.o
        30          0          0          0          0         68   llshl.o
        36          0          0          0          0         68   llsshr.o
        32          0          0          0          0         68   llushr.o
        36          0          0          0          0         68   memcpya.o
        36          0          0          0          0        108   memseta.o
      2244         86          0          0          0        512   printfa.o
        14          0          0          0          0         68   strlen.o
        44          0          0          0          0         80   uidiv.o
        98          0          0          0          0         92   uldiv.o
        48          0          0          0          0         68   cdrcmple.o
        56          0          0          0          0         88   d2f.o
       334          0          0          0          0        148   dadd.o
       222          0          0          0          0        100   ddiv.o
       186          0          0          0          0        176   depilogue.o
        48          0          0          0          0         68   dfixul.o
        26          0          0          0          0         76   dfltui.o
       228          0          0          0          0         96   dmul.o
        38          0          0          0          0         68   f2d.o
       110          0          0          0          0        168   fepilogue.o

    ----------------------------------------------------------------------
      3956        102          0          0          0       2256   Library Totals
         4          0          0          0          0          0   (incl. Padding)

    ----------------------------------------------------------------------

      Code (inc. data)   RO Data    RW Data    ZI Data      Debug   Library Name

      2656        102          0          0          0       1200   mc_w.l
      1296          0          0          0          0       1056   mf_w.l

    ----------------------------------------------------------------------
      3956        102          0          0          0       2256   Library Totals

    ----------------------------------------------------------------------

==============================================================================


      Code (inc. data)   RO Data    RW Data    ZI Data      Debug   

     19840       1248        292        176       8216     709706   Grand Totals
     19840       1248        292        176       8216     709706   ELF Image Totals
     19840       1248        292        176          0          0   ROM Totals

==============================================================================

    Total RO  Size (Code + RO Data)                20132 (  19.66kB)
    Total RW  Size (RW Data + ZI Data)              8392 (   8.20kB)
    Total ROM Size (Code + RO Data + RW Data)      20308 (  19.83kB)

==============================================================================

