Component: ARM Compiler 5.06 update 2 (build 183) Tool: armlink [4d35b7]

==============================================================================

Section Cross References

    startup_stm32f103xb.o(RESET) refers to startup_stm32f103xb.o(STACK) for __initial_sp
    startup_stm32f103xb.o(RESET) refers to startup_stm32f103xb.o(.text) for Reset_Handler
    startup_stm32f103xb.o(RESET) refers to stm32f1xx_it.o(i.NMI_Handler) for NMI_Handler
    startup_stm32f103xb.o(RESET) refers to stm32f1xx_it.o(i.HardFault_Handler) for HardFault_Handler
    startup_stm32f103xb.o(RESET) refers to stm32f1xx_it.o(i.MemManage_Handler) for MemManage_Handler
    startup_stm32f103xb.o(RESET) refers to stm32f1xx_it.o(i.BusFault_Handler) for BusFault_Handler
    startup_stm32f103xb.o(RESET) refers to stm32f1xx_it.o(i.UsageFault_Handler) for UsageFault_Handler
    startup_stm32f103xb.o(RESET) refers to port.o(.emb_text) for SVC_Handler
    startup_stm32f103xb.o(RESET) refers to stm32f1xx_it.o(i.DebugMon_Handler) for DebugMon_Handler
    startup_stm32f103xb.o(RESET) refers to port.o(i.SysTick_Handler) for SysTick_Handler
    startup_stm32f103xb.o(RESET) refers to stm32f1xx_it.o(i.TIM1_UP_IRQHandler) for TIM1_UP_IRQHandler
    startup_stm32f103xb.o(RESET) refers to stm32f1xx_it.o(i.USART1_IRQHandler) for USART1_IRQHandler
    startup_stm32f103xb.o(.text) refers to system_stm32f1xx.o(i.SystemInit) for SystemInit
    startup_stm32f103xb.o(.text) refers to entry.o(.ARM.Collect$$$$00000000) for __main
    freertos_user.o(i.RTOS) refers to queue.o(i.xQueueGenericCreate) for xQueueGenericCreate
    freertos_user.o(i.RTOS) refers to queue.o(i.xQueueCreateMutex) for xQueueCreateMutex
    freertos_user.o(i.RTOS) refers to tasks.o(i.xTaskCreate) for xTaskCreate
    freertos_user.o(i.RTOS) refers to printfa.o(i.__0sprintf) for __2sprintf
    freertos_user.o(i.RTOS) refers to strlen.o(.text) for strlen
    freertos_user.o(i.RTOS) refers to stm32f1xx_hal_uart.o(i.HAL_UART_Transmit) for HAL_UART_Transmit
    freertos_user.o(i.RTOS) refers to stm32f1xx_hal_tim.o(i.HAL_TIM_Base_Start) for HAL_TIM_Base_Start
    freertos_user.o(i.RTOS) refers to tasks.o(i.vTaskStartScheduler) for vTaskStartScheduler
    freertos_user.o(i.RTOS) refers to debug.o(.data) for xDebugQueue
    freertos_user.o(i.RTOS) refers to debug.o(.data) for xDebugQueueMutex
    freertos_user.o(i.RTOS) refers to freertos_user.o(.data) for .data
    freertos_user.o(i.RTOS) refers to debug.o(.bss) for pcDebugBuffer
    freertos_user.o(i.RTOS) refers to dht11.o(i.DHT11_Task) for DHT11_Task
    freertos_user.o(i.RTOS) refers to bmp280.o(i.BMP280_Task) for BMP280_Task
    freertos_user.o(i.RTOS) refers to debug.o(i.prvDebug_Task) for prvDebug_Task
    freertos_user.o(i.RTOS) refers to gp2y101.o(i.GP2Y101_Task) for GP2Y101_Task
    freertos_user.o(i.RTOS) refers to main.o(.bss) for huart1
    freertos_user.o(i.togglePin) refers to stm32f1xx_hal_gpio.o(i.HAL_GPIO_TogglePin) for HAL_GPIO_TogglePin
    freertos_user.o(i.togglePin) refers to tasks.o(i.vTaskDelay) for vTaskDelay
    debug.o(i.Debug_Print) refers to queue.o(i.xQueueSemaphoreTake) for xQueueSemaphoreTake
    debug.o(i.Debug_Print) refers to strlen.o(.text) for strlen
    debug.o(i.Debug_Print) refers to stm32f1xx_hal_uart.o(i.HAL_UART_Transmit) for HAL_UART_Transmit
    debug.o(i.Debug_Print) refers to queue.o(i.xQueueGenericSend) for xQueueGenericSend
    debug.o(i.Debug_Print) refers to debug.o(.data) for .data
    debug.o(i.Debug_Print) refers to main.o(.bss) for huart1
    debug.o(i.System_Status) refers to tasks.o(i.vTaskDelay) for vTaskDelay
    debug.o(i.prvDebug_Task) refers to queue.o(i.xQueueReceive) for xQueueReceive
    debug.o(i.prvDebug_Task) refers to debug.o(i.Debug_Print) for Debug_Print
    debug.o(i.prvDebug_Task) refers to debug.o(.data) for .data
    main.o(i.Clock_48MHz) refers to stm32f1xx_hal_rcc.o(i.HAL_RCC_OscConfig) for HAL_RCC_OscConfig
    main.o(i.Clock_48MHz) refers to stm32f1xx_hal_rcc.o(i.HAL_RCC_ClockConfig) for HAL_RCC_ClockConfig
    main.o(i.Clock_48MHz) refers to stm32f1xx_hal_cortex.o(i.HAL_SYSTICK_CLKSourceConfig) for HAL_SYSTICK_CLKSourceConfig
    main.o(i.HAL_TIM_PeriodElapsedCallback) refers to stm32f1xx_hal.o(i.HAL_IncTick) for HAL_IncTick
    main.o(i.HAL_UART_RxCpltCallback) refers to stm32f1xx_hal_uart.o(i.HAL_UART_Transmit) for HAL_UART_Transmit
    main.o(i.HAL_UART_RxCpltCallback) refers to stm32f1xx_hal_uart.o(i.HAL_UART_Receive_IT) for HAL_UART_Receive_IT
    main.o(i.HAL_UART_RxCpltCallback) refers to main.o(.data) for .data
    main.o(i.HAL_UART_RxCpltCallback) refers to main.o(.bss) for .bss
    main.o(i.MX_ADC1_Init) refers to stm32f1xx_hal_adc.o(i.HAL_ADC_Init) for HAL_ADC_Init
    main.o(i.MX_ADC1_Init) refers to stm32f1xx_hal_adc.o(i.HAL_ADC_ConfigChannel) for HAL_ADC_ConfigChannel
    main.o(i.MX_ADC1_Init) refers to main.o(.bss) for .bss
    main.o(i.MX_GPIO_Init) refers to stm32f1xx_hal_gpio.o(i.HAL_GPIO_WritePin) for HAL_GPIO_WritePin
[...]
    I2C_WaitOnBTFFlagUntilTimeout            0x08002f85   Thumb Code    76  stm32f1xx_hal_i2c.o(i.I2C_WaitOnBTFFlagUntilTimeout)
    i.I2C_WaitOnFlagUntilTimeout             0x08002fd0   Section        0  stm32f1xx_hal_i2c.o(i.I2C_WaitOnFlagUntilTimeout)
    I2C_WaitOnFlagUntilTimeout               0x08002fd1   Thumb Code   104  stm32f1xx_hal_i2c.o(i.I2C_WaitOnFlagUntilTimeout)
    i.I2C_WaitOnMasterAddressFlagUntilTimeout 0x08003038   Section        0  stm32f1xx_hal_i2c.o(i.I2C_WaitOnMasterAddressFlagUntilTimeout)
    I2C_WaitOnMasterAddressFlagUntilTimeout  0x08003039   Thumb Code   150  stm32f1xx_hal_i2c.o(i.I2C_WaitOnMasterAddressFlagUntilTimeout)
    i.I2C_WaitOnRXNEFlagUntilTimeout         0x080030ce   Section        0  stm32f1xx_hal_i2c.o(i.I2C_WaitOnRXNEFlagUntilTimeout)
    I2C_WaitOnRXNEFlagUntilTimeout           0x080030cf   Thumb Code   102  stm32f1xx_hal_i2c.o(i.I2C_WaitOnRXNEFlagUntilTimeout)
    i.I2C_WaitOnTXEFlagUntilTimeout          0x08003134   Section        0  stm32f1xx_hal_i2c.o(i.I2C_WaitOnTXEFlagUntilTimeout)
    I2C_WaitOnTXEFlagUntilTimeout            0x08003135   Thumb Code    76  stm32f1xx_hal_i2c.o(i.I2C_WaitOnTXEFlagUntilTimeout)
    i.MX_ADC1_Init                           0x08003180   Section        0  main.o(i.MX_ADC1_Init)
    MX_ADC1_Init                             0x08003181   Thumb Code    68  main.o(i.MX_ADC1_Init)
    i.MX_GPIO_Init                           0x080031cc   Section        0  main.o(i.MX_GPIO_Init)
    MX_GPIO_Init                             0x080031cd   Thumb Code   170  main.o(i.MX_GPIO_Init)
    i.MX_SPI2_Init                           0x08003288   Section        0  main.o(i.MX_SPI2_Init)
    MX_SPI2_Init                             0x08003289   Thumb Code    56  main.o(i.MX_SPI2_Init)
    i.MX_TIM2_Init                           0x080032c8   Section        0  main.o(i.MX_TIM2_Init)
    MX_TIM2_Init                             0x080032c9   Thumb Code    96  main.o(i.MX_TIM2_Init)
    i.MX_TIM3_Init                           0x0800332c   Section        0  main.o(i.MX_TIM3_Init)
    MX_TIM3_Init                             0x0800332d   Thumb Code    94  main.o(i.MX_TIM3_Init)
    i.MX_USART1_UART_Init                    0x08003394   Section        0  main.o(i.MX_USART1_UART_Init)
    MX_USART1_UART_Init                      0x08003395   Thumb Code    60  main.o(i.MX_USART1_UART_Init)
    i.MemManage_Handler                      0x080033d8   Section        0  stm32f1xx_it.o(i.MemManage_Handler)
    i.NMI_Handler                            0x080033da   Section        0  stm32f1xx_it.o(i.NMI_Handler)
    i.RTOS                                   0x080033dc   Section        0  freertos_user.o(i.RTOS)
    i.Set_Pin_Input                          0x080035c0   Section        0  dht11.o(i.Set_Pin_Input)
    i.Set_Pin_Output                         0x080035d4   Section        0  dht11.o(i.Set_Pin_Output)
    i.SysTick_Handler                        0x080035ec   Section        0  port.o(i.SysTick_Handler)
    i.SystemClock_Config                     0x08003618   Section        0  main.o(i.SystemClock_Config)
    i.SystemInit                             0x0800368e   Section        0  system_stm32f1xx.o(i.SystemInit)
    i.TIM1_UP_IRQHandler                     0x08003690   Section        0  stm32f1xx_it.o(i.TIM1_UP_IRQHandler)
    i.TIM_Base_SetConfig                     0x0800369c   Section        0  stm32f1xx_hal_tim.o(i.TIM_Base_SetConfig)
    i.TIM_ETR_SetConfig                      0x08003708   Section        0  stm32f1xx_hal_tim.o(i.TIM_ETR_SetConfig)
    i.TIM_ITRx_SetConfig                     0x0800371c   Section        0  stm32f1xx_hal_tim.o(i.TIM_ITRx_SetConfig)
    TIM_ITRx_SetConfig                       0x0800371d   Thumb Code    16  stm32f1xx_hal_tim.o(i.TIM_ITRx_SetConfig)
    i.TIM_TI1_ConfigInputStage               0x0800372c   Section        0  stm32f1xx_hal_tim.o(i.TIM_TI1_ConfigInputStage)
    TIM_TI1_ConfigInputStage                 0x0800372d   Thumb Code    34  stm32f1xx_hal_tim.o(i.TIM_TI1_ConfigInputStage)
    i.TIM_TI2_ConfigInputStage               0x0800374e   Section        0  stm32f1xx_hal_tim.o(i.TIM_TI2_ConfigInputStage)
    TIM_TI2_ConfigInputStage                 0x0800374f   Thumb Code    36  stm32f1xx_hal_tim.o(i.TIM_TI2_ConfigInputStage)
    i.UART_DMAAbortOnError                   0x08003772   Section        0  stm32f1xx_hal_uart.o(i.UART_DMAAbortOnError)
    UART_DMAAbortOnError                     0x08003773   Thumb Code    16  stm32f1xx_hal_uart.o(i.UART_DMAAbortOnError)
    i.UART_EndRxTransfer                     0x08003782   Section        0  stm32f1xx_hal_uart.o(i.UART_EndRxTransfer)
    UART_EndRxTransfer                       0x08003783   Thumb Code    28  stm32f1xx_hal_uart.o(i.UART_EndRxTransfer)
    i.UART_Receive_IT                        0x0800379e   Section        0  stm32f1xx_hal_uart.o(i.UART_Receive_IT)
    UART_Receive_IT                          0x0800379f   Thumb Code   140  stm32f1xx_hal_uart.o(i.UART_Receive_IT)
    i.UART_SetConfig                         0x0800382c   Section        0  stm32f1xx_hal_uart.o(i.UART_SetConfig)
    UART_SetConfig                           0x0800382d   Thumb Code   178  stm32f1xx_hal_uart.o(i.UART_SetConfig)
    i.UART_WaitOnFlagUntilTimeout            0x080038e4   Section        0  stm32f1xx_hal_uart.o(i.UART_WaitOnFlagUntilTimeout)
    UART_WaitOnFlagUntilTimeout              0x080038e5   Thumb Code   100  stm32f1xx_hal_uart.o(i.UART_WaitOnFlagUntilTimeout)
    i.USART1_IRQHandler                      0x08003948   Section        0  stm32f1xx_it.o(i.USART1_IRQHandler)
    i.UsageFault_Handler                     0x08003954   Section        0  stm32f1xx_it.o(i.UsageFault_Handler)
    i.__0sprintf                             0x08003958   Section        0  printfa.o(i.__0sprintf)
    i.__NVIC_SetPriority                     0x08003980   Section        0  stm32f1xx_hal_cortex.o(i.__NVIC_SetPriority)
    __NVIC_SetPriority                       0x08003981   Thumb Code    32  stm32f1xx_hal_cortex.o(i.__NVIC_SetPriority)
    i.__scatterload_copy                     0x080039a0   Section       14  handlers.o(i.__scatterload_copy)
    i.__scatterload_null                     0x080039ae   Section        2  handlers.o(i.__scatterload_null)
    i.__scatterload_zeroinit                 0x080039b0   Section       14  handlers.o(i.__scatterload_zeroinit)
    i._fp_digits                             0x080039c0   Section        0  printfa.o(i._fp_digits)
    _fp_digits                               0x080039c1   Thumb Code   334  printfa.o(i._fp_digits)
    i._printf_core                           0x08003b24   Section        0  printfa.o(i._printf_core)
    _printf_core                             0x08003b25   Thumb Code  1744  printfa.o(i._printf_core)
    i._printf_post_padding                   0x08004200   Section        0  printfa.o(i._printf_post_padding)
    _printf_post_padding                     0x08004201   Thumb Code    36  printfa.o(i._printf_post_padding)
    i._printf_pre_padding                    0x08004224   Section        0  printfa.o(i._printf_pre_padding)
    _printf_pre_padding                      0x08004225   Thumb Code    46  printfa.o(i._printf_pre_padding)
    i._sputc                                 0x08004252   Section        0  printfa.o(i._sputc)
    _sputc                                   0x08004253   Thumb Code    10  printfa.o(i._sputc)
    i.bmp280_init                            0x0800425c   Section        0  bmp280.o(i.bmp280_init)
    i.bmp280_init_default_params             0x08004324   Section        0  bmp280.o(i.bmp280_init_default_params)
    i.bmp280_read_fixed                      0x08004336   Section        0  bmp280.o(i.bmp280_read_fixed)
    i.bmp280_read_float                      0x08004444   Section        0  bmp280.o(i.bmp280_read_float)
    i.compensate_pressure                    0x08004498   Section        0  bmp280.o(i.compensate_pressure)
    compensate_pressure                      0x08004499   Thumb Code   342  bmp280.o(i.compensate_pressure)
    i.main                                   0x080045f4   Section        0  main.o(i.main)
    i.prvAddCurrentTaskToDelayedList         0x08004684   Section        0  tasks.o(i.prvAddCurrentTaskToDelayedList)
    prvAddCurrentTaskToDelayedList           0x08004685   Thumb Code    84  tasks.o(i.prvAddCurrentTaskToDelayedList)
    i.prvAddNewTaskToReadyList               0x080046e0   Section        0  tasks.o(i.prvAddNewTaskToReadyList)
    prvAddNewTaskToReadyList                 0x080046e1   Thumb Code   190  tasks.o(i.prvAddNewTaskToReadyList)
    i.prvCheckForValidListAndQueue           0x080047b0   Section        0  timers.o(i.prvCheckForValidListAndQueue)
    prvCheckForValidListAndQueue             0x080047b1   Thumb Code    72  timers.o(i.prvCheckForValidListAndQueue)
    i.prvCopyDataFromQueue                   0x08004808   Section        0  queue.o(i.prvCopyDataFromQueue)
    prvCopyDataFromQueue                     0x08004809   Thumb Code    38  queue.o(i.prvCopyDataFromQueue)
    i.prvCopyDataToQueue                     0x0800482e   Section        0  queue.o(i.prvCopyDataToQueue)
    prvCopyDataToQueue                       0x0800482f   Thumb Code   108  queue.o(i.prvCopyDataToQueue)
    i.prvDebug_Task                          0x0800489c   Section        0  debug.o(i.prvDebug_Task)
    i.prvDeleteTCB                           0x080048bc   Section        0  tasks.o(i.prvDeleteTCB)
    prvDeleteTCB                             0x080048bd   Thumb Code    52  tasks.o(i.prvDeleteTCB)
    i.prvHeapInit                            0x080048f0   Section        0  heap_4.o(i.prvHeapInit)
    prvHeapInit                              0x080048f1   Thumb Code    66  heap_4.o(i.prvHeapInit)
    i.prvIdleTask                            0x0800493c   Section        0  tasks.o(i.prvIdleTask)
    prvIdleTask                              0x0800493d   Thumb Code    82  tasks.o(i.prvIdleTask)
    i.prvInitialiseMutex                     0x0800499c   Section        0  queue.o(i.prvInitialiseMutex)
    prvInitialiseMutex                       0x0800499d   Thumb Code    22  queue.o(i.prvInitialiseMutex)
    i.prvInitialiseNewQueue                  0x080049b4   Section        0  queue.o(i.prvInitialiseNewQueue)
    prvInitialiseNewQueue                    0x080049b5   Thumb Code    34  queue.o(i.prvInitialiseNewQueue)
    i.prvInitialiseNewTask                   0x080049d6   Section        0  tasks.o(i.prvInitialiseNewTask)
    prvInitialiseNewTask                     0x080049d7   Thumb Code   156  tasks.o(i.prvInitialiseNewTask)
    i.prvInsertBlockIntoFreeList             0x08004a74   Section        0  heap_4.o(i.prvInsertBlockIntoFreeList)
    prvInsertBlockIntoFreeList               0x08004a75   Thumb Code    72  heap_4.o(i.prvInsertBlockIntoFreeList)
    i.prvInsertTimerInActiveList             0x08004ac0   Section        0  timers.o(i.prvInsertTimerInActiveList)
    prvInsertTimerInActiveList               0x08004ac1   Thumb Code    52  timers.o(i.prvInsertTimerInActiveList)
    i.prvIsQueueEmpty                        0x08004af8   Section        0  queue.o(i.prvIsQueueEmpty)
    prvIsQueueEmpty                          0x08004af9   Thumb Code    28  queue.o(i.prvIsQueueEmpty)
    i.prvProcessReceivedCommands             0x08004b14   Section        0  timers.o(i.prvProcessReceivedCommands)
    prvProcessReceivedCommands               0x08004b15   Thumb Code   198  timers.o(i.prvProcessReceivedCommands)
    i.prvProcessTimerOrBlockTask             0x08004be0   Section        0  timers.o(i.prvProcessTimerOrBlockTask)
    prvProcessTimerOrBlockTask               0x08004be1   Thumb Code   172  timers.o(i.prvProcessTimerOrBlockTask)
    i.prvResetNextTaskUnblockTime            0x08004c94   Section        0  tasks.o(i.prvResetNextTaskUnblockTime)
    prvResetNextTaskUnblockTime              0x08004c95   Thumb Code    26  tasks.o(i.prvResetNextTaskUnblockTime)
    i.prvSampleTimeNow                       0x08004cb4   Section        0  timers.o(i.prvSampleTimeNow)
    prvSampleTimeNow                         0x08004cb5   Thumb Code    36  timers.o(i.prvSampleTimeNow)
    i.prvSwitchTimerLists                    0x08004cdc   Section        0  timers.o(i.prvSwitchTimerLists)
    prvSwitchTimerLists                      0x08004cdd   Thumb Code   102  timers.o(i.prvSwitchTimerLists)
    i.prvTaskExitError                       0x08004d48   Section        0  port.o(i.prvTaskExitError)
    prvTaskExitError                         0x08004d49   Thumb Code    36  port.o(i.prvTaskExitError)
    i.prvTimerTask                           0x08004d70   Section        0  timers.o(i.prvTimerTask)
    prvTimerTask                             0x08004d71   Thumb Code    32  timers.o(i.prvTimerTask)
    i.prvUnlockQueue                         0x08004d94   Section        0  queue.o(i.prvUnlockQueue)
    prvUnlockQueue                           0x08004d95   Thumb Code   106  queue.o(i.prvUnlockQueue)
    i.pvPortMalloc                           0x08004e00   Section        0  heap_4.o(i.pvPortMalloc)
    i.pvTaskIncrementMutexHeldCount          0x08004ed8   Section        0  tasks.o(i.pvTaskIncrementMutexHeldCount)
    i.pxPortInitialiseStack                  0x08004ef0   Section        0  port.o(i.pxPortInitialiseStack)
    i.read_calibration_data                  0x08004f14   Section        0  bmp280.o(i.read_calibration_data)
    read_calibration_data                    0x08004f15   Thumb Code   176  bmp280.o(i.read_calibration_data)
    i.read_data                              0x08004fc4   Section        0  bmp280.o(i.read_data)
    read_data                                0x08004fc5   Thumb Code    42  bmp280.o(i.read_data)
    i.read_hum_calibration_data              0x08004fee   Section        0  bmp280.o(i.read_hum_calibration_data)
    read_hum_calibration_data                0x08004fef   Thumb Code   120  bmp280.o(i.read_hum_calibration_data)
    i.read_register16                        0x08005066   Section        0  bmp280.o(i.read_register16)
    read_register16                          0x08005067   Thumb Code    56  bmp280.o(i.read_register16)
    i.uxListRemove                           0x0800509e   Section        0  list.o(i.uxListRemove)
    i.vApplicationGetIdleTaskMemory          0x080050c4   Section        0  cmsis_os2.o(i.vApplicationGetIdleTaskMemory)
    i.vApplicationGetTimerTaskMemory         0x080050d8   Section        0  cmsis_os2.o(i.vApplicationGetTimerTaskMemory)
    i.vListInitialise                        0x080050f0   Section        0  list.o(i.vListInitialise)
    i.vListInitialiseItem                    0x08005106   Section        0  list.o(i.vListInitialiseItem)
    i.vListInsert                            0x0800510c   Section        0  list.o(i.vListInsert)
    i.vListInsertEnd                         0x0800513c   Section        0  list.o(i.vListInsertEnd)
    i.vPortEnterCritical                     0x08005154   Section        0  port.o(i.vPortEnterCritical)
    i.vPortExitCritical                      0x08005194   Section        0  port.o(i.vPortExitCritical)
    i.vPortFree                              0x080051bc   Section        0  heap_4.o(i.vPortFree)
    i.vPortSetupTimerInterrupt               0x08005218   Section        0  port.o(i.vPortSetupTimerInterrupt)
    i.vPortValidateInterruptPriority         0x0800523c   Section        0  port.o(i.vPortValidateInterruptPriority)
    i.vQueueAddToRegistry                    0x08005290   Section        0  queue.o(i.vQueueAddToRegistry)
    i.vQueueWaitForMessageRestricted         0x080052b8   Section        0  queue.o(i.vQueueWaitForMessageRestricted)
    i.vTaskDelay                             0x080052fc   Section        0  tasks.o(i.vTaskDelay)
    i.vTaskInternalSetTimeOutState           0x08005348   Section        0  tasks.o(i.vTaskInternalSetTimeOutState)
    i.vTaskMissedYield                       0x08005358   Section        0  tasks.o(i.vTaskMissedYield)
    i.vTaskPlaceOnEventList                  0x08005364   Section        0  tasks.o(i.vTaskPlaceOnEventList)
    i.vTaskPlaceOnEventListRestricted        0x08005394   Section        0  tasks.o(i.vTaskPlaceOnEventListRestricted)
    i.vTaskPriorityDisinheritAfterTimeout    0x080053cc   Section        0  tasks.o(i.vTaskPriorityDisinheritAfterTimeout)
    i.vTaskStartScheduler                    0x0800545c   Section        0  tasks.o(i.vTaskStartScheduler)
    i.vTaskSuspendAll                        0x080054e4   Section        0  tasks.o(i.vTaskSuspendAll)
    i.vTaskSwitchContext                     0x080054f4   Section        0  tasks.o(i.vTaskSwitchContext)
    i.write_register8                        0x08005558   Section        0  bmp280.o(i.write_register8)
    write_register8                          0x08005559   Thumb Code    46  bmp280.o(i.write_register8)
    i.xPortStartScheduler                    0x08005588   Section        0  port.o(i.xPortStartScheduler)
    i.xQueueCreateMutex                      0x08005630   Section        0  queue.o(i.xQueueCreateMutex)
    i.xQueueGenericCreate                    0x08005646   Section        0  queue.o(i.xQueueGenericCreate)
    i.xQueueGenericCreateStatic              0x0800568e   Section        0  queue.o(i.xQueueGenericCreateStatic)
    i.xQueueGenericReset                     0x080056f4   Section        0  queue.o(i.xQueueGenericReset)
    i.xQueueGenericSend                      0x0800577c   Section        0  queue.o(i.xQueueGenericSend)
    i.xQueueGenericSendFromISR               0x080058dc   Section        0  queue.o(i.xQueueGenericSendFromISR)
    i.xQueueReceive                          0x08005998   Section        0  queue.o(i.xQueueReceive)
    i.xQueueSemaphoreTake                    0x08005ad0   Section        0  queue.o(i.xQueueSemaphoreTake)
    i.xTaskCheckForTimeOut                   0x08005c48   Section        0  tasks.o(i.xTaskCheckForTimeOut)
    i.xTaskCreate                            0x08005cbc   Section        0  tasks.o(i.xTaskCreate)
    i.xTaskCreateStatic                      0x08005d16   Section        0  tasks.o(i.xTaskCreateStatic)
    i.xTaskGetSchedulerState                 0x08005d6c   Section        0  tasks.o(i.xTaskGetSchedulerState)
    i.xTaskGetTickCount                      0x08005d88   Section        0  tasks.o(i.xTaskGetTickCount)
    i.xTaskIncrementTick                     0x08005d94   Section        0  tasks.o(i.xTaskIncrementTick)
    i.xTaskPriorityDisinherit                0x08005e5c   Section        0  tasks.o(i.xTaskPriorityDisinherit)
    i.xTaskPriorityInherit                   0x08005edc   Section        0  tasks.o(i.xTaskPriorityInherit)
    i.xTaskRemoveFromEventList               0x08005f54   Section        0  tasks.o(i.xTaskRemoveFromEventList)
    i.xTaskResumeAll                         0x08005fc4   Section        0  tasks.o(i.xTaskResumeAll)
    i.xTimerCreateTimerTask                  0x08006088   Section        0  timers.o(i.xTimerCreateTimerTask)
    i.xTimerGenericCommand                   0x080060e8   Section        0  timers.o(i.xTimerGenericCommand)
    .constdata                               0x08006150   Section       16  system_stm32f1xx.o(.constdata)
    .constdata                               0x08006160   Section        8  system_stm32f1xx.o(.constdata)
    .data                                    0x20000000   Section       24  freertos_user.o(.data)
    .data                                    0x20000018   Section        8  debug.o(.data)
    .data                                    0x20000020   Section        4  debug.o(.data)
    .data                                    0x20000024   Section       12  main.o(.data)
    .data                                    0x20000030   Section       12  stm32f1xx_hal.o(.data)
    .data                                    0x2000003c   Section        4  system_stm32f1xx.o(.data)
    .data                                    0x20000040   Section       20  dht11.o(.data)
    .data                                    0x20000054   Section        4  gp2y101.o(.data)
    .data                                    0x20000058   Section       12  bmp280.o(.data)
    .data                                    0x20000064   Section       60  tasks.o(.data)
    pxDelayedTaskList                        0x20000068   Data           4  tasks.o(.data)
    pxOverflowDelayedTaskList                0x2000006c   Data           4  tasks.o(.data)
    uxDeletedTasksWaitingCleanUp             0x20000070   Data           4  tasks.o(.data)
    uxCurrentNumberOfTasks                   0x20000074   Data           4  tasks.o(.data)
    xTickCount                               0x20000078   Data           4  tasks.o(.data)
    uxTopReadyPriority                       0x2000007c   Data           4  tasks.o(.data)
    xSchedulerRunning                        0x20000080   Data           4  tasks.o(.data)
    uxPendedTicks                            0x20000084   Data           4  tasks.o(.data)
    xYieldPending                            0x20000088   Data           4  tasks.o(.data)
    xNumOfOverflows                          0x2000008c   Data           4  tasks.o(.data)
    uxTaskNumber                             0x20000090   Data           4  tasks.o(.data)
    xNextTaskUnblockTime                     0x20000094   Data           4  tasks.o(.data)
    xIdleTaskHandle                          0x20000098   Data           4  tasks.o(.data)
    uxSchedulerSuspended                     0x2000009c   Data           4  tasks.o(.data)
    .data                                    0x200000a0   Section       20  timers.o(.data)
    pxCurrentTimerList                       0x200000a0   Data           4  timers.o(.data)
    pxOverflowTimerList                      0x200000a4   Data           4  timers.o(.data)
    xTimerQueue                              0x200000a8   Data           4  timers.o(.data)
    xTimerTaskHandle                         0x200000ac   Data           4  timers.o(.data)
    xLastTime                                0x200000b0   Data           4  timers.o(.data)
    .data                                    0x200000b4   Section       24  heap_4.o(.data)
    pxEnd                                    0x200000b4   Data           4  heap_4.o(.data)
    xFreeBytesRemaining                      0x200000b8   Data           4  heap_4.o(.data)
    xMinimumEverFreeBytesRemaining           0x200000bc   Data           4  heap_4.o(.data)
    xBlockAllocatedBit                       0x200000c0   Data           4  heap_4.o(.data)
    xStart                                   0x200000c4   Data           8  heap_4.o(.data)
    .data                                    0x200000cc   Section       12  port.o(.data)
    ucMaxSysCallPriority                     0x200000cc   Data           1  port.o(.data)
    uxCriticalNesting                        0x200000d0   Data           4  port.o(.data)
    ulMaxPRIGROUPValue                       0x200000d4   Data           4  port.o(.data)
    .bss                                     0x200000d8   Section       50  debug.o(.bss)
    .bss                                     0x2000010c   Section      428  main.o(.bss)
    .bss                                     0x200002b8   Section       52  main.o(.bss)
    .bss                                     0x200002ec   Section       72  stm32f1xx_hal_timebase_tim.o(.bss)
    .bss                                     0x20000334   Section       64  queue.o(.bss)
    .bss                                     0x20000374   Section     1220  tasks.o(.bss)
    pxReadyTasksLists                        0x20000374   Data        1120  tasks.o(.bss)
    xDelayedTaskList1                        0x200007d4   Data          20  tasks.o(.bss)
    xDelayedTaskList2                        0x200007e8   Data          20  tasks.o(.bss)
    xPendingReadyList                        0x200007fc   Data          20  tasks.o(.bss)
    xTasksWaitingTermination                 0x20000810   Data          20  tasks.o(.bss)
    xSuspendedTaskList                       0x20000824   Data          20  tasks.o(.bss)
    .bss                                     0x20000838   Section      280  timers.o(.bss)
    xActiveTimerList1                        0x20000838   Data          20  timers.o(.bss)
    xActiveTimerList2                        0x2000084c   Data          20  timers.o(.bss)
    xStaticTimerQueue                        0x20000860   Data          80  timers.o(.bss)
    ucStaticTimerQueueStorage                0x200008b0   Data         160  timers.o(.bss)
    .bss                                     0x20000950   Section     1720  cmsis_os2.o(.bss)
    Idle_TCB                                 0x20000950   Data          92  cmsis_os2.o(.bss)
    Idle_Stack                               0x200009ac   Data         512  cmsis_os2.o(.bss)
    Timer_TCB                                0x20000bac   Data          92  cmsis_os2.o(.bss)
    Timer_Stack                              0x20000c08   Data        1024  cmsis_os2.o(.bss)
    .bss                                     0x20001008   Section     8096  heap_4.o(.bss)
    ucHeap                                   0x20001008   Data        8096  heap_4.o(.bss)
    STACK                                    0x20002fa8   Section     1024  startup_stm32f103xb.o(STACK)

    Global Symbols

    Symbol Name                              Value     Ov Type        Size  Object(Section)

    BuildAttributes$$THM_ISAv4$P$D$K$B$S$PE$A:L22UL41UL21$X:L11$S22US41US21$IEEE1$IW$USESV6$~STKCKD$USESV7$~SHL$OTIME$ROPI$EBA8$MICROLIB$REQ8$PRES8$EABIv2 0x00000000   Number         0  anon$$obj.o ABSOLUTE
    __ARM_use_no_argv                        0x00000000   Number         0  main.o ABSOLUTE
    _printf_a                                0x00000000   Number         0  stubs.o ABSOLUTE
    _printf_c                                0x00000000   Number         0  stubs.o ABSOLUTE
    _printf_charcount                        0x00000000   Number         0  stubs.o ABSOLUTE
    _printf_d                                0x00000000   Number         0  stubs.o ABSOLUTE
    _printf_e                                0x00000000   Number         0  stubs.o ABSOLUTE
    _printf_f                                0x00000000   Number         0  stubs.o ABSOLUTE
    _printf_flags                            0x00000000   Number         0  stubs.o ABSOLUTE
    _printf_fp_dec                           0x00000000   Number         0  stubs.o ABSOLUTE
    _printf_fp_hex                           0x00000000   Number         0  stubs.o ABSOLUTE
    _printf_g                                0x00000000   Number         0  stubs.o ABSOLUTE
    _printf_i                                0x00000000   Number         0  stubs.o ABSOLUTE
    _printf_int_dec                          0x00000000   Number         0  stubs.o ABSOLUTE
    _printf_l                                0x00000000   Number         0  stubs.o ABSOLUTE
    _printf_lc                               0x00000000   Number         0  stubs.o ABSOLUTE
    _printf_ll                               0x00000000   Number         0  stubs.o ABSOLUTE
    _printf_lld                              0x00000000   Number         0  stubs.o ABSOLUTE
    _printf_lli                              0x00000000   Number         0  stubs.o ABSOLUTE
    _printf_llo                              0x00000000   Number         0  stubs.o ABSOLUTE
    _printf_llu                              0x00000000   Number         0  stubs.o ABSOLUTE
    _printf_llx                              0x00000000   Number         0  stubs.o ABSOLUTE
    _printf_longlong_dec                     0x00000000   Number         0  stubs.o ABSOLUTE
    _printf_longlong_hex                     0x00000000   Number         0  stubs.o ABSOLUTE
    _printf_longlong_oct                     0x00000000   Number         0  stubs.o ABSOLUTE
    _printf_ls                               0x00000000   Number         0  stubs.o ABSOLUTE
    _printf_mbtowc                           0x00000000   Number         0  stubs.o ABSOLUTE
    _printf_n                                0x00000000   Number         0  stubs.o ABSOLUTE
    _printf_o                                0x00000000   Number         0  stubs.o ABSOLUTE
    _printf_p                                0x00000000   Number         0  stubs.o ABSOLUTE
    _printf_percent                          0x00000000   Number         0  stubs.o ABSOLUTE
    _printf_pre_padding                      0x00000000   Number         0  stubs.o ABSOLUTE
    _printf_return_value                     0x00000000   Number         0  stubs.o ABSOLUTE
    _printf_s                                0x00000000   Number         0  stubs.o ABSOLUTE
    _printf_sizespec                         0x00000000   Number         0  stubs.o ABSOLUTE
    _printf_str                              0x00000000   Number         0  stubs.o ABSOLUTE
    _printf_truncate_signed                  0x00000000   Number         0  stubs.o ABSOLUTE
    _printf_truncate_unsigned                0x00000000   Number         0  stubs.o ABSOLUTE
    _printf_u                                0x00000000   Number         0  stubs.o ABSOLUTE
    _printf_wc                               0x00000000   Number         0  stubs.o ABSOLUTE
    _printf_wctomb                           0x00000000   Number         0  stubs.o ABSOLUTE
    _printf_widthprec                        0x00000000   Number         0  stubs.o ABSOLUTE
    _printf_x                                0x00000000   Number         0  stubs.o ABSOLUTE
    __cpp_initialize__aeabi_                  - Undefined Weak Reference
    __cxa_finalize                            - Undefined Weak Reference
    __decompress                              - Undefined Weak Reference
    _clock_init                               - Undefined Weak Reference
    _microlib_exit                            - Undefined Weak Reference
    __Vectors_Size                           0x000000ec   Number         0  startup_stm32f103xb.o ABSOLUTE
    __Vectors                                0x08000000   Data           4  startup_stm32f103xb.o(RESET)
    __Vectors_End                            0x080000ec   Data           0  startup_stm32f103xb.o(RESET)
    __main                                   0x080000ed   Thumb Code     0  entry.o(.ARM.Collect$$$$00000000)
    _main_stk                                0x080000ed   Thumb Code     0  entry2.o(.ARM.Collect$$$$00000001)
    _main_scatterload                        0x080000f1   Thumb Code     0  entry5.o(.ARM.Collect$$$$00000004)
    __main_after_scatterload                 0x080000f5   Thumb Code     0  entry5.o(.ARM.Collect$$$$00000004)
    _main_clock                              0x080000f5   Thumb Code     0  entry7b.o(.ARM.Collect$$$$00000008)
    _main_cpp_init                           0x080000f5   Thumb Code     0  entry8b.o(.ARM.Collect$$$$0000000A)
    _main_init                               0x080000f5   Thumb Code     0  entry9a.o(.ARM.Collect$$$$0000000B)
    __rt_final_cpp                           0x080000fd   Thumb Code     0  entry10a.o(.ARM.Collect$$$$0000000D)
    __rt_final_exit                          0x080000fd   Thumb Code     0  entry11a.o(.ARM.Collect$$$$0000000F)
    SVC_Handler                              0x08000101   Thumb Code    32  port.o(.emb_text)
    __asm___6_port_c_39a90d8d__prvStartFirstTask 0x08000125   Thumb Code    28  port.o(.emb_text)
    PendSV_Handler                           0x08000145   Thumb Code    72  port.o(.emb_text)
    vPortGetIPSR                             0x08000191   Thumb Code     6  port.o(.emb_text)
    Reset_Handler                            0x08000199   Thumb Code     8  startup_stm32f103xb.o(.text)
    ADC1_2_IRQHandler                        0x080001b3   Thumb Code     0  startup_stm32f103xb.o(.text)
    CAN1_RX1_IRQHandler                      0x080001b3   Thumb Code     0  startup_stm32f103xb.o(.text)
    CAN1_SCE_IRQHandler                      0x080001b3   Thumb Code     0  startup_stm32f103xb.o(.text)
    DMA1_Channel1_IRQHandler                 0x080001b3   Thumb Code     0  startup_stm32f103xb.o(.text)
    DMA1_Channel2_IRQHandler                 0x080001b3   Thumb Code     0  startup_stm32f103xb.o(.text)
    DMA1_Channel3_IRQHandler                 0x080001b3   Thumb Code     0  startup_stm32f103xb.o(.text)
    DMA1_Channel4_IRQHandler                 0x080001b3   Thumb Code     0  startup_stm32f103xb.o(.text)
    DMA1_Channel5_IRQHandler                 0x080001b3   Thumb Code     0  startup_stm32f103xb.o(.text)
    DMA1_Channel6_IRQHandler                 0x080001b3   Thumb Code     0  startup_stm32f103xb.o(.text)
    DMA1_Channel7_IRQHandler                 0x080001b3   Thumb Code     0  startup_stm32f103xb.o(.text)
    EXTI0_IRQHandler                         0x080001b3   Thumb Code     0  startup_stm32f103xb.o(.text)
    EXTI15_10_IRQHandler                     0x080001b3   Thumb Code     0  startup_stm32f103xb.o(.text)
    EXTI1_IRQHandler                         0x080001b3   Thumb Code     0  startup_stm32f103xb.o(.text)
    EXTI2_IRQHandler                         0x080001b3   Thumb Code     0  startup_stm32f103xb.o(.text)
    EXTI3_IRQHandler                         0x080001b3   Thumb Code     0  startup_stm32f103xb.o(.text)
    EXTI4_IRQHandler                         0x080001b3   Thumb Code     0  startup_stm32f103xb.o(.text)
    EXTI9_5_IRQHandler                       0x080001b3   Thumb Code     0  startup_stm32f103xb.o(.text)
    FLASH_IRQHandler                         0x080001b3   Thumb Code     0  startup_stm32f103xb.o(.text)
    I2C1_ER_IRQHandler                       0x080001b3   Thumb Code     0  startup_stm32f103xb.o(.text)
    I2C1_EV_IRQHandler                       0x080001b3   Thumb Code     0  startup_stm32f103xb.o(.text)
    I2C2_ER_IRQHandler                       0x080001b3   Thumb Code     0  startup_stm32f103xb.o(.text)
    I2C2_EV_IRQHandler                       0x080001b3   Thumb Code     0  startup_stm32f103xb.o(.text)
    PVD_IRQHandler                           0x080001b3   Thumb Code     0  startup_stm32f103xb.o(.text)
    RCC_IRQHandler                           0x080001b3   Thumb Code     0  startup_stm32f103xb.o(.text)
    RTC_Alarm_IRQHandler                     0x080001b3   Thumb Code     0  startup_stm32f103xb.o(.text)
    RTC_IRQHandler                           0x080001b3   Thumb Code     0  startup_stm32f103xb.o(.text)
    SPI1_IRQHandler                          0x080001b3   Thumb Code     0  startup_stm32f103xb.o(.text)
    SPI2_IRQHandler                          0x080001b3   Thumb Code     0  startup_stm32f103xb.o(.text)
    TAMPER_IRQHandler                        0x080001b3   Thumb Code     0  startup_stm32f103xb.o(.text)
    TIM1_BRK_IRQHandler                      0x080001b3   Thumb Code     0  startup_stm32f103xb.o(.text)
    TIM1_CC_IRQHandler                       0x080001b3   Thumb Code     0  startup_stm32f103xb.o(.text)
    TIM1_TRG_COM_IRQHandler                  0x080001b3   Thumb Code     0  startup_stm32f103xb.o(.text)
    TIM2_IRQHandler                          0x080001b3   Thumb Code     0  startup_stm32f103xb.o(.text)
    TIM3_IRQHandler                          0x080001b3   Thumb Code     0  startup_stm32f103xb.o(.text)
    TIM4_IRQHandler                          0x080001b3   Thumb Code     0  startup_stm32f103xb.o(.text)
    USART2_IRQHandler                        0x080001b3   Thumb Code     0  startup_stm32f103xb.o(.text)
    USART3_IRQHandler                        0x080001b3   Thumb Code     0  startup_stm32f103xb.o(.text)
    USBWakeUp_IRQHandler                     0x080001b3   Thumb Code     0  startup_stm32f103xb.o(.text)
    USB_HP_CAN1_TX_IRQHandler                0x080001b3   Thumb Code     0  startup_stm32f103xb.o(.text)
    USB_LP_CAN1_RX0_IRQHandler               0x080001b3   Thumb Code     0  startup_stm32f103xb.o(.text)
    WWDG_IRQHandler                          0x080001b3   Thumb Code     0  startup_stm32f103xb.o(.text)
    __aeabi_ldivmod                          0x080001bd   Thumb Code    98  ldiv.o(.text)
    __aeabi_llsr                             0x0800021f   Thumb Code    32  llushr.o(.text)
    _ll_ushift_r                             0x0800021f   Thumb Code     0  llushr.o(.text)
    __aeabi_memcpy                           0x0800023f   Thumb Code    36  memcpya.o(.text)
    __aeabi_memcpy4                          0x0800023f   Thumb Code     0  memcpya.o(.text)
    __aeabi_memcpy8                          0x0800023f   Thumb Code     0  memcpya.o(.text)
    __aeabi_memset                           0x08000263   Thumb Code    14  memseta.o(.text)
    __aeabi_memset4                          0x08000263   Thumb Code     0  memseta.o(.text)
    __aeabi_memset8                          0x08000263   Thumb Code     0  memseta.o(.text)
    __aeabi_memclr                           0x08000271   Thumb Code     4  memseta.o(.text)
    __aeabi_memclr4                          0x08000271   Thumb Code     0  memseta.o(.text)
    __aeabi_memclr8                          0x08000271   Thumb Code     0  memseta.o(.text)
    memset                                   0x08000275   Thumb Code    18  memseta.o(.text)
    strlen                                   0x08000287   Thumb Code    14  strlen.o(.text)
    __aeabi_fmul                             0x08000295   Thumb Code   100  fmul.o(.text)
    __aeabi_fdiv                             0x080002f9   Thumb Code   124  fdiv.o(.text)
    __ARM_scalbnf                            0x08000375   Thumb Code    24  fscalb.o(.text)
    scalbnf                                  0x08000375   Thumb Code     0  fscalb.o(.text)
    __aeabi_dadd                             0x0800038d   Thumb Code   322  dadd.o(.text)
    __aeabi_dsub                             0x080004cf   Thumb Code     6  dadd.o(.text)
    __aeabi_drsub                            0x080004d5   Thumb Code     6  dadd.o(.text)
    __aeabi_dmul                             0x080004db   Thumb Code   228  dmul.o(.text)
    __aeabi_i2f                              0x080005bf   Thumb Code    18  fflti.o(.text)
    __aeabi_ui2f                             0x080005d1   Thumb Code    10  ffltui.o(.text)
    __aeabi_ui2d                             0x080005db   Thumb Code    26  dfltui.o(.text)
    __aeabi_f2d                              0x080005f5   Thumb Code    38  f2d.o(.text)
    __aeabi_d2f                              0x0800061b   Thumb Code    56  d2f.o(.text)
    __aeabi_uidiv                            0x08000653   Thumb Code     0  uidiv.o(.text)
    __aeabi_uidivmod                         0x08000653   Thumb Code    44  uidiv.o(.text)
    __aeabi_uldivmod                         0x0800067f   Thumb Code    98  uldiv.o(.text)
    __aeabi_llsl                             0x080006e1   Thumb Code    30  llshl.o(.text)
    _ll_shift_l                              0x080006e1   Thumb Code     0  llshl.o(.text)
    __aeabi_lasr                             0x080006ff   Thumb Code    36  llsshr.o(.text)
    _ll_sshift_r                             0x080006ff   Thumb Code     0  llsshr.o(.text)
    __I$use$fp                               0x08000723   Thumb Code     0  iusefp.o(.text)
    _float_round                             0x08000723   Thumb Code    18  fepilogue.o(.text)
    _float_epilogue                          0x08000735   Thumb Code    92  fepilogue.o(.text)
    _double_round                            0x08000791   Thumb Code    30  depilogue.o(.text)
    _double_epilogue                         0x080007af   Thumb Code   156  depilogue.o(.text)
    __aeabi_ddiv                             0x0800084b   Thumb Code   222  ddiv.o(.text)
    __aeabi_d2ulz                            0x08000929   Thumb Code    48  dfixul.o(.text)
    __aeabi_cdrcmple                         0x08000959   Thumb Code    48  cdrcmple.o(.text)
    __scatterload                            0x08000989   Thumb Code    28  init.o(.text)
    __scatterload_rt2                        0x08000989   Thumb Code     0  init.o(.text)
    ADC_ConversionStop_Disable               0x080009ad   Thumb Code    76  stm32f1xx_hal_adc.o(i.ADC_ConversionStop_Disable)
    ADC_Enable                               0x080009f9   Thumb Code   104  stm32f1xx_hal_adc.o(i.ADC_Enable)
    AQI_LED_OFF                              0x08000a69   Thumb Code    10  gp2y101.o(i.AQI_LED_OFF)
    AQI_LED_ON                               0x08000a79   Thumb Code    10  gp2y101.o(i.AQI_LED_ON)
    BMP280_Init                              0x08000a89   Thumb Code    48  bmp280.o(i.BMP280_Init)
    BMP280_Task                              0x08000ac1   Thumb Code   166  bmp280.o(i.BMP280_Task)
    BusFault_Handler                         0x08000bd5   Thumb Code     2  stm32f1xx_it.o(i.BusFault_Handler)
    DHT11_Check_Response                     0x08000bd9   Thumb Code    54  dht11.o(i.DHT11_Check_Response)
    DHT11_Get_Data                           0x08000c15   Thumb Code   196  dht11.o(i.DHT11_Get_Data)
    DHT11_Read                               0x08000ce5   Thumb Code    88  dht11.o(i.DHT11_Read)
    DHT11_Start                              0x08000d41   Thumb Code    58  dht11.o(i.DHT11_Start)
    DHT11_Task                               0x08000d81   Thumb Code   166  dht11.o(i.DHT11_Task)
    DHT_Delay                                0x08000e65   Thumb Code    48  dht11.o(i.DHT_Delay)
    DHT_Waiton_ExpectedState                 0x08000e9d   Thumb Code    54  dht11.o(i.DHT_Waiton_ExpectedState)
    DebugMon_Handler                         0x08000ed9   Thumb Code     2  stm32f1xx_it.o(i.DebugMon_Handler)
    Debug_Print                              0x08000edd   Thumb Code    52  debug.o(i.Debug_Print)
    GP2Y101_Delay                            0x08000f19   Thumb Code    18  gp2y101.o(i.GP2Y101_Delay)
    GP2Y101_GetData                          0x08000f31   Thumb Code   116  gp2y101.o(i.GP2Y101_GetData)
    GP2Y101_Init                             0x08000fc1   Thumb Code    26  gp2y101.o(i.GP2Y101_Init)
    GP2Y101_Task                             0x08000fe1   Thumb Code    82  gp2y101.o(i.GP2Y101_Task)
    HAL_ADCEx_Calibration_Start              0x08001055   Thumb Code   194  stm32f1xx_hal_adc_ex.o(i.HAL_ADCEx_Calibration_Start)
    HAL_ADC_ConfigChannel                    0x0800111d   Thumb Code   240  stm32f1xx_hal_adc.o(i.HAL_ADC_ConfigChannel)
    HAL_ADC_GetValue                         0x08001219   Thumb Code     6  stm32f1xx_hal_adc.o(i.HAL_ADC_GetValue)
    HAL_ADC_Init                             0x08001221   Thumb Code   272  stm32f1xx_hal_adc.o(i.HAL_ADC_Init)
    HAL_ADC_MspInit                          0x0800133d   Thumb Code    76  stm32f1xx_hal_msp.o(i.HAL_ADC_MspInit)
    HAL_ADC_Start                            0x08001395   Thumb Code   184  stm32f1xx_hal_adc.o(i.HAL_ADC_Start)
    HAL_ADC_Stop                             0x08001455   Thumb Code    52  stm32f1xx_hal_adc.o(i.HAL_ADC_Stop)
    HAL_DMA_Abort_IT                         0x08001489   Thumb Code   148  stm32f1xx_hal_dma.o(i.HAL_DMA_Abort_IT)
    HAL_Delay                                0x08001521   Thumb Code    32  stm32f1xx_hal.o(i.HAL_Delay)
    HAL_GPIO_Init                            0x08001545   Thumb Code   446  stm32f1xx_hal_gpio.o(i.HAL_GPIO_Init)
    HAL_GPIO_ReadPin                         0x08001725   Thumb Code    10  stm32f1xx_hal_gpio.o(i.HAL_GPIO_ReadPin)
    HAL_GPIO_WritePin                        0x0800172f   Thumb Code    10  stm32f1xx_hal_gpio.o(i.HAL_GPIO_WritePin)
    HAL_GetTick                              0x08001739   Thumb Code     6  stm32f1xx_hal.o(i.HAL_GetTick)
    HAL_I2C_Init                             0x08001745   Thumb Code   376  stm32f1xx_hal_i2c.o(i.HAL_I2C_Init)
    HAL_I2C_Mem_Read                         0x080018cd   Thumb Code   574  stm32f1xx_hal_i2c.o(i.HAL_I2C_Mem_Read)
    HAL_I2C_Mem_Write                        0x08001b1d   Thumb Code   294  stm32f1xx_hal_i2c.o(i.HAL_I2C_Mem_Write)
    HAL_I2C_MspInit                          0x08001c4d   Thumb Code    80  stm32f1xx_hal_msp.o(i.HAL_I2C_MspInit)
    HAL_IncTick                              0x08001ca9   Thumb Code    12  stm32f1xx_hal.o(i.HAL_IncTick)
    HAL_Init                                 0x08001cb9   Thumb Code    32  stm32f1xx_hal.o(i.HAL_Init)
    HAL_InitTick                             0x08001cdd   Thumb Code    98  stm32f1xx_hal_timebase_tim.o(i.HAL_InitTick)
    HAL_MspInit                              0x08001d51   Thumb Code    62  stm32f1xx_hal_msp.o(i.HAL_MspInit)
    HAL_NVIC_EnableIRQ                       0x08001d99   Thumb Code    26  stm32f1xx_hal_cortex.o(i.HAL_NVIC_EnableIRQ)
    HAL_NVIC_SetPriority                     0x08001db5   Thumb Code    60  stm32f1xx_hal_cortex.o(i.HAL_NVIC_SetPriority)
    HAL_NVIC_SetPriorityGrouping             0x08001df5   Thumb Code    26  stm32f1xx_hal_cortex.o(i.HAL_NVIC_SetPriorityGrouping)
    HAL_RCCEx_GetPeriphCLKFreq               0x08001e19   Thumb Code   166  stm32f1xx_hal_rcc_ex.o(i.HAL_RCCEx_GetPeriphCLKFreq)
    HAL_RCCEx_PeriphCLKConfig                0x08001ee1   Thumb Code   224  stm32f1xx_hal_rcc_ex.o(i.HAL_RCCEx_PeriphCLKConfig)
    HAL_RCC_ClockConfig                      0x08001fcd   Thumb Code   280  stm32f1xx_hal_rcc.o(i.HAL_RCC_ClockConfig)
    HAL_RCC_GetClockConfig                   0x080020f9   Thumb Code    54  stm32f1xx_hal_rcc.o(i.HAL_RCC_GetClockConfig)
    HAL_RCC_GetPCLK1Freq                     0x08002139   Thumb Code    20  stm32f1xx_hal_rcc.o(i.HAL_RCC_GetPCLK1Freq)
    HAL_RCC_GetPCLK2Freq                     0x08002159   Thumb Code    20  stm32f1xx_hal_rcc.o(i.HAL_RCC_GetPCLK2Freq)
    HAL_RCC_GetSysClockFreq                  0x08002179   Thumb Code    74  stm32f1xx_hal_rcc.o(i.HAL_RCC_GetSysClockFreq)
    HAL_RCC_OscConfig                        0x080021e5   Thumb Code   778  stm32f1xx_hal_rcc.o(i.HAL_RCC_OscConfig)
    HAL_SPI_Init                             0x08002505   Thumb Code   178  stm32f1xx_hal_spi.o(i.HAL_SPI_Init)
    HAL_SPI_MspInit                          0x080025b9   Thumb Code   102  stm32f1xx_hal_msp.o(i.HAL_SPI_MspInit)
    HAL_TIMEx_BreakCallback                  0x0800262d   Thumb Code     2  stm32f1xx_hal_tim_ex.o(i.HAL_TIMEx_BreakCallback)
    HAL_TIMEx_CommutCallback                 0x0800262f   Thumb Code     2  stm32f1xx_hal_tim_ex.o(i.HAL_TIMEx_CommutCallback)
    HAL_TIMEx_MasterConfigSynchronization    0x08002631   Thumb Code    92  stm32f1xx_hal_tim_ex.o(i.HAL_TIMEx_MasterConfigSynchronization)
    HAL_TIM_Base_Init                        0x08002699   Thumb Code    90  stm32f1xx_hal_tim.o(i.HAL_TIM_Base_Init)
    HAL_TIM_Base_MspInit                     0x080026f5   Thumb Code    52  stm32f1xx_hal_msp.o(i.HAL_TIM_Base_MspInit)
    HAL_TIM_Base_Start                       0x08002731   Thumb Code    66  stm32f1xx_hal_tim.o(i.HAL_TIM_Base_Start)
    HAL_TIM_Base_Start_IT                    0x08002781   Thumb Code    76  stm32f1xx_hal_tim.o(i.HAL_TIM_Base_Start_IT)
    HAL_TIM_ConfigClockSource                0x080027d9   Thumb Code   214  stm32f1xx_hal_tim.o(i.HAL_TIM_ConfigClockSource)
    HAL_TIM_IC_CaptureCallback               0x080028af   Thumb Code     2  stm32f1xx_hal_tim.o(i.HAL_TIM_IC_CaptureCallback)
    HAL_TIM_IRQHandler                       0x080028b1   Thumb Code   358  stm32f1xx_hal_tim.o(i.HAL_TIM_IRQHandler)
    HAL_TIM_OC_DelayElapsedCallback          0x08002a17   Thumb Code     2  stm32f1xx_hal_tim.o(i.HAL_TIM_OC_DelayElapsedCallback)
    HAL_TIM_PWM_PulseFinishedCallback        0x08002a19   Thumb Code     2  stm32f1xx_hal_tim.o(i.HAL_TIM_PWM_PulseFinishedCallback)
    HAL_TIM_PeriodElapsedCallback            0x08002a1d   Thumb Code    14  main.o(i.HAL_TIM_PeriodElapsedCallback)
    HAL_TIM_TriggerCallback                  0x08002a31   Thumb Code     2  stm32f1xx_hal_tim.o(i.HAL_TIM_TriggerCallback)
    HAL_UART_ErrorCallback                   0x08002a33   Thumb Code     2  stm32f1xx_hal_uart.o(i.HAL_UART_ErrorCallback)
    HAL_UART_IRQHandler                      0x08002a35   Thumb Code   344  stm32f1xx_hal_uart.o(i.HAL_UART_IRQHandler)
    HAL_UART_Init                            0x08002b91   Thumb Code    98  stm32f1xx_hal_uart.o(i.HAL_UART_Init)
    HAL_UART_MspInit                         0x08002bf5   Thumb Code   116  stm32f1xx_hal_msp.o(i.HAL_UART_MspInit)
    HAL_UART_Receive_IT                      0x08002c75   Thumb Code    82  stm32f1xx_hal_uart.o(i.HAL_UART_Receive_IT)
    HAL_UART_RxCpltCallback                  0x08002cc9   Thumb Code    38  main.o(i.HAL_UART_RxCpltCallback)
    HAL_UART_Transmit                        0x08002cfd   Thumb Code   178  stm32f1xx_hal_uart.o(i.HAL_UART_Transmit)
    HAL_UART_TxCpltCallback                  0x08002daf   Thumb Code     2  stm32f1xx_hal_uart.o(i.HAL_UART_TxCpltCallback)
    HardFault_Handler                        0x08002db1   Thumb Code     2  stm32f1xx_it.o(i.HardFault_Handler)
    MemManage_Handler                        0x080033d9   Thumb Code     2  stm32f1xx_it.o(i.MemManage_Handler)
    NMI_Handler                              0x080033db   Thumb Code     2  stm32f1xx_it.o(i.NMI_Handler)
    RTOS                                     0x080033dd   Thumb Code   276  freertos_user.o(i.RTOS)
    Set_Pin_Input                            0x080035c1   Thumb Code    20  dht11.o(i.Set_Pin_Input)
    Set_Pin_Output                           0x080035d5   Thumb Code    24  dht11.o(i.Set_Pin_Output)
    SysTick_Handler                          0x080035ed   Thumb Code    38  port.o(i.SysTick_Handler)
    SystemClock_Config                       0x08003619   Thumb Code   118  main.o(i.SystemClock_Config)
    SystemInit                               0x0800368f   Thumb Code     2  system_stm32f1xx.o(i.SystemInit)
    TIM1_UP_IRQHandler                       0x08003691   Thumb Code     6  stm32f1xx_it.o(i.TIM1_UP_IRQHandler)
    TIM_Base_SetConfig                       0x0800369d   Thumb Code    94  stm32f1xx_hal_tim.o(i.TIM_Base_SetConfig)
    TIM_ETR_SetConfig                        0x08003709   Thumb Code    20  stm32f1xx_hal_tim.o(i.TIM_ETR_SetConfig)
    USART1_IRQHandler                        0x08003949   Thumb Code     6  stm32f1xx_it.o(i.USART1_IRQHandler)
    UsageFault_Handler                       0x08003955   Thumb Code     2  stm32f1xx_it.o(i.UsageFault_Handler)
    __0sprintf                               0x08003959   Thumb Code    34  printfa.o(i.__0sprintf)
    __1sprintf                               0x08003959   Thumb Code     0  printfa.o(i.__0sprintf)
    __2sprintf                               0x08003959   Thumb Code     0  printfa.o(i.__0sprintf)
    __c89sprintf                             0x08003959   Thumb Code     0  printfa.o(i.__0sprintf)
    sprintf                                  0x08003959   Thumb Code     0  printfa.o(i.__0sprintf)
    __scatterload_copy                       0x080039a1   Thumb Code    14  handlers.o(i.__scatterload_copy)
    __scatterload_null                       0x080039af   Thumb Code     2  handlers.o(i.__scatterload_null)
    __scatterload_zeroinit                   0x080039b1   Thumb Code    14  handlers.o(i.__scatterload_zeroinit)
    bmp280_init                              0x0800425d   Thumb Code   200  bmp280.o(i.bmp280_init)
    bmp280_init_default_params               0x08004325   Thumb Code    18  bmp280.o(i.bmp280_init_default_params)
    bmp280_read_fixed                        0x08004337   Thumb Code   270  bmp280.o(i.bmp280_read_fixed)
    bmp280_read_float                        0x08004445   Thumb Code    80  bmp280.o(i.bmp280_read_float)
    main                                     0x080045f5   Thumb Code   118  main.o(i.main)
    prvDebug_Task                            0x0800489d   Thumb Code    26  debug.o(i.prvDebug_Task)
    pvPortMalloc                             0x08004e01   Thumb Code   210  heap_4.o(i.pvPortMalloc)
    pvTaskIncrementMutexHeldCount            0x08004ed9   Thumb Code    18  tasks.o(i.pvTaskIncrementMutexHeldCount)
    pxPortInitialiseStack                    0x08004ef1   Thumb Code    32  port.o(i.pxPortInitialiseStack)
    uxListRemove                             0x0800509f   Thumb Code    38  list.o(i.uxListRemove)
    vApplicationGetIdleTaskMemory            0x080050c5   Thumb Code    16  cmsis_os2.o(i.vApplicationGetIdleTaskMemory)
    vApplicationGetTimerTaskMemory           0x080050d9   Thumb Code    18  cmsis_os2.o(i.vApplicationGetTimerTaskMemory)
    vListInitialise                          0x080050f1   Thumb Code    22  list.o(i.vListInitialise)
    vListInitialiseItem                      0x08005107   Thumb Code     6  list.o(i.vListInitialiseItem)
    vListInsert                              0x0800510d   Thumb Code    48  list.o(i.vListInsert)
    vListInsertEnd                           0x0800513d   Thumb Code    24  list.o(i.vListInsertEnd)
    vPortEnterCritical                       0x08005155   Thumb Code    54  port.o(i.vPortEnterCritical)
    vPortExitCritical                        0x08005195   Thumb Code    34  port.o(i.vPortExitCritical)
    vPortFree                                0x080051bd   Thumb Code    88  heap_4.o(i.vPortFree)
    vPortSetupTimerInterrupt                 0x08005219   Thumb Code    32  port.o(i.vPortSetupTimerInterrupt)
    vPortValidateInterruptPriority           0x0800523d   Thumb Code    74  port.o(i.vPortValidateInterruptPriority)
    vQueueAddToRegistry                      0x08005291   Thumb Code    34  queue.o(i.vQueueAddToRegistry)
    vQueueWaitForMessageRestricted           0x080052b9   Thumb Code    68  queue.o(i.vQueueWaitForMessageRestricted)
    vTaskDelay                               0x080052fd   Thumb Code    66  tasks.o(i.vTaskDelay)
    vTaskInternalSetTimeOutState             0x08005349   Thumb Code    12  tasks.o(i.vTaskInternalSetTimeOutState)
    vTaskMissedYield                         0x08005359   Thumb Code     8  tasks.o(i.vTaskMissedYield)
    vTaskPlaceOnEventList                    0x08005365   Thumb Code    44  tasks.o(i.vTaskPlaceOnEventList)
    vTaskPlaceOnEventListRestricted          0x08005395   Thumb Code    52  tasks.o(i.vTaskPlaceOnEventListRestricted)
    vTaskPriorityDisinheritAfterTimeout      0x080053cd   Thumb Code   134  tasks.o(i.vTaskPriorityDisinheritAfterTimeout)
    vTaskStartScheduler                      0x0800545d   Thumb Code   118  tasks.o(i.vTaskStartScheduler)
    vTaskSuspendAll                          0x080054e5   Thumb Code    10  tasks.o(i.vTaskSuspendAll)
    vTaskSwitchContext                       0x080054f5   Thumb Code    90  tasks.o(i.vTaskSwitchContext)
    xPortStartScheduler                      0x08005589   Thumb Code   154  port.o(i.xPortStartScheduler)
    xQueueCreateMutex                        0x08005631   Thumb Code    22  queue.o(i.xQueueCreateMutex)
    xQueueGenericCreate                      0x08005647   Thumb Code    72  queue.o(i.xQueueGenericCreate)
    xQueueGenericCreateStatic                0x0800568f   Thumb Code   102  queue.o(i.xQueueGenericCreateStatic)
    xQueueGenericReset                       0x080056f5   Thumb Code   132  queue.o(i.xQueueGenericReset)
    xQueueGenericSend                        0x0800577d   Thumb Code   346  queue.o(i.xQueueGenericSend)
    xQueueGenericSendFromISR                 0x080058dd   Thumb Code   188  queue.o(i.xQueueGenericSendFromISR)
    xQueueReceive                            0x08005999   Thumb Code   308  queue.o(i.xQueueReceive)
    xQueueSemaphoreTake                      0x08005ad1   Thumb Code   372  queue.o(i.xQueueSemaphoreTake)
    xTaskCheckForTimeOut                     0x08005c49   Thumb Code   112  tasks.o(i.xTaskCheckForTimeOut)
    xTaskCreate                              0x08005cbd   Thumb Code    90  tasks.o(i.xTaskCreate)
    xTaskCreateStatic                        0x08005d17   Thumb Code    86  tasks.o(i.xTaskCreateStatic)
    xTaskGetSchedulerState                   0x08005d6d   Thumb Code    22  tasks.o(i.xTaskGetSchedulerState)
    xTaskGetTickCount                        0x08005d89   Thumb Code     6  tasks.o(i.xTaskGetTickCount)
    xTaskIncrementTick                       0x08005d95   Thumb Code   190  tasks.o(i.xTaskIncrementTick)
    xTaskPriorityDisinherit                  0x08005e5d   Thumb Code   118  tasks.o(i.xTaskPriorityDisinherit)
    xTaskPriorityInherit                     0x08005edd   Thumb Code   112  tasks.o(i.xTaskPriorityInherit)
    xTaskRemoveFromEventList                 0x08005f55   Thumb Code    98  tasks.o(i.xTaskRemoveFromEventList)
    xTaskResumeAll                           0x08005fc5   Thumb Code   182  tasks.o(i.xTaskResumeAll)
    xTimerCreateTimerTask                    0x08006089   Thumb Code    78  timers.o(i.xTimerCreateTimerTask)
    xTimerGenericCommand                     0x080060e9   Thumb Code    98  timers.o(i.xTimerGenericCommand)
    AHBPrescTable                            0x08006150   Data          16  system_stm32f1xx.o(.constdata)
    APBPrescTable                            0x08006160   Data           8  system_stm32f1xx.o(.constdata)
    Region$$Table$$Base                      0x08006168   Number         0  anon$$obj.o(Region$$Table)
    Region$$Table$$Limit                     0x08006188   Number         0  anon$$obj.o(Region$$Table)
    DHT11_Task_Handler                       0x20000000   Data           4  freertos_user.o(.data)
    BMP280_Task_Handler                      0x20000004   Data           4  freertos_user.o(.data)
    xMu_ADC1_MB                              0x20000008   Data           4  freertos_user.o(.data)
    xTimerMutex                              0x2000000c   Data           4  freertos_user.o(.data)
    GP2Y101_Task_Handler                     0x20000010   Data           4  freertos_user.o(.data)
    xI2CMutex                                0x20000014   Data           4  freertos_user.o(.data)
    xDebugQueue                              0x20000018   Data           4  debug.o(.data)
    xUART1Mutex                              0x2000001c   Data           4  debug.o(.data)
    xDebugQueueMutex                         0x20000020   Data           4  debug.o(.data)
    Uart1RxBuf                               0x20000024   Data           1  main.o(.data)
    coreClock_1                              0x20000028   Data           4  main.o(.data)
    coreClock_2                              0x2000002c   Data           4  main.o(.data)
    uwTickFreq                               0x20000030   Data           1  stm32f1xx_hal.o(.data)
    uwTickPrio                               0x20000034   Data           4  stm32f1xx_hal.o(.data)
    uwTick                                   0x20000038   Data           4  stm32f1xx_hal.o(.data)
    SystemCoreClock                          0x2000003c   Data           4  system_stm32f1xx.o(.data)
    Rh_byte1                                 0x20000040   Data           1  dht11.o(.data)
    Rh_byte2                                 0x20000041   Data           1  dht11.o(.data)
    Temp_byte1                               0x20000042   Data           1  dht11.o(.data)
    Temp_byte2                               0x20000043   Data           1  dht11.o(.data)
    SUM                                      0x20000044   Data           2  dht11.o(.data)
    TEMP                                     0x20000046   Data           2  dht11.o(.data)
    RH                                       0x20000048   Data           2  dht11.o(.data)
    Temperature                              0x2000004c   Data           4  dht11.o(.data)
    Humidity                                 0x20000050   Data           4  dht11.o(.data)
    ADC_Store                                0x20000054   Data           4  gp2y101.o(.data)
    pressure                                 0x20000058   Data           4  bmp280.o(.data)
    temperature                              0x2000005c   Data           4  bmp280.o(.data)
    humidity                                 0x20000060   Data           4  bmp280.o(.data)
    pxCurrentTCB                             0x20000064   Data           4  tasks.o(.data)
    pcDebugBuffer                            0x200000d8   Data          50  debug.o(.bss)
    hadc1                                    0x2000010c   Data          48  main.o(.bss)
    hi2c1                                    0x2000013c   Data          84  main.o(.bss)
    hspi2                                    0x20000190   Data          88  main.o(.bss)
    htim2                                    0x200001e8   Data          72  main.o(.bss)
    htim3                                    0x20000230   Data          72  main.o(.bss)
    huart1                                   0x20000278   Data          64  main.o(.bss)
    bmp280                                   0x200002b8   Data          52  main.o(.bss)
    htim1                                    0x200002ec   Data          72  stm32f1xx_hal_timebase_tim.o(.bss)
    xQueueRegistry                           0x20000334   Data          64  queue.o(.bss)
    __initial_sp                             0x200033a8   Data           0  startup_stm32f103xb.o(STACK)



==============================================================================

Memory Map of the image

  Image Entry point : 0x080000ed

  Load Region LR_IROM1 (Base: 0x08000000, Size: 0x00006260, Max: 0x00010000, ABSOLUTE)

    Execution Region ER_IROM1 (Base: 0x08000000, Size: 0x00006188, Max: 0x00010000, ABSOLUTE)

    Base Addr    Size         Type   Attr      Idx    E Section Name        Object

    0x08000000   0x000000ec   Data   RO            3    RESET               startup_stm32f103xb.o
    0x080000ec   0x00000000   Code   RO         5797  * .ARM.Collect$$$$00000000  mc_w.l(entry.o)
    0x080000ec   0x00000004   Code   RO         6095    .ARM.Collect$$$$00000001  mc_w.l(entry2.o)
    0x080000f0   0x00000004   Code   RO         6098    .ARM.Collect$$$$00000004  mc_w.l(entry5.o)
    0x080000f4   0x00000000   Code   RO         6100    .ARM.Collect$$$$00000008  mc_w.l(entry7b.o)
    0x080000f4   0x00000000   Code   RO         6102    .ARM.Collect$$$$0000000A  mc_w.l(entry8b.o)
    0x080000f4   0x00000008   Code   RO         6103    .ARM.Collect$$$$0000000B  mc_w.l(entry9a.o)
    0x080000fc   0x00000000   Code   RO         6105    .ARM.Collect$$$$0000000D  mc_w.l(entry10a.o)
    0x080000fc   0x00000000   Code   RO         6107    .ARM.Collect$$$$0000000F  mc_w.l(entry11a.o)
    0x080000fc   0x00000004   Code   RO         6096    .ARM.Collect$$$$00002712  mc_w.l(entry2.o)
    0x08000100   0x00000096   Code   RO         5720    .emb_text           port.o
    0x08000196   0x00000002   PAD
    0x08000198   0x00000024   Code   RO            4    .text               startup_stm32f103xb.o
    0x080001bc   0x00000062   Code   RO         5800    .text               mc_w.l(ldiv.o)
    0x0800021e   0x00000020   Code   RO         5802    .text               mc_w.l(llushr.o)
    0x0800023e   0x00000024   Code   RO         5804    .text               mc_w.l(memcpya.o)
    0x08000262   0x00000024   Code   RO         5808    .text               mc_w.l(memseta.o)
    0x08000286   0x0000000e   Code   RO         5810    .text               mc_w.l(strlen.o)
    0x08000294   0x00000064   Code   RO         6075    .text               mf_w.l(fmul.o)
    0x080002f8   0x0000007c   Code   RO         6077    .text               mf_w.l(fdiv.o)
    0x08000374   0x00000018   Code   RO         6079    .text               mf_w.l(fscalb.o)
    0x0800038c   0x0000014e   Code   RO         6081    .text               mf_w.l(dadd.o)
    0x080004da   0x000000e4   Code   RO         6083    .text               mf_w.l(dmul.o)
    0x080005be   0x00000012   Code   RO         6085    .text               mf_w.l(fflti.o)
    0x080005d0   0x0000000a   Code   RO         6087    .text               mf_w.l(ffltui.o)
    0x080005da   0x0000001a   Code   RO         6089    .text               mf_w.l(dfltui.o)
    0x080005f4   0x00000026   Code   RO         6091    .text               mf_w.l(f2d.o)
    0x0800061a   0x00000038   Code   RO         6093    .text               mf_w.l(d2f.o)
    0x08000652   0x0000002c   Code   RO         6112    .text               mc_w.l(uidiv.o)
    0x0800067e   0x00000062   Code   RO         6114    .text               mc_w.l(uldiv.o)
    0x080006e0   0x0000001e   Code   RO         6116    .text               mc_w.l(llshl.o)
    0x080006fe   0x00000024   Code   RO         6118    .text               mc_w.l(llsshr.o)
    0x08000722   0x00000000   Code   RO         6120    .text               mc_w.l(iusefp.o)
    0x08000722   0x0000006e   Code   RO         6121    .text               mf_w.l(fepilogue.o)
    0x08000790   0x000000ba   Code   RO         6123    .text               mf_w.l(depilogue.o)
    0x0800084a   0x000000de   Code   RO         6125    .text               mf_w.l(ddiv.o)
    0x08000928   0x00000030   Code   RO         6127    .text               mf_w.l(dfixul.o)
    0x08000958   0x00000030   Code   RO         6129    .text               mf_w.l(cdrcmple.o)
    0x08000988   0x00000024   Code   RO         6131    .text               mc_w.l(init.o)
    0x080009ac   0x0000004c   Code   RO          608    i.ADC_ConversionStop_Disable  stm32f1xx_hal_adc.o
    0x080009f8   0x00000070   Code   RO          612    i.ADC_Enable        stm32f1xx_hal_adc.o
    0x08000a68   0x00000010   Code   RO         4014    i.AQI_LED_OFF       gp2y101.o
    0x08000a78   0x00000010   Code   RO         4015    i.AQI_LED_ON        gp2y101.o
    0x08000a88   0x00000038   Code   RO         4075    i.BMP280_Init       bmp280.o
    0x08000ac0   0x00000114   Code   RO         4076    i.BMP280_Task       bmp280.o
    0x08000bd4   0x00000002   Code   RO          379    i.BusFault_Handler  stm32f1xx_it.o
    0x08000bd6   0x00000002   PAD
    0x08000bd8   0x0000003c   Code   RO         3940    i.DHT11_Check_Response  dht11.o
    0x08000c14   0x000000d0   Code   RO         3941    i.DHT11_Get_Data    dht11.o
    0x08000ce4   0x0000005c   Code   RO         3942    i.DHT11_Read        dht11.o
    0x08000d40   0x00000040   Code   RO         3943    i.DHT11_Start       dht11.o
    0x08000d80   0x000000e4   Code   RO         3944    i.DHT11_Task        dht11.o
    0x08000e64   0x00000038   Code   RO         3945    i.DHT_Delay         dht11.o
    0x08000e9c   0x0000003c   Code   RO         3946    i.DHT_Waiton_ExpectedState  dht11.o
    0x08000ed8   0x00000002   Code   RO          380    i.DebugMon_Handler  stm32f1xx_it.o
    0x08000eda   0x00000002   PAD
    0x08000edc   0x0000003c   Code   RO          209    i.Debug_Print       debug.o
    0x08000f18   0x00000018   Code   RO         4016    i.GP2Y101_Delay     gp2y101.o
    0x08000f30   0x00000090   Code   RO         4017    i.GP2Y101_GetData   gp2y101.o
    0x08000fc0   0x00000020   Code   RO         4018    i.GP2Y101_Init      gp2y101.o
    0x08000fe0   0x00000074   Code   RO         4019    i.GP2Y101_Task      gp2y101.o
    0x08001054   0x000000c8   Code   RO          788    i.HAL_ADCEx_Calibration_Start  stm32f1xx_hal_adc_ex.o
    0x0800111c   0x000000fc   Code   RO          614    i.HAL_ADC_ConfigChannel  stm32f1xx_hal_adc.o
    0x08001218   0x00000006   Code   RO          621    i.HAL_ADC_GetValue  stm32f1xx_hal_adc.o
    0x0800121e   0x00000002   PAD
    0x08001220   0x0000011c   Code   RO          623    i.HAL_ADC_Init      stm32f1xx_hal_adc.o
    0x0800133c   0x00000058   Code   RO          450    i.HAL_ADC_MspInit   stm32f1xx_hal_msp.o
    0x08001394   0x000000c0   Code   RO          629    i.HAL_ADC_Start     stm32f1xx_hal_adc.o
    0x08001454   0x00000034   Code   RO          632    i.HAL_ADC_Stop      stm32f1xx_hal_adc.o
    0x08001488   0x00000098   Code   RO         1264    i.HAL_DMA_Abort_IT  stm32f1xx_hal_dma.o
    0x08001520   0x00000024   Code   RO          891    i.HAL_Delay         stm32f1xx_hal.o
    0x08001544   0x000001e0   Code   RO         1199    i.HAL_GPIO_Init     stm32f1xx_hal_gpio.o
    0x08001724   0x0000000a   Code   RO         1201    i.HAL_GPIO_ReadPin  stm32f1xx_hal_gpio.o
    0x0800172e   0x0000000a   Code   RO         1203    i.HAL_GPIO_WritePin  stm32f1xx_hal_gpio.o
    0x08001738   0x0000000c   Code   RO          895    i.HAL_GetTick       stm32f1xx_hal.o
    0x08001744   0x00000188   Code   RO         1870    i.HAL_I2C_Init      stm32f1xx_hal_i2c.o
    0x080018cc   0x00000250   Code   RO         1888    i.HAL_I2C_Mem_Read  stm32f1xx_hal_i2c.o
    0x08001b1c   0x00000130   Code   RO         1891    i.HAL_I2C_Mem_Write  stm32f1xx_hal_i2c.o
    0x08001c4c   0x0000005c   Code   RO          452    i.HAL_I2C_MspInit   stm32f1xx_hal_msp.o
    0x08001ca8   0x00000010   Code   RO          901    i.HAL_IncTick       stm32f1xx_hal.o
    0x08001cb8   0x00000024   Code   RO          902    i.HAL_Init          stm32f1xx_hal.o
    0x08001cdc   0x00000074   Code   RO          533    i.HAL_InitTick      stm32f1xx_hal_timebase_tim.o
    0x08001d50   0x00000048   Code   RO          453    i.HAL_MspInit       stm32f1xx_hal_msp.o
    0x08001d98   0x0000001a   Code   RO         1359    i.HAL_NVIC_EnableIRQ  stm32f1xx_hal_cortex.o
    0x08001db2   0x00000002   PAD
    0x08001db4   0x00000040   Code   RO         1365    i.HAL_NVIC_SetPriority  stm32f1xx_hal_cortex.o
    0x08001df4   0x00000024   Code   RO         1366    i.HAL_NVIC_SetPriorityGrouping  stm32f1xx_hal_cortex.o
    0x08001e18   0x000000c8   Code   RO         1161    i.HAL_RCCEx_GetPeriphCLKFreq  stm32f1xx_hal_rcc_ex.o
    0x08001ee0   0x000000ec   Code   RO         1162    i.HAL_RCCEx_PeriphCLKConfig  stm32f1xx_hal_rcc_ex.o
    0x08001fcc   0x0000012c   Code   RO         1059    i.HAL_RCC_ClockConfig  stm32f1xx_hal_rcc.o
    0x080020f8   0x00000040   Code   RO         1063    i.HAL_RCC_GetClockConfig  stm32f1xx_hal_rcc.o
    0x08002138   0x00000020   Code   RO         1066    i.HAL_RCC_GetPCLK1Freq  stm32f1xx_hal_rcc.o
    0x08002158   0x00000020   Code   RO         1067    i.HAL_RCC_GetPCLK2Freq  stm32f1xx_hal_rcc.o
    0x08002178   0x0000006c   Code   RO         1068    i.HAL_RCC_GetSysClockFreq  stm32f1xx_hal_rcc.o
    0x080021e4   0x00000320   Code   RO         1071    i.HAL_RCC_OscConfig  stm32f1xx_hal_rcc.o
    0x08002504   0x000000b2   Code   RO         2297    i.HAL_SPI_Init      stm32f1xx_hal_spi.o
    0x080025b6   0x00000002   PAD
    0x080025b8   0x00000074   Code   RO          455    i.HAL_SPI_MspInit   stm32f1xx_hal_msp.o
    0x0800262c   0x00000002   Code   RO         3314    i.HAL_TIMEx_BreakCallback  stm32f1xx_hal_tim_ex.o
    0x0800262e   0x00000002   Code   RO         3315    i.HAL_TIMEx_CommutCallback  stm32f1xx_hal_tim_ex.o
    0x08002630   0x00000068   Code   RO         3333    i.HAL_TIMEx_MasterConfigSynchronization  stm32f1xx_hal_tim_ex.o
    0x08002698   0x0000005a   Code   RO         2610    i.HAL_TIM_Base_Init  stm32f1xx_hal_tim.o
    0x080026f2   0x00000002   PAD
    0x080026f4   0x0000003c   Code   RO          457    i.HAL_TIM_Base_MspInit  stm32f1xx_hal_msp.o
    0x08002730   0x00000050   Code   RO         2613    i.HAL_TIM_Base_Start  stm32f1xx_hal_tim.o
    0x08002780   0x00000058   Code   RO         2615    i.HAL_TIM_Base_Start_IT  stm32f1xx_hal_tim.o
    0x080027d8   0x000000d6   Code   RO         2619    i.HAL_TIM_ConfigClockSource  stm32f1xx_hal_tim.o
    0x080028ae   0x00000002   Code   RO         2644    i.HAL_TIM_IC_CaptureCallback  stm32f1xx_hal_tim.o
    0x080028b0   0x00000166   Code   RO         2658    i.HAL_TIM_IRQHandler  stm32f1xx_hal_tim.o
    0x08002a16   0x00000002   Code   RO         2661    i.HAL_TIM_OC_DelayElapsedCallback  stm32f1xx_hal_tim.o
    0x08002a18   0x00000002   Code   RO         2688    i.HAL_TIM_PWM_PulseFinishedCallback  stm32f1xx_hal_tim.o
    0x08002a1a   0x00000002   PAD
    0x08002a1c   0x00000014   Code   RO          257    i.HAL_TIM_PeriodElapsedCallback  main.o
    0x08002a30   0x00000002   Code   RO         2701    i.HAL_TIM_TriggerCallback  stm32f1xx_hal_tim.o
    0x08002a32   0x00000002   Code   RO         3602    i.HAL_UART_ErrorCallback  stm32f1xx_hal_uart.o
    0x08002a34   0x0000015c   Code   RO         3605    i.HAL_UART_IRQHandler  stm32f1xx_hal_uart.o
    0x08002b90   0x00000062   Code   RO         3606    i.HAL_UART_Init     stm32f1xx_hal_uart.o
    0x08002bf2   0x00000002   PAD
    0x08002bf4   0x00000080   Code   RO          459    i.HAL_UART_MspInit  stm32f1xx_hal_msp.o
    0x08002c74   0x00000052   Code   RO         3611    i.HAL_UART_Receive_IT  stm32f1xx_hal_uart.o
    0x08002cc6   0x00000002   PAD
    0x08002cc8   0x00000034   Code   RO          258    i.HAL_UART_RxCpltCallback  main.o
    0x08002cfc   0x000000b2   Code   RO         3614    i.HAL_UART_Transmit  stm32f1xx_hal_uart.o
    0x08002dae   0x00000002   Code   RO         3617    i.HAL_UART_TxCpltCallback  stm32f1xx_hal_uart.o
    0x08002db0   0x00000002   Code   RO          381    i.HardFault_Handler  stm32f1xx_it.o
    0x08002db2   0x0000002e   Code   RO         1912    i.I2C_IsAcknowledgeFailed  stm32f1xx_hal_i2c.o
    0x08002de0   0x000000fc   Code   RO         1922    i.I2C_RequestMemoryRead  stm32f1xx_hal_i2c.o
    0x08002edc   0x000000a8   Code   RO         1923    i.I2C_RequestMemoryWrite  stm32f1xx_hal_i2c.o
    0x08002f84   0x0000004c   Code   RO         1926    i.I2C_WaitOnBTFFlagUntilTimeout  stm32f1xx_hal_i2c.o
    0x08002fd0   0x00000068   Code   RO         1927    i.I2C_WaitOnFlagUntilTimeout  stm32f1xx_hal_i2c.o
    0x08003038   0x00000096   Code   RO         1928    i.I2C_WaitOnMasterAddressFlagUntilTimeout  stm32f1xx_hal_i2c.o
    0x080030ce   0x00000066   Code   RO         1929    i.I2C_WaitOnRXNEFlagUntilTimeout  stm32f1xx_hal_i2c.o
    0x08003134   0x0000004c   Code   RO         1930    i.I2C_WaitOnTXEFlagUntilTimeout  stm32f1xx_hal_i2c.o
    0x08003180   0x0000004c   Code   RO          259    i.MX_ADC1_Init      main.o
    0x080031cc   0x000000bc   Code   RO          260    i.MX_GPIO_Init      main.o
    0x08003288   0x00000040   Code   RO          261    i.MX_SPI2_Init      main.o
    0x080032c8   0x00000064   Code   RO          262    i.MX_TIM2_Init      main.o
    0x0800332c   0x00000068   Code   RO          263    i.MX_TIM3_Init      main.o
    0x08003394   0x00000044   Code   RO          264    i.MX_USART1_UART_Init  main.o
    0x080033d8   0x00000002   Code   RO          382    i.MemManage_Handler  stm32f1xx_it.o
    0x080033da   0x00000002   Code   RO          383    i.NMI_Handler       stm32f1xx_it.o
    0x080033dc   0x000001e4   Code   RO           13    i.RTOS              freertos_user.o
    0x080035c0   0x00000014   Code   RO         3947    i.Set_Pin_Input     dht11.o
    0x080035d4   0x00000018   Code   RO         3948    i.Set_Pin_Output    dht11.o
    0x080035ec   0x0000002c   Code   RO         5721    i.SysTick_Handler   port.o
    0x08003618   0x00000076   Code   RO          265    i.SystemClock_Config  main.o
    0x0800368e   0x00000002   Code   RO         3903    i.SystemInit        system_stm32f1xx.o
    0x08003690   0x0000000c   Code   RO          384    i.TIM1_UP_IRQHandler  stm32f1xx_it.o
    0x0800369c   0x0000006c   Code   RO         2703    i.TIM_Base_SetConfig  stm32f1xx_hal_tim.o
    0x08003708   0x00000014   Code   RO         2714    i.TIM_ETR_SetConfig  stm32f1xx_hal_tim.o
    0x0800371c   0x00000010   Code   RO         2715    i.TIM_ITRx_SetConfig  stm32f1xx_hal_tim.o
    0x0800372c   0x00000022   Code   RO         2721    i.TIM_TI1_ConfigInputStage  stm32f1xx_hal_tim.o
    0x0800374e   0x00000024   Code   RO         2723    i.TIM_TI2_ConfigInputStage  stm32f1xx_hal_tim.o
    0x08003772   0x00000010   Code   RO         3619    i.UART_DMAAbortOnError  stm32f1xx_hal_uart.o
    0x08003782   0x0000001c   Code   RO         3629    i.UART_EndRxTransfer  stm32f1xx_hal_uart.o
    0x0800379e   0x0000008c   Code   RO         3631    i.UART_Receive_IT   stm32f1xx_hal_uart.o
    0x0800382a   0x00000002   PAD
    0x0800382c   0x000000b8   Code   RO         3632    i.UART_SetConfig    stm32f1xx_hal_uart.o
    0x080038e4   0x00000064   Code   RO         3633    i.UART_WaitOnFlagUntilTimeout  stm32f1xx_hal_uart.o
    0x08003948   0x0000000c   Code   RO          385    i.USART1_IRQHandler  stm32f1xx_it.o
    0x08003954   0x00000002   Code   RO          386    i.UsageFault_Handler  stm32f1xx_it.o
    0x08003956   0x00000002   PAD
    0x08003958   0x00000028   Code   RO         6049    i.__0sprintf        mc_w.l(printfa.o)
    0x08003980   0x00000020   Code   RO         1372    i.__NVIC_SetPriority  stm32f1xx_hal_cortex.o
    0x080039a0   0x0000000e   Code   RO         6137    i.__scatterload_copy  mc_w.l(handlers.o)
    0x080039ae   0x00000002   Code   RO         6138    i.__scatterload_null  mc_w.l(handlers.o)
    0x080039b0   0x0000000e   Code   RO         6139    i.__scatterload_zeroinit  mc_w.l(handlers.o)
    0x080039be   0x00000002   PAD
    0x080039c0   0x00000164   Code   RO         6054    i._fp_digits        mc_w.l(printfa.o)
    0x08003b24   0x000006dc   Code   RO         6055    i._printf_core      mc_w.l(printfa.o)
    0x08004200   0x00000024   Code   RO         6056    i._printf_post_padding  mc_w.l(printfa.o)
    0x08004224   0x0000002e   Code   RO         6057    i._printf_pre_padding  mc_w.l(printfa.o)
    0x08004252   0x0000000a   Code   RO         6059    i._sputc            mc_w.l(printfa.o)
    0x0800425c   0x000000c8   Code   RO         4078    i.bmp280_init       bmp280.o
    0x08004324   0x00000012   Code   RO         4079    i.bmp280_init_default_params  bmp280.o
    0x08004336   0x0000010e   Code   RO         4081    i.bmp280_read_fixed  bmp280.o
    0x08004444   0x00000054   Code   RO         4082    i.bmp280_read_float  bmp280.o
    0x08004498   0x0000015c   Code   RO         4083    i.compensate_pressure  bmp280.o
    0x080045f4   0x00000090   Code   RO          266    i.main              main.o
    0x08004684   0x0000005c   Code   RO         4749    i.prvAddCurrentTaskToDelayedList  tasks.o
    0x080046e0   0x000000d0   Code   RO         4750    i.prvAddNewTaskToReadyList  tasks.o
    0x080047b0   0x00000058   Code   RO         5099    i.prvCheckForValidListAndQueue  timers.o
    0x08004808   0x00000026   Code   RO         4355    i.prvCopyDataFromQueue  queue.o
    0x0800482e   0x0000006c   Code   RO         4356    i.prvCopyDataToQueue  queue.o
    0x0800489a   0x00000002   PAD
    0x0800489c   0x00000020   Code   RO          211    i.prvDebug_Task     debug.o
    0x080048bc   0x00000034   Code   RO         4751    i.prvDeleteTCB      tasks.o
    0x080048f0   0x0000004c   Code   RO         5671    i.prvHeapInit       heap_4.o
    0x0800493c   0x00000060   Code   RO         4752    i.prvIdleTask       tasks.o
    0x0800499c   0x00000016   Code   RO         4357    i.prvInitialiseMutex  queue.o
    0x080049b2   0x00000002   PAD
    0x080049b4   0x00000022   Code   RO         4358    i.prvInitialiseNewQueue  queue.o
    0x080049d6   0x0000009c   Code   RO         4753    i.prvInitialiseNewTask  tasks.o
    0x08004a72   0x00000002   PAD
    0x08004a74   0x0000004c   Code   RO         5672    i.prvInsertBlockIntoFreeList  heap_4.o
    0x08004ac0   0x00000038   Code   RO         5101    i.prvInsertTimerInActiveList  timers.o
    0x08004af8   0x0000001c   Code   RO         4359    i.prvIsQueueEmpty   queue.o
    0x08004b14   0x000000cc   Code   RO         5102    i.prvProcessReceivedCommands  timers.o
    0x08004be0   0x000000b4   Code   RO         5103    i.prvProcessTimerOrBlockTask  timers.o
    0x08004c94   0x00000020   Code   RO         4755    i.prvResetNextTaskUnblockTime  tasks.o
    0x08004cb4   0x00000028   Code   RO         5104    i.prvSampleTimeNow  timers.o
    0x08004cdc   0x0000006c   Code   RO         5105    i.prvSwitchTimerLists  timers.o
    0x08004d48   0x00000028   Code   RO         5722    i.prvTaskExitError  port.o
    0x08004d70   0x00000024   Code   RO         5106    i.prvTimerTask      timers.o
    0x08004d94   0x0000006a   Code   RO         4360    i.prvUnlockQueue    queue.o
    0x08004dfe   0x00000002   PAD
    0x08004e00   0x000000d8   Code   RO         5673    i.pvPortMalloc      heap_4.o
    0x08004ed8   0x00000018   Code   RO         4758    i.pvTaskIncrementMutexHeldCount  tasks.o
    0x08004ef0   0x00000024   Code   RO         5723    i.pxPortInitialiseStack  port.o
    0x08004f14   0x000000b0   Code   RO         4084    i.read_calibration_data  bmp280.o
    0x08004fc4   0x0000002a   Code   RO         4085    i.read_data         bmp280.o
    0x08004fee   0x00000078   Code   RO         4086    i.read_hum_calibration_data  bmp280.o
    0x08005066   0x00000038   Code   RO         4087    i.read_register16   bmp280.o
    0x0800509e   0x00000026   Code   RO         4315    i.uxListRemove      list.o
    0x080050c4   0x00000014   Code   RO         5316    i.vApplicationGetIdleTaskMemory  cmsis_os2.o
    0x080050d8   0x00000018   Code   RO         5317    i.vApplicationGetTimerTaskMemory  cmsis_os2.o
    0x080050f0   0x00000016   Code   RO         4316    i.vListInitialise   list.o
    0x08005106   0x00000006   Code   RO         4317    i.vListInitialiseItem  list.o
    0x0800510c   0x00000030   Code   RO         4318    i.vListInsert       list.o
    0x0800513c   0x00000018   Code   RO         4319    i.vListInsertEnd    list.o
    0x08005154   0x00000040   Code   RO         5725    i.vPortEnterCritical  port.o
    0x08005194   0x00000028   Code   RO         5726    i.vPortExitCritical  port.o
    0x080051bc   0x0000005c   Code   RO         5674    i.vPortFree         heap_4.o
    0x08005218   0x00000024   Code   RO         5727    i.vPortSetupTimerInterrupt  port.o
    0x0800523c   0x00000054   Code   RO         5728    i.vPortValidateInterruptPriority  port.o
    0x08005290   0x00000028   Code   RO         4366    i.vQueueAddToRegistry  queue.o
    0x080052b8   0x00000044   Code   RO         4370    i.vQueueWaitForMessageRestricted  queue.o
    0x080052fc   0x0000004c   Code   RO         4767    i.vTaskDelay        tasks.o
    0x08005348   0x00000010   Code   RO         4772    i.vTaskInternalSetTimeOutState  tasks.o
    0x08005358   0x0000000c   Code   RO         4773    i.vTaskMissedYield  tasks.o
    0x08005364   0x00000030   Code   RO         4775    i.vTaskPlaceOnEventList  tasks.o
    0x08005394   0x00000038   Code   RO         4776    i.vTaskPlaceOnEventListRestricted  tasks.o
    0x080053cc   0x00000090   Code   RO         4778    i.vTaskPriorityDisinheritAfterTimeout  tasks.o
    0x0800545c   0x00000088   Code   RO         4784    i.vTaskStartScheduler  tasks.o
    0x080054e4   0x00000010   Code   RO         4786    i.vTaskSuspendAll   tasks.o
    0x080054f4   0x00000064   Code   RO         4787    i.vTaskSwitchContext  tasks.o
    0x08005558   0x0000002e   Code   RO         4088    i.write_register8   bmp280.o
    0x08005586   0x00000002   PAD
    0x08005588   0x000000a8   Code   RO         5729    i.xPortStartScheduler  port.o
    0x08005630   0x00000016   Code   RO         4373    i.xQueueCreateMutex  queue.o
    0x08005646   0x00000048   Code   RO         4375    i.xQueueGenericCreate  queue.o
    0x0800568e   0x00000066   Code   RO         4376    i.xQueueGenericCreateStatic  queue.o
    0x080056f4   0x00000088   Code   RO         4377    i.xQueueGenericReset  queue.o
    0x0800577c   0x00000160   Code   RO         4378    i.xQueueGenericSend  queue.o
    0x080058dc   0x000000bc   Code   RO         4379    i.xQueueGenericSendFromISR  queue.o
    0x08005998   0x00000138   Code   RO         4388    i.xQueueReceive     queue.o
    0x08005ad0   0x00000178   Code   RO         4390    i.xQueueSemaphoreTake  queue.o
    0x08005c48   0x00000074   Code   RO         4788    i.xTaskCheckForTimeOut  tasks.o
    0x08005cbc   0x0000005a   Code   RO         4789    i.xTaskCreate       tasks.o
    0x08005d16   0x00000056   Code   RO         4790    i.xTaskCreateStatic  tasks.o
    0x08005d6c   0x0000001c   Code   RO         4794    i.xTaskGetSchedulerState  tasks.o
    0x08005d88   0x0000000c   Code   RO         4795    i.xTaskGetTickCount  tasks.o
    0x08005d94   0x000000c8   Code   RO         4797    i.xTaskIncrementTick  tasks.o
    0x08005e5c   0x00000080   Code   RO         4800    i.xTaskPriorityDisinherit  tasks.o
    0x08005edc   0x00000078   Code   RO         4801    i.xTaskPriorityInherit  tasks.o
    0x08005f54   0x00000070   Code   RO         4802    i.xTaskRemoveFromEventList  tasks.o
    0x08005fc4   0x000000c4   Code   RO         4803    i.xTaskResumeAll    tasks.o
    0x08006088   0x00000060   Code   RO         5113    i.xTimerCreateTimerTask  timers.o
    0x080060e8   0x00000068   Code   RO         5114    i.xTimerGenericCommand  timers.o
    0x08006150   0x00000010   Data   RO         3904    .constdata          system_stm32f1xx.o
    0x08006160   0x00000008   Data   RO         3905    .constdata          system_stm32f1xx.o
    0x08006168   0x00000020   Data   RO         6135    Region$$Table       anon$$obj.o


    Execution Region RW_IRAM1 (Base: 0x20000000, Size: 0x000033a8, Max: 0x00005000, ABSOLUTE)

    Base Addr    Size         Type   Attr      Idx    E Section Name        Object

    0x20000000   0x00000018   Data   RW           15    .data               freertos_user.o
    0x20000018   0x00000008   Data   RW          214    .data               debug.o
    0x20000020   0x00000004   Data   RW          215    .data               debug.o
    0x20000024   0x0000000c   Data   RW          269    .data               main.o
    0x20000030   0x0000000c   Data   RW          909    .data               stm32f1xx_hal.o
    0x2000003c   0x00000004   Data   RW         3906    .data               system_stm32f1xx.o
    0x20000040   0x00000014   Data   RW         3949    .data               dht11.o
    0x20000054   0x00000004   Data   RW         4021    .data               gp2y101.o
    0x20000058   0x0000000c   Data   RW         4089    .data               bmp280.o
    0x20000064   0x0000003c   Data   RW         4806    .data               tasks.o
    0x200000a0   0x00000014   Data   RW         5122    .data               timers.o
    0x200000b4   0x00000018   Data   RW         5679    .data               heap_4.o
    0x200000cc   0x0000000c   Data   RW         5730    .data               port.o
    0x200000d8   0x00000032   Zero   RW          212    .bss                debug.o
    0x2000010a   0x00000002   PAD
    0x2000010c   0x000001ac   Zero   RW          267    .bss                main.o
    0x200002b8   0x00000034   Zero   RW          268    .bss                main.o
    0x200002ec   0x00000048   Zero   RW          536    .bss                stm32f1xx_hal_timebase_tim.o
    0x20000334   0x00000040   Zero   RW         4392    .bss                queue.o
    0x20000374   0x000004c4   Zero   RW         4805    .bss                tasks.o
    0x20000838   0x00000118   Zero   RW         5121    .bss                timers.o
    0x20000950   0x000006b8   Zero   RW         5318    .bss                cmsis_os2.o
    0x20001008   0x00001fa0   Zero   RW         5678    .bss                heap_4.o
    0x20002fa8   0x00000400   Zero   RW            1    STACK               startup_stm32f103xb.o


==============================================================================

Image component sizes


      Code (inc. data)   RO Data    RW Data    ZI Data      Debug   Object Name

      1692        128          0         12          0      11787   bmp280.o
        44         10          0          0       1720       7445   cmsis_os2.o
        92         14          0         12         50       2451   debug.o
       812        104          0         20          0       7151   dht11.o
         0          0          0          0          0      18012   event_groups.o
       484        208          0         24          0     480427   freertos_user.o
       348         86          0          4          0       4513   gp2y101.o
       460         24          0         24       8096       5147   heap_4.o
       138          0          0          0          0       3870   list.o
       934        102          0         12        480      10052   main.o
       662         70          0         12          0      11769   port.o
      2004         24          0          0         64      19780   queue.o
        36          8        236          0       1024        884   startup_stm32f103xb.o
       100         18          0         12          0       5802   stm32f1xx_hal.o
       974         40          0          0          0       6735   stm32f1xx_hal_adc.o
       200          6          0          0          0       1574   stm32f1xx_hal_adc_ex.o
       158         14          0          0          0      28578   stm32f1xx_hal_cortex.o
       152          4          0          0          0       1263   stm32f1xx_hal_dma.o
       500         34          0          0          0       3839   stm32f1xx_hal_gpio.o
      2262         56          0          0          0      13706   stm32f1xx_hal_i2c.o
       556         68          0          0          0       4794   stm32f1xx_hal_msp.o
      1336        110          0          0          0       6373   stm32f1xx_hal_rcc.o
       436         46          0          0          0       2769   stm32f1xx_hal_rcc_ex.o
       178          0          0          0          0       1391   stm32f1xx_hal_spi.o
      1052         40          0          0          0      11510   stm32f1xx_hal_tim.o
       108         12          0          0          0       2689   stm32f1xx_hal_tim_ex.o
       116         18          0          0         72       1659   stm32f1xx_hal_timebase_tim.o
      1178         10          0          0          0       9927   stm32f1xx_hal_uart.o
        36         12          0          0          0       4098   stm32f1xx_it.o
         0          0          0          0          0       8972   stream_buffer.o
         2          0         24          4          0       1359   system_stm32f1xx.o
      2352        194          0         60       1220      27941   tasks.o
       912         82          0         20        280      27183   timers.o

    ----------------------------------------------------------------------
     20348       1542        292        216      13008     755450   Object Totals
         0          0         32          0          0          0   (incl. Generated)
        34          0          0          0          2          0   (incl. Padding)

    ----------------------------------------------------------------------

      Code (inc. data)   RO Data    RW Data    ZI Data      Debug   Library Member Name

         0          0          0          0          0          0   entry.o
         0          0          0          0          0          0   entry10a.o
         0          0          0          0          0          0   entry11a.o
         8          4          0          0          0          0   entry2.o
         4          0          0          0          0          0   entry5.o
         0          0          0          0          0          0   entry7b.o
         0          0          0          0          0          0   entry8b.o
         8          4          0          0          0          0   entry9a.o
        30          0          0          0          0          0   handlers.o
        36          8          0          0          0         68   init.o
         0          0          0          0          0          0   iusefp.o
        98          0          0          0          0         84   ldiv.o
        30          0          0          0          0         68   llshl.o
        36          0          0          0          0         68   llsshr.o
        32          0          0          0          0         68   llushr.o
        36          0          0          0          0         68   memcpya.o
        36          0          0          0          0        108   memseta.o
      2244         86          0          0          0        512   printfa.o
        14          0          0          0          0         68   strlen.o
        44          0          0          0          0         80   uidiv.o
        98          0          0          0          0         92   uldiv.o
        48          0          0          0          0         68   cdrcmple.o
        56          0          0          0          0         88   d2f.o
       334          0          0          0          0        148   dadd.o
       222          0          0          0          0        100   ddiv.o
       186          0          0          0          0        176   depilogue.o
        48          0          0          0          0         68   dfixul.o
        26          0          0          0          0         76   dfltui.o
       228          0          0          0          0         96   dmul.o
        38          0          0          0          0         68   f2d.o
       124          0          0          0          0         88   fdiv.o
       110          0          0          0          0        168   fepilogue.o
        18          0          0          0          0         68   fflti.o
        10          0          0          0          0         68   ffltui.o
       100          0          0          0          0         76   fmul.o
        24          0          0          0          0         68   fscalb.o

    ----------------------------------------------------------------------
      4328        102          0          0          0       2708   Library Totals
         2          0          0          0          0          0   (incl. Padding)

    ----------------------------------------------------------------------

      Code (inc. data)   RO Data    RW Data    ZI Data      Debug   Library Name

      2754        102          0          0          0       1284   mc_w.l
      1572          0          0          0          0       1424   mf_w.l

    ----------------------------------------------------------------------
      4328        102          0          0          0       2708   Library Totals

    ----------------------------------------------------------------------

==============================================================================


      Code (inc. data)   RO Data    RW Data    ZI Data      Debug   

     24676       1644        292        216      13008     746818   Grand Totals
     24676       1644        292        216      13008     746818   ELF Image Totals
     24676       1644        292        216          0          0   ROM Totals

==============================================================================

    Total RO  Size (Code + RO Data)                24968 (  24.38kB)
    Total RW  Size (RW Data + ZI Data)             13224 (  12.91kB)
    Total ROM Size (Code + RO Data + RW Data)      25184 (  24.59kB)

==============================================================================

