<html>
<body>
<pre>
<h1>µVision Build Log</h1>
<h2>Tool Versions:</h2>
IDE-Version: µVision V5.20.0.0
Copyright (C) 2016 ARM Ltd and ARM Germany GmbH. All rights reserved.
License Information: rohit sangale, bluestar, LIC=----
 
Tool Versions:
Toolchain:       MDK-Lite  Version: 5.20
Toolchain Path:  C:\Keil_v5\ARM\ARMCC\Bin
C Compiler:      Armcc.exe V5.06 update 2 (build 183)
Assembler:       Armasm.exe V5.06 update 2 (build 183)
Linker/Locator:  ArmLink.exe V5.06 update 2 (build 183)
Library Manager: ArmAr.exe V5.06 update 2 (build 183)
Hex Converter:   FromElf.exe V5.06 update 2 (build 183)
CPU DLL:         SARMCM3.DLL V5.20
Dialog DLL:      DCM.DLL V1.13.7.0
Target DLL:      STLink\ST-LINKIII-KEIL_SWO.dll V2.0.18.0
Dialog DLL:      TCM.DLL V1.14.9.0
 
<h2>Project:</h2>
C:\Users\rohirto\Desktop\rohirto\Weather Monitoring Station\Weather-Monitoring-Station-STM32\STM32F1\source code\Weather_Monitoring\MDK-ARM\Weather_Monitoring.uvprojx
Project File Date:  11/30/2020

<h2>Output:</h2>
*** Using Compiler 'V5.06 update 2 (build 183)', folder: 'C:\Keil_v5\ARM\ARMCC\Bin'
Build target 'Weather_Monitoring'
compiling freertos_user.c...
..\User\inc\sensors.h(38): warning:  #1-D: last line of file ends without a newline
  	
..\User\inc\debug.h(35): warning:  #1-D: last line of file ends without a newline
  	
..\User\src\freertos_user.c(72): warning:  #177-D: variable "debug_messagePtr" was declared but never referenced
  	uint8_t* debug_messagePtr;
..\User\src\freertos_user.c: 3 warnings, 0 errors
compiling DHT11.c...
..\User\inc\sensors.h(38): warning:  #1-D: last line of file ends without a newline
  	
..\User\inc\debug.h(35): warning:  #1-D: last line of file ends without a newline
  	
..\User\src\DHT11.c(40): warning:  #177-D: variable "Status" was declared but never referenced
  	HAL_StatusTypeDef Status;
..\User\src\DHT11.c(142): warning:  #188-D: enumerated type mixed with another type
  	return Response;
..\User\src\DHT11.c: 4 warnings, 0 errors
linking...
Program Size: Code=19840 RO-data=292 RW-data=176 ZI-data=8216  
FromELF: creating hex file...
"Weather_Monitoring\Weather_Monitoring.axf" - 0 Error(s), 7 Warning(s).

<h2>Software Packages used:</h2>

Package Vendor: ARM
                http://www.keil.com/pack/ARM.CMSIS.5.0.0-Beta4.pack
                ARM::CMSIS:CORE:5.0.0
                CMSIS (Cortex Microcontroller Software Interface Standard)
   * Component: CORE Version: 5.0.0

<h2>Collection of Component include folders:</h2>
  C:\Users\rohirto\Desktop\rohirto\Weather Monitoring Station\Weather-Monitoring-Station-STM32\STM32F1\source code\Weather_Monitoring\MDK-ARM\RTE
  C:\Keil_v5\ARM\PACK\ARM\CMSIS\5.0.0-Beta4\CMSIS\Include
  C:\Keil_v5\ARM\PACK\Keil\STM32F1xx_DFP\2.1.0\Device\Include

<h2>Collection of Component Files used:</h2>

   * Component: ARM::CMSIS:CORE:5.0.0
Build Time Elapsed:  00:00:07
</pre>
</body>
</html>
